[2024-12-11T16:04:02.835+0100][gc,heap] Heap region size: 1M
[2024-12-11T16:04:02.891+0100][gc     ] Using G1
[2024-12-11T16:04:02.891+0100][gc,heap,coops] Heap address: 0x00000000c0000000, size: 1024 MB, Compressed Oops mode: 32-bit
[2024-12-11T16:04:02.893+0100][gc,cds       ] Mark closed archive regions in map: [0x00000000fff00000, 0x00000000fff6aff8]
[2024-12-11T16:04:02.893+0100][gc,cds       ] Mark open archive regions in map: [0x00000000ffe00000, 0x00000000ffe47ff8]
[2024-12-11T16:04:05.013+0100][gc,start     ] GC(0) Pause Young (Normal) (G1 Evacuation Pause)
[2024-12-11T16:04:05.018+0100][gc,task      ] GC(0) Using 4 workers of 4 for evacuation
[2024-12-11T16:04:05.073+0100][gc,mmu       ] GC(0) MMU target violated: 21,0ms (20,0ms/21,0ms)
[2024-12-11T16:04:05.073+0100][gc,phases    ] GC(0)   Pre Evacuate Collection Set: 0,0ms
[2024-12-11T16:04:05.073+0100][gc,phases    ] GC(0)   Evacuate Collection Set: 31,1ms
[2024-12-11T16:04:05.073+0100][gc,phases    ] GC(0)   Post Evacuate Collection Set: 23,3ms
[2024-12-11T16:04:05.073+0100][gc,phases    ] GC(0)   Other: 5,5ms
[2024-12-11T16:04:05.073+0100][gc,heap      ] GC(0) Eden regions: 51->0(44)
[2024-12-11T16:04:05.073+0100][gc,heap      ] GC(0) Survivor regions: 0->7(7)
[2024-12-11T16:04:05.073+0100][gc,heap      ] GC(0) Old regions: 2->2
[2024-12-11T16:04:05.073+0100][gc,heap      ] GC(0) Humongous regions: 0->0
[2024-12-11T16:04:05.073+0100][gc,metaspace ] GC(0) Metaspace: 14446K(15104K)->14446K(15104K) NonClass: 12433K(12800K)->12433K(12800K) Class: 2012K(2304K)->2012K(2304K)
[2024-12-11T16:04:05.073+0100][gc           ] GC(0) Pause Young (Normal) (G1 Evacuation Pause) 51M->7M(1024M) 60,044ms
[2024-12-11T16:04:05.073+0100][gc,cpu       ] GC(0) User=0,04s Sys=0,05s Real=0,06s
[2024-12-11T16:04:06.351+0100][gc,start     ] GC(1) Pause Young (Concurrent Start) (Metadata GC Threshold)
[2024-12-11T16:04:06.351+0100][gc,task      ] GC(1) Using 4 workers of 4 for evacuation
[2024-12-11T16:04:06.378+0100][gc,mmu       ] GC(1) MMU target violated: 21,0ms (20,0ms/21,0ms)
[2024-12-11T16:04:06.378+0100][gc,phases    ] GC(1)   Pre Evacuate Collection Set: 0,1ms
[2024-12-11T16:04:06.378+0100][gc,phases    ] GC(1)   Evacuate Collection Set: 25,4ms
[2024-12-11T16:04:06.378+0100][gc,phases    ] GC(1)   Post Evacuate Collection Set: 1,5ms
[2024-12-11T16:04:06.378+0100][gc,phases    ] GC(1)   Other: 0,5ms
[2024-12-11T16:04:06.378+0100][gc,heap      ] GC(1) Eden regions: 26->0(49)
[2024-12-11T16:04:06.378+0100][gc,heap      ] GC(1) Survivor regions: 7->2(7)
[2024-12-11T16:04:06.378+0100][gc,heap      ] GC(1) Old regions: 2->9
[2024-12-11T16:04:06.378+0100][gc,heap      ] GC(1) Humongous regions: 0->0
[2024-12-11T16:04:06.378+0100][gc,metaspace ] GC(1) Metaspace: 20594K(21248K)->20594K(21248K) NonClass: 17792K(18176K)->17792K(18176K) Class: 2801K(3072K)->2801K(3072K)
[2024-12-11T16:04:06.378+0100][gc           ] GC(1) Pause Young (Concurrent Start) (Metadata GC Threshold) 33M->8M(1024M) 27,459ms
[2024-12-11T16:04:06.378+0100][gc,cpu       ] GC(1) User=0,02s Sys=0,04s Real=0,03s
[2024-12-11T16:04:06.379+0100][gc           ] GC(2) Concurrent Cycle
[2024-12-11T16:04:06.379+0100][gc,marking   ] GC(2) Concurrent Clear Claimed Marks
[2024-12-11T16:04:06.379+0100][gc,marking   ] GC(2) Concurrent Clear Claimed Marks 0,051ms
[2024-12-11T16:04:06.379+0100][gc,marking   ] GC(2) Concurrent Scan Root Regions
[2024-12-11T16:04:06.381+0100][gc,marking   ] GC(2) Concurrent Scan Root Regions 2,070ms
[2024-12-11T16:04:06.381+0100][gc,marking   ] GC(2) Concurrent Mark (3,554s)
[2024-12-11T16:04:06.381+0100][gc,marking   ] GC(2) Concurrent Mark From Roots
[2024-12-11T16:04:06.381+0100][gc,task      ] GC(2) Using 1 workers of 1 for marking
[2024-12-11T16:04:06.390+0100][gc,marking   ] GC(2) Concurrent Mark From Roots 9,173ms
[2024-12-11T16:04:06.390+0100][gc,marking   ] GC(2) Concurrent Preclean
[2024-12-11T16:04:06.390+0100][gc,marking   ] GC(2) Concurrent Preclean 0,122ms
[2024-12-11T16:04:06.390+0100][gc,marking   ] GC(2) Concurrent Mark (3,554s, 3,563s) 9,344ms
[2024-12-11T16:04:06.391+0100][gc,start     ] GC(2) Pause Remark
[2024-12-11T16:04:06.400+0100][gc,stringtable] GC(2) Cleaned string and symbol table, strings: 5173 processed, 0 removed, symbols: 52420 processed, 60 removed
[2024-12-11T16:04:06.403+0100][gc            ] GC(2) Pause Remark 8M->8M(1024M) 11,945ms
[2024-12-11T16:04:06.403+0100][gc,cpu        ] GC(2) User=0,01s Sys=0,01s Real=0,01s
[2024-12-11T16:04:06.404+0100][gc,marking    ] GC(2) Concurrent Rebuild Remembered Sets
[2024-12-11T16:04:06.412+0100][gc,marking    ] GC(2) Concurrent Rebuild Remembered Sets 8,202ms
[2024-12-11T16:04:06.414+0100][gc,start      ] GC(2) Pause Cleanup
[2024-12-11T16:04:06.415+0100][gc            ] GC(2) Pause Cleanup 9M->9M(1024M) 1,159ms
[2024-12-11T16:04:06.415+0100][gc,cpu        ] GC(2) User=0,00s Sys=0,00s Real=0,00s
[2024-12-11T16:04:06.416+0100][gc,marking    ] GC(2) Concurrent Cleanup for Next Mark
[2024-12-11T16:04:06.544+0100][gc,marking    ] GC(2) Concurrent Cleanup for Next Mark 128,261ms
[2024-12-11T16:04:06.544+0100][gc            ] GC(2) Concurrent Cycle 165,734ms
[2024-12-11T16:04:08.369+0100][gc,start      ] GC(3) Pause Young (Normal) (G1 Evacuation Pause)
[2024-12-11T16:04:08.369+0100][gc,task       ] GC(3) Using 4 workers of 4 for evacuation
[2024-12-11T16:04:08.392+0100][gc,mmu        ] GC(3) MMU target violated: 21,0ms (20,0ms/21,0ms)
[2024-12-11T16:04:08.392+0100][gc,phases     ] GC(3)   Pre Evacuate Collection Set: 0,1ms
[2024-12-11T16:04:08.392+0100][gc,phases     ] GC(3)   Evacuate Collection Set: 10,2ms
[2024-12-11T16:04:08.392+0100][gc,phases     ] GC(3)   Post Evacuate Collection Set: 12,6ms
[2024-12-11T16:04:08.392+0100][gc,phases     ] GC(3)   Other: 0,4ms
[2024-12-11T16:04:08.392+0100][gc,heap       ] GC(3) Eden regions: 49->0(46)
[2024-12-11T16:04:08.393+0100][gc,heap       ] GC(3) Survivor regions: 2->5(7)
[2024-12-11T16:04:08.393+0100][gc,heap       ] GC(3) Old regions: 9->9
[2024-12-11T16:04:08.393+0100][gc,heap       ] GC(3) Humongous regions: 129->129
[2024-12-11T16:04:08.393+0100][gc,metaspace  ] GC(3) Metaspace: 28682K(29824K)->28682K(29824K) NonClass: 24979K(25600K)->24979K(25600K) Class: 3703K(4224K)->3703K(4224K)
[2024-12-11T16:04:08.393+0100][gc            ] GC(3) Pause Young (Normal) (G1 Evacuation Pause) 186M->140M(1024M) 23,294ms
[2024-12-11T16:04:08.393+0100][gc,cpu        ] GC(3) User=0,01s Sys=0,01s Real=0,02s
[2024-12-11T16:04:09.733+0100][gc,start      ] GC(4) Pause Young (Concurrent Start) (Metadata GC Threshold)
[2024-12-11T16:04:09.733+0100][gc,task       ] GC(4) Using 4 workers of 4 for evacuation
[2024-12-11T16:04:09.746+0100][gc,phases     ] GC(4)   Pre Evacuate Collection Set: 0,2ms
[2024-12-11T16:04:09.746+0100][gc,phases     ] GC(4)   Evacuate Collection Set: 10,7ms
[2024-12-11T16:04:09.746+0100][gc,phases     ] GC(4)   Post Evacuate Collection Set: 1,8ms
[2024-12-11T16:04:09.746+0100][gc,phases     ] GC(4)   Other: 0,4ms
[2024-12-11T16:04:09.746+0100][gc,heap       ] GC(4) Eden regions: 30->0(45)
[2024-12-11T16:04:09.746+0100][gc,heap       ] GC(4) Survivor regions: 5->6(7)
[2024-12-11T16:04:09.746+0100][gc,heap       ] GC(4) Old regions: 9->10
[2024-12-11T16:04:09.746+0100][gc,heap       ] GC(4) Humongous regions: 129->129
[2024-12-11T16:04:09.746+0100][gc,metaspace  ] GC(4) Metaspace: 34463K(35840K)->34463K(35840K) NonClass: 30083K(30848K)->30083K(30848K) Class: 4380K(4992K)->4380K(4992K)
[2024-12-11T16:04:09.746+0100][gc            ] GC(4) Pause Young (Concurrent Start) (Metadata GC Threshold) 170M->142M(1024M) 13,062ms
[2024-12-11T16:04:09.746+0100][gc,cpu        ] GC(4) User=0,02s Sys=0,03s Real=0,01s
[2024-12-11T16:04:09.746+0100][gc            ] GC(5) Concurrent Cycle
[2024-12-11T16:04:09.746+0100][gc,marking    ] GC(5) Concurrent Clear Claimed Marks
[2024-12-11T16:04:09.746+0100][gc,marking    ] GC(5) Concurrent Clear Claimed Marks 0,088ms
[2024-12-11T16:04:09.746+0100][gc,marking    ] GC(5) Concurrent Scan Root Regions
[2024-12-11T16:04:09.754+0100][gc,marking    ] GC(5) Concurrent Scan Root Regions 7,505ms
[2024-12-11T16:04:09.754+0100][gc,marking    ] GC(5) Concurrent Mark (6,927s)
[2024-12-11T16:04:09.754+0100][gc,marking    ] GC(5) Concurrent Mark From Roots
[2024-12-11T16:04:09.754+0100][gc,task       ] GC(5) Using 1 workers of 1 for marking
[2024-12-11T16:04:09.787+0100][gc,marking    ] GC(5) Concurrent Mark From Roots 33,739ms
[2024-12-11T16:04:09.788+0100][gc,marking    ] GC(5) Concurrent Preclean
[2024-12-11T16:04:09.788+0100][gc,marking    ] GC(5) Concurrent Preclean 0,093ms
[2024-12-11T16:04:09.788+0100][gc,marking    ] GC(5) Concurrent Mark (6,927s, 6,961s) 33,899ms
[2024-12-11T16:04:09.805+0100][gc,start      ] GC(5) Pause Remark
[2024-12-11T16:04:09.810+0100][gc,stringtable] GC(5) Cleaned string and symbol table, strings: 10539 processed, 13 removed, symbols: 84431 processed, 16 removed
[2024-12-11T16:04:09.811+0100][gc            ] GC(5) Pause Remark 143M->143M(1024M) 6,535ms
[2024-12-11T16:04:09.811+0100][gc,cpu        ] GC(5) User=0,01s Sys=0,00s Real=0,01s
[2024-12-11T16:04:09.811+0100][gc,marking    ] GC(5) Concurrent Rebuild Remembered Sets
[2024-12-11T16:04:09.832+0100][gc,marking    ] GC(5) Concurrent Rebuild Remembered Sets 20,294ms
[2024-12-11T16:04:09.833+0100][gc,start      ] GC(5) Pause Cleanup
[2024-12-11T16:04:09.834+0100][gc            ] GC(5) Pause Cleanup 145M->145M(1024M) 1,259ms
[2024-12-11T16:04:09.834+0100][gc,cpu        ] GC(5) User=0,01s Sys=0,00s Real=0,00s
[2024-12-11T16:04:09.834+0100][gc,marking    ] GC(5) Concurrent Cleanup for Next Mark
[2024-12-11T16:04:10.011+0100][gc,marking    ] GC(5) Concurrent Cleanup for Next Mark 176,769ms
[2024-12-11T16:04:10.011+0100][gc            ] GC(5) Concurrent Cycle 265,170ms
[2024-12-11T16:19:41.878+0100][gc,start      ] GC(6) Pause Young (Normal) (G1 Evacuation Pause)
[2024-12-11T16:19:41.878+0100][gc,task       ] GC(6) Using 4 workers of 4 for evacuation
[2024-12-11T16:19:41.885+0100][gc,phases     ] GC(6)   Pre Evacuate Collection Set: 0,3ms
[2024-12-11T16:19:41.885+0100][gc,phases     ] GC(6)   Evacuate Collection Set: 5,4ms
[2024-12-11T16:19:41.885+0100][gc,phases     ] GC(6)   Post Evacuate Collection Set: 1,3ms
[2024-12-11T16:19:41.885+0100][gc,phases     ] GC(6)   Other: 0,3ms
[2024-12-11T16:19:41.885+0100][gc,heap       ] GC(6) Eden regions: 45->0(47)
[2024-12-11T16:19:41.885+0100][gc,heap       ] GC(6) Survivor regions: 6->4(7)
[2024-12-11T16:19:41.885+0100][gc,heap       ] GC(6) Old regions: 10->13
[2024-12-11T16:19:41.885+0100][gc,heap       ] GC(6) Humongous regions: 129->129
[2024-12-11T16:19:41.885+0100][gc,metaspace  ] GC(6) Metaspace: 40931K(43392K)->40931K(43392K) NonClass: 35360K(36608K)->35360K(36608K) Class: 5570K(6784K)->5570K(6784K)
[2024-12-11T16:19:41.885+0100][gc            ] GC(6) Pause Young (Normal) (G1 Evacuation Pause) 187M->143M(1024M) 7,415ms
[2024-12-11T16:19:41.885+0100][gc,cpu        ] GC(6) User=0,01s Sys=0,01s Real=0,00s
[2024-12-11T16:20:10.023+0100][gc,start      ] GC(7) Pause Young (Normal) (G1 Evacuation Pause)
[2024-12-11T16:20:10.023+0100][gc,task       ] GC(7) Using 4 workers of 4 for evacuation
[2024-12-11T16:20:10.028+0100][gc,phases     ] GC(7)   Pre Evacuate Collection Set: 0,0ms
[2024-12-11T16:20:10.028+0100][gc,phases     ] GC(7)   Evacuate Collection Set: 3,0ms
[2024-12-11T16:20:10.028+0100][gc,phases     ] GC(7)   Post Evacuate Collection Set: 1,7ms
[2024-12-11T16:20:10.028+0100][gc,phases     ] GC(7)   Other: 0,2ms
[2024-12-11T16:20:10.028+0100][gc,heap       ] GC(7) Eden regions: 47->0(47)
[2024-12-11T16:20:10.028+0100][gc,heap       ] GC(7) Survivor regions: 4->4(7)
[2024-12-11T16:20:10.028+0100][gc,heap       ] GC(7) Old regions: 13->13
[2024-12-11T16:20:10.028+0100][gc,heap       ] GC(7) Humongous regions: 129->129
[2024-12-11T16:20:10.028+0100][gc,metaspace  ] GC(7) Metaspace: 41237K(43648K)->41237K(43648K) NonClass: 35666K(36864K)->35666K(36864K) Class: 5571K(6784K)->5571K(6784K)
[2024-12-11T16:20:10.028+0100][gc            ] GC(7) Pause Young (Normal) (G1 Evacuation Pause) 190M->144M(1024M) 5,006ms
[2024-12-11T16:20:10.028+0100][gc,cpu        ] GC(7) User=0,02s Sys=0,00s Real=0,00s
[2024-12-11T16:20:42.213+0100][gc,start      ] GC(8) Pause Young (Normal) (G1 Evacuation Pause)
[2024-12-11T16:20:42.213+0100][gc,task       ] GC(8) Using 4 workers of 4 for evacuation
[2024-12-11T16:20:42.219+0100][gc,phases     ] GC(8)   Pre Evacuate Collection Set: 0,2ms
[2024-12-11T16:20:42.219+0100][gc,phases     ] GC(8)   Evacuate Collection Set: 4,1ms
[2024-12-11T16:20:42.219+0100][gc,phases     ] GC(8)   Post Evacuate Collection Set: 1,7ms
[2024-12-11T16:20:42.219+0100][gc,phases     ] GC(8)   Other: 0,4ms
[2024-12-11T16:20:42.219+0100][gc,heap       ] GC(8) Eden regions: 47->0(48)
[2024-12-11T16:20:42.219+0100][gc,heap       ] GC(8) Survivor regions: 4->3(7)
[2024-12-11T16:20:42.219+0100][gc,heap       ] GC(8) Old regions: 13->15
[2024-12-11T16:20:42.219+0100][gc,heap       ] GC(8) Humongous regions: 129->129
[2024-12-11T16:20:42.219+0100][gc,metaspace  ] GC(8) Metaspace: 41238K(43648K)->41238K(43648K) NonClass: 35667K(36864K)->35667K(36864K) Class: 5571K(6784K)->5571K(6784K)
[2024-12-11T16:20:42.219+0100][gc            ] GC(8) Pause Young (Normal) (G1 Evacuation Pause) 191M->144M(1024M) 6,440ms
[2024-12-11T16:20:42.219+0100][gc,cpu        ] GC(8) User=0,01s Sys=0,00s Real=0,01s
[2024-12-11T16:21:17.156+0100][gc,start      ] GC(9) Pause Young (Normal) (G1 Evacuation Pause)
[2024-12-11T16:21:17.156+0100][gc,task       ] GC(9) Using 4 workers of 4 for evacuation
[2024-12-11T16:21:17.160+0100][gc,phases     ] GC(9)   Pre Evacuate Collection Set: 0,0ms
[2024-12-11T16:21:17.160+0100][gc,phases     ] GC(9)   Evacuate Collection Set: 3,0ms
[2024-12-11T16:21:17.160+0100][gc,phases     ] GC(9)   Post Evacuate Collection Set: 1,3ms
[2024-12-11T16:21:17.160+0100][gc,phases     ] GC(9)   Other: 0,2ms
[2024-12-11T16:21:17.160+0100][gc,heap       ] GC(9) Eden regions: 48->0(48)
[2024-12-11T16:21:17.160+0100][gc,heap       ] GC(9) Survivor regions: 3->3(7)
[2024-12-11T16:21:17.160+0100][gc,heap       ] GC(9) Old regions: 15->15
[2024-12-11T16:21:17.160+0100][gc,heap       ] GC(9) Humongous regions: 129->129
[2024-12-11T16:21:17.160+0100][gc,metaspace  ] GC(9) Metaspace: 41240K(43648K)->41240K(43648K) NonClass: 35669K(36864K)->35669K(36864K) Class: 5571K(6784K)->5571K(6784K)
[2024-12-11T16:21:17.160+0100][gc            ] GC(9) Pause Young (Normal) (G1 Evacuation Pause) 192M->144M(1024M) 4,519ms
[2024-12-11T16:21:17.160+0100][gc,cpu        ] GC(9) User=0,01s Sys=0,00s Real=0,01s
[2024-12-11T16:21:53.003+0100][gc,start      ] GC(10) Pause Young (Normal) (G1 Evacuation Pause)
[2024-12-11T16:21:53.003+0100][gc,task       ] GC(10) Using 4 workers of 4 for evacuation
[2024-12-11T16:21:53.007+0100][gc,phases     ] GC(10)   Pre Evacuate Collection Set: 0,0ms
[2024-12-11T16:21:53.007+0100][gc,phases     ] GC(10)   Evacuate Collection Set: 2,5ms
[2024-12-11T16:21:53.007+0100][gc,phases     ] GC(10)   Post Evacuate Collection Set: 1,4ms
[2024-12-11T16:21:53.007+0100][gc,phases     ] GC(10)   Other: 0,2ms
[2024-12-11T16:21:53.007+0100][gc,heap       ] GC(10) Eden regions: 48->0(51)
[2024-12-11T16:21:53.007+0100][gc,heap       ] GC(10) Survivor regions: 3->3(7)
[2024-12-11T16:21:53.007+0100][gc,heap       ] GC(10) Old regions: 15->15
[2024-12-11T16:21:53.007+0100][gc,heap       ] GC(10) Humongous regions: 129->129
[2024-12-11T16:21:53.007+0100][gc,metaspace  ] GC(10) Metaspace: 41249K(43648K)->41249K(43648K) NonClass: 35678K(36864K)->35678K(36864K) Class: 5571K(6784K)->5571K(6784K)
[2024-12-11T16:21:53.007+0100][gc            ] GC(10) Pause Young (Normal) (G1 Evacuation Pause) 192M->144M(1024M) 4,246ms
[2024-12-11T16:21:53.008+0100][gc,cpu        ] GC(10) User=0,00s Sys=0,01s Real=0,00s
[2024-12-11T16:22:30.514+0100][gc,start      ] GC(11) Pause Young (Normal) (G1 Evacuation Pause)
[2024-12-11T16:22:30.514+0100][gc,task       ] GC(11) Using 4 workers of 4 for evacuation
[2024-12-11T16:22:30.519+0100][gc,phases     ] GC(11)   Pre Evacuate Collection Set: 0,0ms
[2024-12-11T16:22:30.519+0100][gc,phases     ] GC(11)   Evacuate Collection Set: 3,2ms
[2024-12-11T16:22:30.519+0100][gc,phases     ] GC(11)   Post Evacuate Collection Set: 1,7ms
[2024-12-11T16:22:30.519+0100][gc,phases     ] GC(11)   Other: 0,3ms
[2024-12-11T16:22:30.519+0100][gc,heap       ] GC(11) Eden regions: 51->0(63)
[2024-12-11T16:22:30.519+0100][gc,heap       ] GC(11) Survivor regions: 3->3(7)
[2024-12-11T16:22:30.519+0100][gc,heap       ] GC(11) Old regions: 15->15
[2024-12-11T16:22:30.519+0100][gc,heap       ] GC(11) Humongous regions: 129->129
[2024-12-11T16:22:30.519+0100][gc,metaspace  ] GC(11) Metaspace: 41264K(43648K)->41264K(43648K) NonClass: 35693K(36864K)->35693K(36864K) Class: 5571K(6784K)->5571K(6784K)
[2024-12-11T16:22:30.519+0100][gc            ] GC(11) Pause Young (Normal) (G1 Evacuation Pause) 195M->144M(1024M) 5,251ms
[2024-12-11T16:22:30.519+0100][gc,cpu        ] GC(11) User=0,00s Sys=0,01s Real=0,01s
[2024-12-11T16:23:16.416+0100][gc,start      ] GC(12) Pause Young (Normal) (G1 Evacuation Pause)
[2024-12-11T16:23:16.416+0100][gc,task       ] GC(12) Using 4 workers of 4 for evacuation
[2024-12-11T16:23:16.420+0100][gc,phases     ] GC(12)   Pre Evacuate Collection Set: 0,0ms
[2024-12-11T16:23:16.420+0100][gc,phases     ] GC(12)   Evacuate Collection Set: 2,6ms
[2024-12-11T16:23:16.420+0100][gc,phases     ] GC(12)   Post Evacuate Collection Set: 1,5ms
[2024-12-11T16:23:16.420+0100][gc,phases     ] GC(12)   Other: 0,2ms
[2024-12-11T16:23:16.420+0100][gc,heap       ] GC(12) Eden regions: 63->0(83)
[2024-12-11T16:23:16.420+0100][gc,heap       ] GC(12) Survivor regions: 3->3(9)
[2024-12-11T16:23:16.420+0100][gc,heap       ] GC(12) Old regions: 15->15
[2024-12-11T16:23:16.420+0100][gc,heap       ] GC(12) Humongous regions: 129->129
[2024-12-11T16:23:16.420+0100][gc,metaspace  ] GC(12) Metaspace: 41297K(43648K)->41297K(43648K) NonClass: 35726K(36864K)->35726K(36864K) Class: 5571K(6784K)->5571K(6784K)
[2024-12-11T16:23:16.420+0100][gc            ] GC(12) Pause Young (Normal) (G1 Evacuation Pause) 207M->144M(1024M) 4,388ms
[2024-12-11T16:23:16.420+0100][gc,cpu        ] GC(12) User=0,01s Sys=0,00s Real=0,01s
[2024-12-11T16:24:20.804+0100][gc,start      ] GC(13) Pause Young (Normal) (G1 Evacuation Pause)
[2024-12-11T16:24:20.804+0100][gc,task       ] GC(13) Using 4 workers of 4 for evacuation
[2024-12-11T16:24:20.809+0100][gc,phases     ] GC(13)   Pre Evacuate Collection Set: 0,1ms
[2024-12-11T16:24:20.809+0100][gc,phases     ] GC(13)   Evacuate Collection Set: 3,4ms
[2024-12-11T16:24:20.809+0100][gc,phases     ] GC(13)   Post Evacuate Collection Set: 1,7ms
[2024-12-11T16:24:20.809+0100][gc,phases     ] GC(13)   Other: 0,2ms
[2024-12-11T16:24:20.809+0100][gc,heap       ] GC(13) Eden regions: 83->0(124)
[2024-12-11T16:24:20.809+0100][gc,heap       ] GC(13) Survivor regions: 3->3(11)
[2024-12-11T16:24:20.809+0100][gc,heap       ] GC(13) Old regions: 15->15
[2024-12-11T16:24:20.809+0100][gc,heap       ] GC(13) Humongous regions: 129->129
[2024-12-11T16:24:20.809+0100][gc,metaspace  ] GC(13) Metaspace: 41301K(43648K)->41301K(43648K) NonClass: 35730K(36864K)->35730K(36864K) Class: 5571K(6784K)->5571K(6784K)
[2024-12-11T16:24:20.809+0100][gc            ] GC(13) Pause Young (Normal) (G1 Evacuation Pause) 227M->144M(1024M) 5,468ms
[2024-12-11T16:24:20.809+0100][gc,cpu        ] GC(13) User=0,01s Sys=0,00s Real=0,01s
[2024-12-11T16:25:53.705+0100][gc,start      ] GC(14) Pause Young (Normal) (G1 Evacuation Pause)
[2024-12-11T16:25:53.705+0100][gc,task       ] GC(14) Using 4 workers of 4 for evacuation
[2024-12-11T16:25:53.711+0100][gc,phases     ] GC(14)   Pre Evacuate Collection Set: 0,0ms
[2024-12-11T16:25:53.711+0100][gc,phases     ] GC(14)   Evacuate Collection Set: 4,7ms
[2024-12-11T16:25:53.711+0100][gc,phases     ] GC(14)   Post Evacuate Collection Set: 1,0ms
[2024-12-11T16:25:53.711+0100][gc,phases     ] GC(14)   Other: 0,4ms
[2024-12-11T16:25:53.711+0100][gc,heap       ] GC(14) Eden regions: 124->0(203)
[2024-12-11T16:25:53.711+0100][gc,heap       ] GC(14) Survivor regions: 3->3(16)
[2024-12-11T16:25:53.711+0100][gc,heap       ] GC(14) Old regions: 15->15
[2024-12-11T16:25:53.711+0100][gc,heap       ] GC(14) Humongous regions: 129->129
[2024-12-11T16:25:53.711+0100][gc,metaspace  ] GC(14) Metaspace: 42857K(45568K)->42857K(45568K) NonClass: 37008K(38400K)->37008K(38400K) Class: 5849K(7168K)->5849K(7168K)
[2024-12-11T16:25:53.711+0100][gc            ] GC(14) Pause Young (Normal) (G1 Evacuation Pause) 268M->144M(1024M) 6,254ms
[2024-12-11T16:25:53.711+0100][gc,cpu        ] GC(14) User=0,01s Sys=0,01s Real=0,01s
[2024-12-11T16:28:32.160+0100][gc,start      ] GC(15) Pause Young (Normal) (G1 Evacuation Pause)
[2024-12-11T16:28:32.160+0100][gc,task       ] GC(15) Using 4 workers of 4 for evacuation
[2024-12-11T16:28:32.167+0100][gc,phases     ] GC(15)   Pre Evacuate Collection Set: 0,0ms
[2024-12-11T16:28:32.167+0100][gc,phases     ] GC(15)   Evacuate Collection Set: 4,8ms
[2024-12-11T16:28:32.167+0100][gc,phases     ] GC(15)   Post Evacuate Collection Set: 2,2ms
[2024-12-11T16:28:32.167+0100][gc,phases     ] GC(15)   Other: 0,2ms
[2024-12-11T16:28:32.167+0100][gc,heap       ] GC(15) Eden regions: 203->0(238)
[2024-12-11T16:28:32.167+0100][gc,heap       ] GC(15) Survivor regions: 3->3(26)
[2024-12-11T16:28:32.167+0100][gc,heap       ] GC(15) Old regions: 15->15
[2024-12-11T16:28:32.167+0100][gc,heap       ] GC(15) Humongous regions: 129->129
[2024-12-11T16:28:32.167+0100][gc,metaspace  ] GC(15) Metaspace: 42863K(45568K)->42863K(45568K) NonClass: 37014K(38400K)->37014K(38400K) Class: 5849K(7168K)->5849K(7168K)
[2024-12-11T16:28:32.167+0100][gc            ] GC(15) Pause Young (Normal) (G1 Evacuation Pause) 347M->144M(1024M) 7,305ms
[2024-12-11T16:28:32.167+0100][gc,cpu        ] GC(15) User=0,01s Sys=0,01s Real=0,00s
[2024-12-11T16:31:31.911+0100][gc,start      ] GC(16) Pause Young (Normal) (G1 Evacuation Pause)
[2024-12-11T16:31:31.911+0100][gc,task       ] GC(16) Using 4 workers of 4 for evacuation
[2024-12-11T16:31:31.919+0100][gc,phases     ] GC(16)   Pre Evacuate Collection Set: 0,1ms
[2024-12-11T16:31:31.919+0100][gc,phases     ] GC(16)   Evacuate Collection Set: 5,8ms
[2024-12-11T16:31:31.919+0100][gc,phases     ] GC(16)   Post Evacuate Collection Set: 1,5ms
[2024-12-11T16:31:31.919+0100][gc,phases     ] GC(16)   Other: 0,3ms
[2024-12-11T16:31:31.919+0100][gc,heap       ] GC(16) Eden regions: 238->0(258)
[2024-12-11T16:31:31.919+0100][gc,heap       ] GC(16) Survivor regions: 3->3(31)
[2024-12-11T16:31:31.919+0100][gc,heap       ] GC(16) Old regions: 15->15
[2024-12-11T16:31:31.919+0100][gc,heap       ] GC(16) Humongous regions: 129->129
[2024-12-11T16:31:31.919+0100][gc,metaspace  ] GC(16) Metaspace: 42886K(45568K)->42886K(45568K) NonClass: 37037K(38400K)->37037K(38400K) Class: 5849K(7168K)->5849K(7168K)
[2024-12-11T16:31:31.919+0100][gc            ] GC(16) Pause Young (Normal) (G1 Evacuation Pause) 382M->144M(1024M) 7,703ms
[2024-12-11T16:31:31.919+0100][gc,cpu        ] GC(16) User=0,01s Sys=0,01s Real=0,01s
[2024-12-11T16:34:44.432+0100][gc,start      ] GC(17) Pause Young (Normal) (G1 Evacuation Pause)
[2024-12-11T16:34:44.432+0100][gc,task       ] GC(17) Using 4 workers of 4 for evacuation
[2024-12-11T16:34:44.443+0100][gc,phases     ] GC(17)   Pre Evacuate Collection Set: 0,1ms
[2024-12-11T16:34:44.443+0100][gc,phases     ] GC(17)   Evacuate Collection Set: 6,8ms
[2024-12-11T16:34:44.443+0100][gc,phases     ] GC(17)   Post Evacuate Collection Set: 4,2ms
[2024-12-11T16:34:44.443+0100][gc,phases     ] GC(17)   Other: 0,2ms
[2024-12-11T16:34:44.443+0100][gc,heap       ] GC(17) Eden regions: 258->0(304)
[2024-12-11T16:34:44.443+0100][gc,heap       ] GC(17) Survivor regions: 3->3(33)
[2024-12-11T16:34:44.443+0100][gc,heap       ] GC(17) Old regions: 15->15
[2024-12-11T16:34:44.443+0100][gc,heap       ] GC(17) Humongous regions: 129->129
[2024-12-11T16:34:44.443+0100][gc,metaspace  ] GC(17) Metaspace: 42912K(45568K)->42912K(45568K) NonClass: 37063K(38400K)->37063K(38400K) Class: 5849K(7168K)->5849K(7168K)
[2024-12-11T16:34:44.443+0100][gc            ] GC(17) Pause Young (Normal) (G1 Evacuation Pause) 402M->144M(1024M) 11,341ms
[2024-12-11T16:34:44.443+0100][gc,cpu        ] GC(17) User=0,03s Sys=0,00s Real=0,01s
[2024-12-11T16:38:37.515+0100][gc,start      ] GC(18) Pause Young (Normal) (G1 Evacuation Pause)
[2024-12-11T16:38:37.515+0100][gc,task       ] GC(18) Using 4 workers of 4 for evacuation
[2024-12-11T16:38:37.528+0100][gc,phases     ] GC(18)   Pre Evacuate Collection Set: 0,0ms
[2024-12-11T16:38:37.528+0100][gc,phases     ] GC(18)   Evacuate Collection Set: 10,0ms
[2024-12-11T16:38:37.528+0100][gc,phases     ] GC(18)   Post Evacuate Collection Set: 2,5ms
[2024-12-11T16:38:37.528+0100][gc,phases     ] GC(18)   Other: 0,4ms
[2024-12-11T16:38:37.528+0100][gc,heap       ] GC(18) Eden regions: 304->0(336)
[2024-12-11T16:38:37.528+0100][gc,heap       ] GC(18) Survivor regions: 3->3(39)
[2024-12-11T16:38:37.528+0100][gc,heap       ] GC(18) Old regions: 15->15
[2024-12-11T16:38:37.528+0100][gc,heap       ] GC(18) Humongous regions: 129->129
[2024-12-11T16:38:37.528+0100][gc,metaspace  ] GC(18) Metaspace: 42947K(45568K)->42947K(45568K) NonClass: 37098K(38400K)->37098K(38400K) Class: 5849K(7168K)->5849K(7168K)
[2024-12-11T16:38:37.528+0100][gc            ] GC(18) Pause Young (Normal) (G1 Evacuation Pause) 448M->144M(1024M) 13,327ms
[2024-12-11T16:38:37.528+0100][gc,cpu        ] GC(18) User=0,02s Sys=0,03s Real=0,01s
[2024-12-11T16:43:02.853+0100][gc,start      ] GC(19) Pause Young (Normal) (G1 Evacuation Pause)
[2024-12-11T16:43:02.853+0100][gc,task       ] GC(19) Using 4 workers of 4 for evacuation
[2024-12-11T16:43:02.870+0100][gc,phases     ] GC(19)   Pre Evacuate Collection Set: 0,1ms
[2024-12-11T16:43:02.870+0100][gc,phases     ] GC(19)   Evacuate Collection Set: 9,8ms
[2024-12-11T16:43:02.870+0100][gc,phases     ] GC(19)   Post Evacuate Collection Set: 7,0ms
[2024-12-11T16:43:02.870+0100][gc,phases     ] GC(19)   Other: 0,3ms
[2024-12-11T16:43:02.870+0100][gc,heap       ] GC(19) Eden regions: 336->0(375)
[2024-12-11T16:43:02.870+0100][gc,heap       ] GC(19) Survivor regions: 3->3(43)
[2024-12-11T16:43:02.870+0100][gc,heap       ] GC(19) Old regions: 15->15
[2024-12-11T16:43:02.870+0100][gc,heap       ] GC(19) Humongous regions: 129->129
[2024-12-11T16:43:02.870+0100][gc,metaspace  ] GC(19) Metaspace: 42966K(45568K)->42966K(45568K) NonClass: 37117K(38400K)->37117K(38400K) Class: 5849K(7168K)->5849K(7168K)
[2024-12-11T16:43:02.870+0100][gc            ] GC(19) Pause Young (Normal) (G1 Evacuation Pause) 480M->144M(1024M) 17,228ms
[2024-12-11T16:43:02.870+0100][gc,cpu        ] GC(19) User=0,03s Sys=0,00s Real=0,02s
[2024-12-11T16:48:11.616+0100][gc,start      ] GC(20) Pause Young (Normal) (G1 Evacuation Pause)
[2024-12-11T16:48:11.616+0100][gc,task       ] GC(20) Using 4 workers of 4 for evacuation
[2024-12-11T16:48:11.623+0100][gc,phases     ] GC(20)   Pre Evacuate Collection Set: 0,0ms
[2024-12-11T16:48:11.623+0100][gc,phases     ] GC(20)   Evacuate Collection Set: 5,3ms
[2024-12-11T16:48:11.623+0100][gc,phases     ] GC(20)   Post Evacuate Collection Set: 1,7ms
[2024-12-11T16:48:11.623+0100][gc,phases     ] GC(20)   Other: 0,2ms
[2024-12-11T16:48:11.623+0100][gc,heap       ] GC(20) Eden regions: 375->0(408)
[2024-12-11T16:48:11.623+0100][gc,heap       ] GC(20) Survivor regions: 3->3(48)
[2024-12-11T16:48:11.623+0100][gc,heap       ] GC(20) Old regions: 15->15
[2024-12-11T16:48:11.623+0100][gc,heap       ] GC(20) Humongous regions: 129->129
[2024-12-11T16:48:11.623+0100][gc,metaspace  ] GC(20) Metaspace: 42996K(45568K)->42996K(45568K) NonClass: 37147K(38400K)->37147K(38400K) Class: 5849K(7168K)->5849K(7168K)
[2024-12-11T16:48:11.623+0100][gc            ] GC(20) Pause Young (Normal) (G1 Evacuation Pause) 519M->144M(1024M) 7,306ms
[2024-12-11T16:48:11.623+0100][gc,cpu        ] GC(20) User=0,00s Sys=0,00s Real=0,01s
[2024-12-11T16:53:19.992+0100][gc,start      ] GC(21) Pause Young (Normal) (G1 Evacuation Pause)
[2024-12-11T16:53:19.992+0100][gc,task       ] GC(21) Using 4 workers of 4 for evacuation
[2024-12-11T16:53:20.004+0100][gc,phases     ] GC(21)   Pre Evacuate Collection Set: 0,1ms
[2024-12-11T16:53:20.004+0100][gc,phases     ] GC(21)   Evacuate Collection Set: 4,2ms
[2024-12-11T16:53:20.004+0100][gc,phases     ] GC(21)   Post Evacuate Collection Set: 7,8ms
[2024-12-11T16:53:20.004+0100][gc,phases     ] GC(21)   Other: 0,3ms
[2024-12-11T16:53:20.004+0100][gc,heap       ] GC(21) Eden regions: 408->0(441)
[2024-12-11T16:53:20.004+0100][gc,heap       ] GC(21) Survivor regions: 3->2(52)
[2024-12-11T16:53:20.004+0100][gc,heap       ] GC(21) Old regions: 15->16
[2024-12-11T16:53:20.004+0100][gc,heap       ] GC(21) Humongous regions: 129->129
[2024-12-11T16:53:20.004+0100][gc,metaspace  ] GC(21) Metaspace: 43001K(45568K)->43001K(45568K) NonClass: 37152K(38400K)->37152K(38400K) Class: 5849K(7168K)->5849K(7168K)
[2024-12-11T16:53:20.004+0100][gc            ] GC(21) Pause Young (Normal) (G1 Evacuation Pause) 552M->144M(1024M) 12,495ms
[2024-12-11T16:53:20.004+0100][gc,cpu        ] GC(21) User=0,02s Sys=0,02s Real=0,01s
[2024-12-11T16:59:10.727+0100][gc,start      ] GC(22) Pause Young (Normal) (G1 Evacuation Pause)
[2024-12-11T16:59:10.727+0100][gc,task       ] GC(22) Using 4 workers of 4 for evacuation
[2024-12-11T16:59:10.734+0100][gc,phases     ] GC(22)   Pre Evacuate Collection Set: 0,1ms
[2024-12-11T16:59:10.734+0100][gc,phases     ] GC(22)   Evacuate Collection Set: 4,0ms
[2024-12-11T16:59:10.734+0100][gc,phases     ] GC(22)   Post Evacuate Collection Set: 3,0ms
[2024-12-11T16:59:10.734+0100][gc,phases     ] GC(22)   Other: 0,4ms
[2024-12-11T16:59:10.734+0100][gc,heap       ] GC(22) Eden regions: 441->0(562)
[2024-12-11T16:59:10.734+0100][gc,heap       ] GC(22) Survivor regions: 2->2(56)
[2024-12-11T16:59:10.734+0100][gc,heap       ] GC(22) Old regions: 16->16
[2024-12-11T16:59:10.734+0100][gc,heap       ] GC(22) Humongous regions: 129->129
[2024-12-11T16:59:10.734+0100][gc,metaspace  ] GC(22) Metaspace: 43029K(45568K)->43029K(45568K) NonClass: 37180K(38400K)->37180K(38400K) Class: 5849K(7168K)->5849K(7168K)
[2024-12-11T16:59:10.734+0100][gc            ] GC(22) Pause Young (Normal) (G1 Evacuation Pause) 585M->144M(1024M) 7,533ms
[2024-12-11T16:59:10.734+0100][gc,cpu        ] GC(22) User=0,01s Sys=0,00s Real=0,01s
[2024-12-11T17:07:00.775+0100][gc,start      ] GC(23) Pause Young (Normal) (G1 Evacuation Pause)
[2024-12-11T17:07:00.775+0100][gc,task       ] GC(23) Using 4 workers of 4 for evacuation
[2024-12-11T17:07:00.782+0100][gc,phases     ] GC(23)   Pre Evacuate Collection Set: 0,1ms
[2024-12-11T17:07:00.782+0100][gc,phases     ] GC(23)   Evacuate Collection Set: 3,1ms
[2024-12-11T17:07:00.782+0100][gc,phases     ] GC(23)   Post Evacuate Collection Set: 2,9ms
[2024-12-11T17:07:00.782+0100][gc,phases     ] GC(23)   Other: 0,3ms
[2024-12-11T17:07:00.782+0100][gc,heap       ] GC(23) Eden regions: 562->0(612)
[2024-12-11T17:07:00.782+0100][gc,heap       ] GC(23) Survivor regions: 2->2(71)
[2024-12-11T17:07:00.782+0100][gc,heap       ] GC(23) Old regions: 16->16
[2024-12-11T17:07:00.782+0100][gc,heap       ] GC(23) Humongous regions: 129->129
[2024-12-11T17:07:00.782+0100][gc,metaspace  ] GC(23) Metaspace: 43102K(45824K)->43102K(45824K) NonClass: 37248K(38656K)->37248K(38656K) Class: 5854K(7168K)->5854K(7168K)
[2024-12-11T17:07:00.782+0100][gc            ] GC(23) Pause Young (Normal) (G1 Evacuation Pause) 706M->144M(1024M) 6,503ms
[2024-12-11T17:07:00.782+0100][gc,cpu        ] GC(23) User=0,00s Sys=0,00s Real=0,01s
[2024-12-11T17:15:32.572+0100][gc,start      ] GC(24) Pause Young (Normal) (G1 Evacuation Pause)
[2024-12-11T17:15:32.572+0100][gc,task       ] GC(24) Using 4 workers of 4 for evacuation
[2024-12-11T17:15:32.578+0100][gc,phases     ] GC(24)   Pre Evacuate Collection Set: 0,1ms
[2024-12-11T17:15:32.578+0100][gc,phases     ] GC(24)   Evacuate Collection Set: 2,9ms
[2024-12-11T17:15:32.578+0100][gc,phases     ] GC(24)   Post Evacuate Collection Set: 2,7ms
[2024-12-11T17:15:32.578+0100][gc,phases     ] GC(24)   Other: 0,2ms
[2024-12-11T17:15:32.578+0100][gc,heap       ] GC(24) Eden regions: 612->0(612)
[2024-12-11T17:15:32.578+0100][gc,heap       ] GC(24) Survivor regions: 2->2(77)
[2024-12-11T17:15:32.578+0100][gc,heap       ] GC(24) Old regions: 16->16
[2024-12-11T17:15:32.578+0100][gc,heap       ] GC(24) Humongous regions: 129->129
[2024-12-11T17:15:32.578+0100][gc,metaspace  ] GC(24) Metaspace: 43138K(45824K)->43138K(45824K) NonClass: 37283K(38656K)->37283K(38656K) Class: 5854K(7168K)->5854K(7168K)
[2024-12-11T17:15:32.578+0100][gc            ] GC(24) Pause Young (Normal) (G1 Evacuation Pause) 756M->144M(1024M) 5,909ms
[2024-12-11T17:15:32.578+0100][gc,cpu        ] GC(24) User=0,01s Sys=0,01s Real=0,01s
[2024-12-11T17:23:57.587+0100][gc,start      ] GC(25) Pause Young (Normal) (G1 Evacuation Pause)
[2024-12-11T17:23:57.587+0100][gc,task       ] GC(25) Using 4 workers of 4 for evacuation
[2024-12-11T17:23:57.591+0100][gc,phases     ] GC(25)   Pre Evacuate Collection Set: 0,1ms
[2024-12-11T17:23:57.591+0100][gc,phases     ] GC(25)   Evacuate Collection Set: 2,5ms
[2024-12-11T17:23:57.591+0100][gc,phases     ] GC(25)   Post Evacuate Collection Set: 1,6ms
[2024-12-11T17:23:57.591+0100][gc,phases     ] GC(25)   Other: 0,2ms
[2024-12-11T17:23:57.591+0100][gc,heap       ] GC(25) Eden regions: 612->0(612)
[2024-12-11T17:23:57.591+0100][gc,heap       ] GC(25) Survivor regions: 2->2(77)
[2024-12-11T17:23:57.591+0100][gc,heap       ] GC(25) Old regions: 16->16
[2024-12-11T17:23:57.591+0100][gc,heap       ] GC(25) Humongous regions: 129->129
[2024-12-11T17:23:57.591+0100][gc,metaspace  ] GC(25) Metaspace: 43144K(45824K)->43144K(45824K) NonClass: 37290K(38656K)->37290K(38656K) Class: 5854K(7168K)->5854K(7168K)
[2024-12-11T17:23:57.591+0100][gc            ] GC(25) Pause Young (Normal) (G1 Evacuation Pause) 756M->144M(1024M) 4,419ms
[2024-12-11T17:23:57.591+0100][gc,cpu        ] GC(25) User=0,01s Sys=0,00s Real=0,01s
[2024-12-11T17:32:38.607+0100][gc,start      ] GC(26) Pause Young (Normal) (G1 Evacuation Pause)
[2024-12-11T17:32:38.607+0100][gc,task       ] GC(26) Using 4 workers of 4 for evacuation
[2024-12-11T17:32:38.613+0100][gc,phases     ] GC(26)   Pre Evacuate Collection Set: 0,1ms
[2024-12-11T17:32:38.613+0100][gc,phases     ] GC(26)   Evacuate Collection Set: 3,2ms
[2024-12-11T17:32:38.613+0100][gc,phases     ] GC(26)   Post Evacuate Collection Set: 2,1ms
[2024-12-11T17:32:38.613+0100][gc,phases     ] GC(26)   Other: 0,2ms
[2024-12-11T17:32:38.613+0100][gc,heap       ] GC(26) Eden regions: 612->0(612)
[2024-12-11T17:32:38.613+0100][gc,heap       ] GC(26) Survivor regions: 2->2(77)
[2024-12-11T17:32:38.613+0100][gc,heap       ] GC(26) Old regions: 16->16
[2024-12-11T17:32:38.613+0100][gc,heap       ] GC(26) Humongous regions: 129->129
[2024-12-11T17:32:38.613+0100][gc,metaspace  ] GC(26) Metaspace: 43146K(45824K)->43146K(45824K) NonClass: 37291K(38656K)->37291K(38656K) Class: 5854K(7168K)->5854K(7168K)
[2024-12-11T17:32:38.613+0100][gc            ] GC(26) Pause Young (Normal) (G1 Evacuation Pause) 756M->144M(1024M) 5,559ms
[2024-12-11T17:32:38.613+0100][gc,cpu        ] GC(26) User=0,00s Sys=0,01s Real=0,01s
[2024-12-11T17:40:53.152+0100][gc,start      ] GC(27) Pause Young (Normal) (G1 Evacuation Pause)
[2024-12-11T17:40:53.152+0100][gc,task       ] GC(27) Using 4 workers of 4 for evacuation
[2024-12-11T17:40:53.159+0100][gc,phases     ] GC(27)   Pre Evacuate Collection Set: 0,1ms
[2024-12-11T17:40:53.159+0100][gc,phases     ] GC(27)   Evacuate Collection Set: 4,2ms
[2024-12-11T17:40:53.159+0100][gc,phases     ] GC(27)   Post Evacuate Collection Set: 2,9ms
[2024-12-11T17:40:53.159+0100][gc,phases     ] GC(27)   Other: 0,3ms
[2024-12-11T17:40:53.159+0100][gc,heap       ] GC(27) Eden regions: 612->0(612)
[2024-12-11T17:40:53.159+0100][gc,heap       ] GC(27) Survivor regions: 2->2(77)
[2024-12-11T17:40:53.159+0100][gc,heap       ] GC(27) Old regions: 16->16
[2024-12-11T17:40:53.159+0100][gc,heap       ] GC(27) Humongous regions: 129->129
[2024-12-11T17:40:53.159+0100][gc,metaspace  ] GC(27) Metaspace: 43190K(45824K)->43190K(45824K) NonClass: 37336K(38656K)->37336K(38656K) Class: 5854K(7168K)->5854K(7168K)
[2024-12-11T17:40:53.159+0100][gc            ] GC(27) Pause Young (Normal) (G1 Evacuation Pause) 756M->144M(1024M) 7,512ms
[2024-12-11T17:40:53.159+0100][gc,cpu        ] GC(27) User=0,01s Sys=0,01s Real=0,01s
[2024-12-11T17:49:06.286+0100][gc,start      ] GC(28) Pause Young (Normal) (G1 Evacuation Pause)
[2024-12-11T17:49:06.286+0100][gc,task       ] GC(28) Using 4 workers of 4 for evacuation
[2024-12-11T17:49:06.292+0100][gc,phases     ] GC(28)   Pre Evacuate Collection Set: 0,3ms
[2024-12-11T17:49:06.292+0100][gc,phases     ] GC(28)   Evacuate Collection Set: 3,7ms
[2024-12-11T17:49:06.292+0100][gc,phases     ] GC(28)   Post Evacuate Collection Set: 1,7ms
[2024-12-11T17:49:06.292+0100][gc,phases     ] GC(28)   Other: 0,4ms
[2024-12-11T17:49:06.292+0100][gc,heap       ] GC(28) Eden regions: 612->0(612)
[2024-12-11T17:49:06.292+0100][gc,heap       ] GC(28) Survivor regions: 2->2(77)
[2024-12-11T17:49:06.292+0100][gc,heap       ] GC(28) Old regions: 16->16
[2024-12-11T17:49:06.292+0100][gc,heap       ] GC(28) Humongous regions: 129->129
[2024-12-11T17:49:06.292+0100][gc,metaspace  ] GC(28) Metaspace: 43191K(45824K)->43191K(45824K) NonClass: 37337K(38656K)->37337K(38656K) Class: 5854K(7168K)->5854K(7168K)
[2024-12-11T17:49:06.293+0100][gc            ] GC(28) Pause Young (Normal) (G1 Evacuation Pause) 756M->144M(1024M) 6,340ms
[2024-12-11T17:49:06.293+0100][gc,cpu        ] GC(28) User=0,00s Sys=0,01s Real=0,01s
[2024-12-11T17:57:17.378+0100][gc,start      ] GC(29) Pause Young (Normal) (G1 Evacuation Pause)
[2024-12-11T17:57:17.379+0100][gc,task       ] GC(29) Using 4 workers of 4 for evacuation
[2024-12-11T17:57:17.383+0100][gc,phases     ] GC(29)   Pre Evacuate Collection Set: 0,1ms
[2024-12-11T17:57:17.383+0100][gc,phases     ] GC(29)   Evacuate Collection Set: 3,0ms
[2024-12-11T17:57:17.383+0100][gc,phases     ] GC(29)   Post Evacuate Collection Set: 0,7ms
[2024-12-11T17:57:17.383+0100][gc,phases     ] GC(29)   Other: 0,2ms
[2024-12-11T17:57:17.383+0100][gc,heap       ] GC(29) Eden regions: 612->0(612)
[2024-12-11T17:57:17.383+0100][gc,heap       ] GC(29) Survivor regions: 2->2(77)
[2024-12-11T17:57:17.383+0100][gc,heap       ] GC(29) Old regions: 16->16
[2024-12-11T17:57:17.383+0100][gc,heap       ] GC(29) Humongous regions: 129->129
[2024-12-11T17:57:17.383+0100][gc,metaspace  ] GC(29) Metaspace: 43192K(45824K)->43192K(45824K) NonClass: 37337K(38656K)->37337K(38656K) Class: 5854K(7168K)->5854K(7168K)
[2024-12-11T17:57:17.383+0100][gc            ] GC(29) Pause Young (Normal) (G1 Evacuation Pause) 756M->144M(1024M) 4,121ms
[2024-12-11T17:57:17.383+0100][gc,cpu        ] GC(29) User=0,01s Sys=0,00s Real=0,00s
[2024-12-11T18:05:37.144+0100][gc,start      ] GC(30) Pause Young (Normal) (G1 Evacuation Pause)
[2024-12-11T18:05:37.144+0100][gc,task       ] GC(30) Using 4 workers of 4 for evacuation
[2024-12-11T18:05:37.151+0100][gc,phases     ] GC(30)   Pre Evacuate Collection Set: 0,1ms
[2024-12-11T18:05:37.151+0100][gc,phases     ] GC(30)   Evacuate Collection Set: 2,4ms
[2024-12-11T18:05:37.151+0100][gc,phases     ] GC(30)   Post Evacuate Collection Set: 4,4ms
[2024-12-11T18:05:37.152+0100][gc,phases     ] GC(30)   Other: 0,2ms
[2024-12-11T18:05:37.152+0100][gc,heap       ] GC(30) Eden regions: 612->0(612)
[2024-12-11T18:05:37.152+0100][gc,heap       ] GC(30) Survivor regions: 2->2(77)
[2024-12-11T18:05:37.152+0100][gc,heap       ] GC(30) Old regions: 16->16
[2024-12-11T18:05:37.152+0100][gc,heap       ] GC(30) Humongous regions: 129->129
[2024-12-11T18:05:37.152+0100][gc,metaspace  ] GC(30) Metaspace: 43192K(45824K)->43192K(45824K) NonClass: 37338K(38656K)->37338K(38656K) Class: 5854K(7168K)->5854K(7168K)
[2024-12-11T18:05:37.152+0100][gc            ] GC(30) Pause Young (Normal) (G1 Evacuation Pause) 756M->144M(1024M) 7,272ms
[2024-12-11T18:05:37.152+0100][gc,cpu        ] GC(30) User=0,00s Sys=0,01s Real=0,01s
[2024-12-11T18:13:55.929+0100][gc,start      ] GC(31) Pause Young (Normal) (G1 Evacuation Pause)
[2024-12-11T18:13:55.929+0100][gc,task       ] GC(31) Using 4 workers of 4 for evacuation
[2024-12-11T18:13:55.932+0100][gc,phases     ] GC(31)   Pre Evacuate Collection Set: 0,3ms
[2024-12-11T18:13:55.932+0100][gc,phases     ] GC(31)   Evacuate Collection Set: 1,7ms
[2024-12-11T18:13:55.932+0100][gc,phases     ] GC(31)   Post Evacuate Collection Set: 1,1ms
[2024-12-11T18:13:55.932+0100][gc,phases     ] GC(31)   Other: 0,3ms
[2024-12-11T18:13:55.932+0100][gc,heap       ] GC(31) Eden regions: 612->0(612)
[2024-12-11T18:13:55.932+0100][gc,heap       ] GC(31) Survivor regions: 2->2(77)
[2024-12-11T18:13:55.932+0100][gc,heap       ] GC(31) Old regions: 16->16
[2024-12-11T18:13:55.932+0100][gc,heap       ] GC(31) Humongous regions: 129->129
[2024-12-11T18:13:55.932+0100][gc,metaspace  ] GC(31) Metaspace: 43221K(45824K)->43221K(45824K) NonClass: 37366K(38656K)->37366K(38656K) Class: 5854K(7168K)->5854K(7168K)
[2024-12-11T18:13:55.932+0100][gc            ] GC(31) Pause Young (Normal) (G1 Evacuation Pause) 756M->144M(1024M) 3,502ms
[2024-12-11T18:13:55.932+0100][gc,cpu        ] GC(31) User=0,00s Sys=0,00s Real=0,01s
[2024-12-11T18:22:16.740+0100][gc,start      ] GC(32) Pause Young (Normal) (G1 Evacuation Pause)
[2024-12-11T18:22:16.740+0100][gc,task       ] GC(32) Using 4 workers of 4 for evacuation
[2024-12-11T18:22:16.744+0100][gc,phases     ] GC(32)   Pre Evacuate Collection Set: 0,1ms
[2024-12-11T18:22:16.744+0100][gc,phases     ] GC(32)   Evacuate Collection Set: 2,7ms
[2024-12-11T18:22:16.744+0100][gc,phases     ] GC(32)   Post Evacuate Collection Set: 1,2ms
[2024-12-11T18:22:16.744+0100][gc,phases     ] GC(32)   Other: 0,2ms
[2024-12-11T18:22:16.744+0100][gc,heap       ] GC(32) Eden regions: 612->0(612)
[2024-12-11T18:22:16.744+0100][gc,heap       ] GC(32) Survivor regions: 2->2(77)
[2024-12-11T18:22:16.744+0100][gc,heap       ] GC(32) Old regions: 16->16
[2024-12-11T18:22:16.744+0100][gc,heap       ] GC(32) Humongous regions: 129->129
[2024-12-11T18:22:16.744+0100][gc,metaspace  ] GC(32) Metaspace: 43224K(45824K)->43224K(45824K) NonClass: 37370K(38656K)->37370K(38656K) Class: 5854K(7168K)->5854K(7168K)
[2024-12-11T18:22:16.744+0100][gc            ] GC(32) Pause Young (Normal) (G1 Evacuation Pause) 756M->144M(1024M) 4,306ms
[2024-12-11T18:22:16.744+0100][gc,cpu        ] GC(32) User=0,00s Sys=0,01s Real=0,00s
[2024-12-11T18:30:48.078+0100][gc,start      ] GC(33) Pause Young (Normal) (G1 Evacuation Pause)
[2024-12-11T18:30:48.078+0100][gc,task       ] GC(33) Using 4 workers of 4 for evacuation
[2024-12-11T18:30:48.082+0100][gc,phases     ] GC(33)   Pre Evacuate Collection Set: 0,1ms
[2024-12-11T18:30:48.082+0100][gc,phases     ] GC(33)   Evacuate Collection Set: 3,1ms
[2024-12-11T18:30:48.082+0100][gc,phases     ] GC(33)   Post Evacuate Collection Set: 0,6ms
[2024-12-11T18:30:48.082+0100][gc,phases     ] GC(33)   Other: 0,2ms
[2024-12-11T18:30:48.082+0100][gc,heap       ] GC(33) Eden regions: 612->0(612)
[2024-12-11T18:30:48.082+0100][gc,heap       ] GC(33) Survivor regions: 2->2(77)
[2024-12-11T18:30:48.082+0100][gc,heap       ] GC(33) Old regions: 16->16
[2024-12-11T18:30:48.082+0100][gc,heap       ] GC(33) Humongous regions: 129->129
[2024-12-11T18:30:48.082+0100][gc,metaspace  ] GC(33) Metaspace: 43228K(45824K)->43228K(45824K) NonClass: 37373K(38656K)->37373K(38656K) Class: 5854K(7168K)->5854K(7168K)
[2024-12-11T18:30:48.082+0100][gc            ] GC(33) Pause Young (Normal) (G1 Evacuation Pause) 756M->144M(1024M) 4,009ms
[2024-12-11T18:30:48.082+0100][gc,cpu        ] GC(33) User=0,01s Sys=0,01s Real=0,00s
[2024-12-11T18:39:40.728+0100][gc,start      ] GC(34) Pause Young (Normal) (G1 Evacuation Pause)
[2024-12-11T18:39:40.728+0100][gc,task       ] GC(34) Using 4 workers of 4 for evacuation
[2024-12-11T18:39:40.733+0100][gc,phases     ] GC(34)   Pre Evacuate Collection Set: 0,1ms
[2024-12-11T18:39:40.733+0100][gc,phases     ] GC(34)   Evacuate Collection Set: 3,3ms
[2024-12-11T18:39:40.733+0100][gc,phases     ] GC(34)   Post Evacuate Collection Set: 1,3ms
[2024-12-11T18:39:40.733+0100][gc,phases     ] GC(34)   Other: 0,3ms
[2024-12-11T18:39:40.733+0100][gc,heap       ] GC(34) Eden regions: 612->0(612)
[2024-12-11T18:39:40.733+0100][gc,heap       ] GC(34) Survivor regions: 2->2(77)
[2024-12-11T18:39:40.733+0100][gc,heap       ] GC(34) Old regions: 16->17
[2024-12-11T18:39:40.733+0100][gc,heap       ] GC(34) Humongous regions: 129->129
[2024-12-11T18:39:40.733+0100][gc,metaspace  ] GC(34) Metaspace: 43228K(45824K)->43228K(45824K) NonClass: 37373K(38656K)->37373K(38656K) Class: 5854K(7168K)->5854K(7168K)
[2024-12-11T18:39:40.733+0100][gc            ] GC(34) Pause Young (Normal) (G1 Evacuation Pause) 756M->144M(1024M) 5,021ms
[2024-12-11T18:39:40.733+0100][gc,cpu        ] GC(34) User=0,00s Sys=0,01s Real=0,01s
[2024-12-11T18:47:30.735+0100][gc,start      ] GC(35) Pause Young (Normal) (G1 Evacuation Pause)
[2024-12-11T18:47:30.735+0100][gc,task       ] GC(35) Using 4 workers of 4 for evacuation
[2024-12-11T18:47:30.739+0100][gc,phases     ] GC(35)   Pre Evacuate Collection Set: 0,1ms
[2024-12-11T18:47:30.739+0100][gc,phases     ] GC(35)   Evacuate Collection Set: 2,2ms
[2024-12-11T18:47:30.739+0100][gc,phases     ] GC(35)   Post Evacuate Collection Set: 1,6ms
[2024-12-11T18:47:30.739+0100][gc,phases     ] GC(35)   Other: 0,3ms
[2024-12-11T18:47:30.739+0100][gc,heap       ] GC(35) Eden regions: 612->0(612)
[2024-12-11T18:47:30.739+0100][gc,heap       ] GC(35) Survivor regions: 2->2(77)
[2024-12-11T18:47:30.739+0100][gc,heap       ] GC(35) Old regions: 17->17
[2024-12-11T18:47:30.739+0100][gc,heap       ] GC(35) Humongous regions: 129->129
[2024-12-11T18:47:30.739+0100][gc,metaspace  ] GC(35) Metaspace: 43228K(45824K)->43228K(45824K) NonClass: 37373K(38656K)->37373K(38656K) Class: 5854K(7168K)->5854K(7168K)
[2024-12-11T18:47:30.739+0100][gc            ] GC(35) Pause Young (Normal) (G1 Evacuation Pause) 756M->144M(1024M) 4,215ms
[2024-12-11T18:47:30.739+0100][gc,cpu        ] GC(35) User=0,01s Sys=0,00s Real=0,01s
