[2024-12-12T14:03:25.451+0100][gc,heap] Heap region size: 1M
[2024-12-12T14:03:25.483+0100][gc     ] Using G1
[2024-12-12T14:03:25.483+0100][gc,heap,coops] Heap address: 0x00000000c0000000, size: 1024 MB, Compressed Oops mode: 32-bit
[2024-12-12T14:03:25.484+0100][gc,cds       ] Mark closed archive regions in map: [0x00000000fff00000, 0x00000000fff6aff8]
[2024-12-12T14:03:25.484+0100][gc,cds       ] Mark open archive regions in map: [0x00000000ffe00000, 0x00000000ffe47ff8]
[2024-12-12T14:03:28.313+0100][gc,start     ] GC(0) Pause Young (Normal) (G1 Evacuation Pause)
[2024-12-12T14:03:28.315+0100][gc,task      ] GC(0) Using 4 workers of 4 for evacuation
[2024-12-12T14:03:28.337+0100][gc,mmu       ] GC(0) MMU target violated: 21,0ms (20,0ms/21,0ms)
[2024-12-12T14:03:28.337+0100][gc,phases    ] GC(0)   Pre Evacuate Collection Set: 0,0ms
[2024-12-12T14:03:28.337+0100][gc,phases    ] GC(0)   Evacuate Collection Set: 16,7ms
[2024-12-12T14:03:28.337+0100][gc,phases    ] GC(0)   Post Evacuate Collection Set: 4,8ms
[2024-12-12T14:03:28.337+0100][gc,phases    ] GC(0)   Other: 2,1ms
[2024-12-12T14:03:28.337+0100][gc,heap      ] GC(0) Eden regions: 51->0(44)
[2024-12-12T14:03:28.337+0100][gc,heap      ] GC(0) Survivor regions: 0->7(7)
[2024-12-12T14:03:28.337+0100][gc,heap      ] GC(0) Old regions: 2->2
[2024-12-12T14:03:28.337+0100][gc,heap      ] GC(0) Humongous regions: 0->0
[2024-12-12T14:03:28.337+0100][gc,metaspace ] GC(0) Metaspace: 14433K(15360K)->14433K(15360K) NonClass: 12421K(13056K)->12421K(13056K) Class: 2012K(2304K)->2012K(2304K)
[2024-12-12T14:03:28.337+0100][gc           ] GC(0) Pause Young (Normal) (G1 Evacuation Pause) 51M->7M(1024M) 23,692ms
[2024-12-12T14:03:28.337+0100][gc,cpu       ] GC(0) User=0,01s Sys=0,02s Real=0,02s
[2024-12-12T14:03:29.611+0100][gc,start     ] GC(1) Pause Young (Concurrent Start) (Metadata GC Threshold)
[2024-12-12T14:03:29.611+0100][gc,task      ] GC(1) Using 4 workers of 4 for evacuation
[2024-12-12T14:03:29.635+0100][gc,mmu       ] GC(1) MMU target violated: 21,0ms (20,0ms/21,0ms)
[2024-12-12T14:03:29.635+0100][gc,phases    ] GC(1)   Pre Evacuate Collection Set: 0,1ms
[2024-12-12T14:03:29.635+0100][gc,phases    ] GC(1)   Evacuate Collection Set: 22,3ms
[2024-12-12T14:03:29.635+0100][gc,phases    ] GC(1)   Post Evacuate Collection Set: 1,2ms
[2024-12-12T14:03:29.635+0100][gc,phases    ] GC(1)   Other: 0,7ms
[2024-12-12T14:03:29.635+0100][gc,heap      ] GC(1) Eden regions: 26->0(50)
[2024-12-12T14:03:29.635+0100][gc,heap      ] GC(1) Survivor regions: 7->1(7)
[2024-12-12T14:03:29.635+0100][gc,heap      ] GC(1) Old regions: 2->9
[2024-12-12T14:03:29.635+0100][gc,heap      ] GC(1) Humongous regions: 0->0
[2024-12-12T14:03:29.635+0100][gc,metaspace ] GC(1) Metaspace: 20591K(21248K)->20591K(21248K) NonClass: 17792K(18176K)->17792K(18176K) Class: 2799K(3072K)->2799K(3072K)
[2024-12-12T14:03:29.635+0100][gc           ] GC(1) Pause Young (Concurrent Start) (Metadata GC Threshold) 33M->8M(1024M) 24,218ms
[2024-12-12T14:03:29.635+0100][gc,cpu       ] GC(1) User=0,02s Sys=0,04s Real=0,02s
[2024-12-12T14:03:29.635+0100][gc           ] GC(2) Concurrent Cycle
[2024-12-12T14:03:29.635+0100][gc,marking   ] GC(2) Concurrent Clear Claimed Marks
[2024-12-12T14:03:29.635+0100][gc,marking   ] GC(2) Concurrent Clear Claimed Marks 0,029ms
[2024-12-12T14:03:29.635+0100][gc,marking   ] GC(2) Concurrent Scan Root Regions
[2024-12-12T14:03:29.636+0100][gc,marking   ] GC(2) Concurrent Scan Root Regions 1,240ms
[2024-12-12T14:03:29.636+0100][gc,marking   ] GC(2) Concurrent Mark (4,192s)
[2024-12-12T14:03:29.636+0100][gc,marking   ] GC(2) Concurrent Mark From Roots
[2024-12-12T14:03:29.636+0100][gc,task      ] GC(2) Using 1 workers of 1 for marking
[2024-12-12T14:03:29.644+0100][gc,marking   ] GC(2) Concurrent Mark From Roots 7,291ms
[2024-12-12T14:03:29.644+0100][gc,marking   ] GC(2) Concurrent Preclean
[2024-12-12T14:03:29.644+0100][gc,marking   ] GC(2) Concurrent Preclean 0,308ms
[2024-12-12T14:03:29.644+0100][gc,marking   ] GC(2) Concurrent Mark (4,192s, 4,200s) 7,721ms
[2024-12-12T14:03:29.645+0100][gc,start     ] GC(2) Pause Remark
[2024-12-12T14:03:29.647+0100][gc,stringtable] GC(2) Cleaned string and symbol table, strings: 5170 processed, 0 removed, symbols: 52417 processed, 60 removed
[2024-12-12T14:03:29.648+0100][gc            ] GC(2) Pause Remark 8M->8M(1024M) 3,524ms
[2024-12-12T14:03:29.648+0100][gc,cpu        ] GC(2) User=0,01s Sys=0,00s Real=0,01s
[2024-12-12T14:03:29.648+0100][gc,marking    ] GC(2) Concurrent Rebuild Remembered Sets
[2024-12-12T14:03:29.652+0100][gc,marking    ] GC(2) Concurrent Rebuild Remembered Sets 3,617ms
[2024-12-12T14:03:29.657+0100][gc,start      ] GC(2) Pause Cleanup
[2024-12-12T14:03:29.657+0100][gc            ] GC(2) Pause Cleanup 9M->9M(1024M) 0,531ms
[2024-12-12T14:03:29.657+0100][gc,cpu        ] GC(2) User=0,00s Sys=0,00s Real=0,00s
[2024-12-12T14:03:29.658+0100][gc,marking    ] GC(2) Concurrent Cleanup for Next Mark
[2024-12-12T14:03:29.750+0100][gc,marking    ] GC(2) Concurrent Cleanup for Next Mark 91,789ms
[2024-12-12T14:03:29.750+0100][gc            ] GC(2) Concurrent Cycle 115,095ms
[2024-12-12T14:03:31.560+0100][gc,start      ] GC(3) Pause Young (Normal) (G1 Evacuation Pause)
[2024-12-12T14:03:31.560+0100][gc,task       ] GC(3) Using 4 workers of 4 for evacuation
[2024-12-12T14:03:31.612+0100][gc,mmu        ] GC(3) MMU target violated: 21,0ms (20,0ms/21,0ms)
[2024-12-12T14:03:31.612+0100][gc,phases     ] GC(3)   Pre Evacuate Collection Set: 0,1ms
[2024-12-12T14:03:31.612+0100][gc,phases     ] GC(3)   Evacuate Collection Set: 39,3ms
[2024-12-12T14:03:31.612+0100][gc,phases     ] GC(3)   Post Evacuate Collection Set: 11,7ms
[2024-12-12T14:03:31.612+0100][gc,phases     ] GC(3)   Other: 1,0ms
[2024-12-12T14:03:31.612+0100][gc,heap       ] GC(3) Eden regions: 50->0(46)
[2024-12-12T14:03:31.612+0100][gc,heap       ] GC(3) Survivor regions: 1->5(7)
[2024-12-12T14:03:31.612+0100][gc,heap       ] GC(3) Old regions: 9->9
[2024-12-12T14:03:31.612+0100][gc,heap       ] GC(3) Humongous regions: 129->129
[2024-12-12T14:03:31.612+0100][gc,metaspace  ] GC(3) Metaspace: 28997K(30080K)->28997K(30080K) NonClass: 25279K(25856K)->25279K(25856K) Class: 3718K(4224K)->3718K(4224K)
[2024-12-12T14:03:31.612+0100][gc            ] GC(3) Pause Young (Normal) (G1 Evacuation Pause) 187M->140M(1024M) 52,371ms
[2024-12-12T14:03:31.612+0100][gc,cpu        ] GC(3) User=0,04s Sys=0,04s Real=0,05s
[2024-12-12T14:03:32.703+0100][gc,start      ] GC(4) Pause Young (Concurrent Start) (Metadata GC Threshold)
[2024-12-12T14:03:32.704+0100][gc,task       ] GC(4) Using 4 workers of 4 for evacuation
[2024-12-12T14:03:32.723+0100][gc,phases     ] GC(4)   Pre Evacuate Collection Set: 0,2ms
[2024-12-12T14:03:32.723+0100][gc,phases     ] GC(4)   Evacuate Collection Set: 18,5ms
[2024-12-12T14:03:32.723+0100][gc,phases     ] GC(4)   Post Evacuate Collection Set: 0,3ms
[2024-12-12T14:03:32.723+0100][gc,phases     ] GC(4)   Other: 0,7ms
[2024-12-12T14:03:32.723+0100][gc,heap       ] GC(4) Eden regions: 29->0(45)
[2024-12-12T14:03:32.723+0100][gc,heap       ] GC(4) Survivor regions: 5->6(7)
[2024-12-12T14:03:32.723+0100][gc,heap       ] GC(4) Old regions: 9->10
[2024-12-12T14:03:32.723+0100][gc,heap       ] GC(4) Humongous regions: 129->129
[2024-12-12T14:03:32.723+0100][gc,metaspace  ] GC(4) Metaspace: 34394K(35840K)->34394K(35840K) NonClass: 30022K(30848K)->30022K(30848K) Class: 4371K(4992K)->4371K(4992K)
[2024-12-12T14:03:32.723+0100][gc            ] GC(4) Pause Young (Concurrent Start) (Metadata GC Threshold) 168M->142M(1024M) 19,922ms
[2024-12-12T14:03:32.723+0100][gc,cpu        ] GC(4) User=0,02s Sys=0,01s Real=0,02s
[2024-12-12T14:03:32.723+0100][gc            ] GC(5) Concurrent Cycle
[2024-12-12T14:03:32.724+0100][gc,marking    ] GC(5) Concurrent Clear Claimed Marks
[2024-12-12T14:03:32.724+0100][gc,marking    ] GC(5) Concurrent Clear Claimed Marks 0,107ms
[2024-12-12T14:03:32.724+0100][gc,marking    ] GC(5) Concurrent Scan Root Regions
[2024-12-12T14:03:32.754+0100][gc,marking    ] GC(5) Concurrent Scan Root Regions 29,921ms
[2024-12-12T14:03:32.754+0100][gc,marking    ] GC(5) Concurrent Mark (7,310s)
[2024-12-12T14:03:32.754+0100][gc,marking    ] GC(5) Concurrent Mark From Roots
[2024-12-12T14:03:32.754+0100][gc,task       ] GC(5) Using 1 workers of 1 for marking
[2024-12-12T14:03:32.833+0100][gc,marking    ] GC(5) Concurrent Mark From Roots 79,422ms
[2024-12-12T14:03:32.833+0100][gc,marking    ] GC(5) Concurrent Preclean
[2024-12-12T14:03:32.833+0100][gc,marking    ] GC(5) Concurrent Preclean 0,097ms
[2024-12-12T14:03:32.833+0100][gc,marking    ] GC(5) Concurrent Mark (7,310s, 7,389s) 79,645ms
[2024-12-12T14:03:32.837+0100][gc,start      ] GC(5) Pause Remark
[2024-12-12T14:03:32.841+0100][gc,stringtable] GC(5) Cleaned string and symbol table, strings: 10449 processed, 12 removed, symbols: 84826 processed, 14 removed
[2024-12-12T14:03:32.842+0100][gc            ] GC(5) Pause Remark 146M->146M(1024M) 4,177ms
[2024-12-12T14:03:32.842+0100][gc,cpu        ] GC(5) User=0,00s Sys=0,01s Real=0,00s
[2024-12-12T14:03:32.842+0100][gc,marking    ] GC(5) Concurrent Rebuild Remembered Sets
[2024-12-12T14:03:32.848+0100][gc,marking    ] GC(5) Concurrent Rebuild Remembered Sets 6,299ms
[2024-12-12T14:03:32.849+0100][gc,start      ] GC(5) Pause Cleanup
[2024-12-12T14:03:32.849+0100][gc            ] GC(5) Pause Cleanup 146M->146M(1024M) 0,242ms
[2024-12-12T14:03:32.849+0100][gc,cpu        ] GC(5) User=0,00s Sys=0,00s Real=0,00s
[2024-12-12T14:03:32.850+0100][gc,marking    ] GC(5) Concurrent Cleanup for Next Mark
[2024-12-12T14:03:33.121+0100][gc,marking    ] GC(5) Concurrent Cleanup for Next Mark 271,193ms
[2024-12-12T14:03:33.121+0100][gc            ] GC(5) Concurrent Cycle 397,554ms
[2024-12-12T14:08:22.116+0100][gc,start      ] GC(6) Pause Young (Concurrent Start) (G1 Evacuation Pause)
[2024-12-12T14:08:22.116+0100][gc,task       ] GC(6) Using 4 workers of 4 for evacuation
[2024-12-12T14:08:22.141+0100][gc,mmu        ] GC(6) MMU target violated: 21,0ms (20,0ms/21,0ms)
[2024-12-12T14:08:22.142+0100][gc,phases     ] GC(6)   Pre Evacuate Collection Set: 0,7ms
[2024-12-12T14:08:22.142+0100][gc,phases     ] GC(6)   Evacuate Collection Set: 22,9ms
[2024-12-12T14:08:22.142+0100][gc,phases     ] GC(6)   Post Evacuate Collection Set: 1,0ms
[2024-12-12T14:08:22.142+0100][gc,phases     ] GC(6)   Other: 1,0ms
[2024-12-12T14:08:22.142+0100][gc,heap       ] GC(6) Eden regions: 45->0(46)
[2024-12-12T14:08:22.142+0100][gc,heap       ] GC(6) Survivor regions: 6->5(7)
[2024-12-12T14:08:22.142+0100][gc,heap       ] GC(6) Old regions: 10->13
[2024-12-12T14:08:22.142+0100][gc,heap       ] GC(6) Humongous regions: 129->129
[2024-12-12T14:08:22.142+0100][gc,metaspace  ] GC(6) Metaspace: 41032K(43392K)->41032K(43392K) NonClass: 35465K(36608K)->35465K(36608K) Class: 5566K(6784K)->5566K(6784K)
[2024-12-12T14:08:22.142+0100][gc            ] GC(6) Pause Young (Concurrent Start) (G1 Evacuation Pause) 187M->144M(1024M) 25,677ms
[2024-12-12T14:08:22.142+0100][gc,cpu        ] GC(6) User=0,03s Sys=0,00s Real=0,03s
[2024-12-12T14:08:22.142+0100][gc            ] GC(7) Concurrent Cycle
[2024-12-12T14:08:22.142+0100][gc,marking    ] GC(7) Concurrent Clear Claimed Marks
[2024-12-12T14:08:22.143+0100][gc,marking    ] GC(7) Concurrent Clear Claimed Marks 0,214ms
[2024-12-12T14:08:22.143+0100][gc,marking    ] GC(7) Concurrent Scan Root Regions
[2024-12-12T14:08:22.154+0100][gc,marking    ] GC(7) Concurrent Scan Root Regions 11,179ms
[2024-12-12T14:08:22.154+0100][gc,marking    ] GC(7) Concurrent Mark (296,710s)
[2024-12-12T14:08:22.154+0100][gc,marking    ] GC(7) Concurrent Mark From Roots
[2024-12-12T14:08:22.154+0100][gc,task       ] GC(7) Using 1 workers of 1 for marking
[2024-12-12T14:08:22.182+0100][gc,marking    ] GC(7) Concurrent Mark From Roots 27,696ms
[2024-12-12T14:08:22.182+0100][gc,marking    ] GC(7) Concurrent Preclean
[2024-12-12T14:08:22.182+0100][gc,marking    ] GC(7) Concurrent Preclean 0,076ms
[2024-12-12T14:08:22.182+0100][gc,marking    ] GC(7) Concurrent Mark (296,710s, 296,738s) 27,837ms
[2024-12-12T14:08:22.182+0100][gc,start      ] GC(7) Pause Remark
[2024-12-12T14:08:22.189+0100][gc,stringtable] GC(7) Cleaned string and symbol table, strings: 11310 processed, 4 removed, symbols: 91226 processed, 4 removed
[2024-12-12T14:08:22.190+0100][gc            ] GC(7) Pause Remark 145M->145M(1024M) 7,250ms
[2024-12-12T14:08:22.190+0100][gc,cpu        ] GC(7) User=0,01s Sys=0,00s Real=0,00s
[2024-12-12T14:08:22.190+0100][gc,marking    ] GC(7) Concurrent Rebuild Remembered Sets
[2024-12-12T14:08:22.208+0100][gc,marking    ] GC(7) Concurrent Rebuild Remembered Sets 18,187ms
[2024-12-12T14:08:22.208+0100][gc,start      ] GC(7) Pause Cleanup
[2024-12-12T14:08:22.208+0100][gc            ] GC(7) Pause Cleanup 145M->145M(1024M) 0,096ms
[2024-12-12T14:08:22.208+0100][gc,cpu        ] GC(7) User=0,00s Sys=0,00s Real=0,00s
[2024-12-12T14:08:22.208+0100][gc,marking    ] GC(7) Concurrent Cleanup for Next Mark
[2024-12-12T14:08:22.212+0100][gc,marking    ] GC(7) Concurrent Cleanup for Next Mark 3,854ms
[2024-12-12T14:08:22.212+0100][gc            ] GC(7) Concurrent Cycle 70,329ms
[2024-12-12T14:08:57.121+0100][gc,start      ] GC(8) Pause Young (Normal) (G1 Evacuation Pause)
[2024-12-12T14:08:57.121+0100][gc,task       ] GC(8) Using 4 workers of 4 for evacuation
[2024-12-12T14:08:57.128+0100][gc,phases     ] GC(8)   Pre Evacuate Collection Set: 0,1ms
[2024-12-12T14:08:57.128+0100][gc,phases     ] GC(8)   Evacuate Collection Set: 5,6ms
[2024-12-12T14:08:57.128+0100][gc,phases     ] GC(8)   Post Evacuate Collection Set: 1,0ms
[2024-12-12T14:08:57.128+0100][gc,phases     ] GC(8)   Other: 0,3ms
[2024-12-12T14:08:57.128+0100][gc,heap       ] GC(8) Eden regions: 46->0(48)
[2024-12-12T14:08:57.128+0100][gc,heap       ] GC(8) Survivor regions: 5->3(7)
[2024-12-12T14:08:57.128+0100][gc,heap       ] GC(8) Old regions: 13->15
[2024-12-12T14:08:57.128+0100][gc,heap       ] GC(8) Humongous regions: 129->129
[2024-12-12T14:08:57.128+0100][gc,metaspace  ] GC(8) Metaspace: 41116K(43648K)->41116K(43648K) NonClass: 35539K(36864K)->35539K(36864K) Class: 5576K(6784K)->5576K(6784K)
[2024-12-12T14:08:57.128+0100][gc            ] GC(8) Pause Young (Normal) (G1 Evacuation Pause) 190M->144M(1024M) 7,095ms
[2024-12-12T14:08:57.128+0100][gc,cpu        ] GC(8) User=0,01s Sys=0,00s Real=0,01s
[2024-12-12T14:09:42.900+0100][gc,start      ] GC(9) Pause Young (Normal) (G1 Evacuation Pause)
[2024-12-12T14:09:42.900+0100][gc,task       ] GC(9) Using 4 workers of 4 for evacuation
[2024-12-12T14:09:42.910+0100][gc,phases     ] GC(9)   Pre Evacuate Collection Set: 0,0ms
[2024-12-12T14:09:42.910+0100][gc,phases     ] GC(9)   Evacuate Collection Set: 8,6ms
[2024-12-12T14:09:42.910+0100][gc,phases     ] GC(9)   Post Evacuate Collection Set: 0,9ms
[2024-12-12T14:09:42.910+0100][gc,phases     ] GC(9)   Other: 0,4ms
[2024-12-12T14:09:42.910+0100][gc,heap       ] GC(9) Eden regions: 48->0(48)
[2024-12-12T14:09:42.910+0100][gc,heap       ] GC(9) Survivor regions: 3->3(7)
[2024-12-12T14:09:42.910+0100][gc,heap       ] GC(9) Old regions: 15->15
[2024-12-12T14:09:42.910+0100][gc,heap       ] GC(9) Humongous regions: 129->129
[2024-12-12T14:09:42.910+0100][gc,metaspace  ] GC(9) Metaspace: 41182K(43648K)->41182K(43648K) NonClass: 35589K(36864K)->35589K(36864K) Class: 5593K(6784K)->5593K(6784K)
[2024-12-12T14:09:42.910+0100][gc            ] GC(9) Pause Young (Normal) (G1 Evacuation Pause) 192M->144M(1024M) 10,166ms
[2024-12-12T14:09:42.910+0100][gc,cpu        ] GC(9) User=0,01s Sys=0,00s Real=0,01s
[2024-12-12T14:10:34.588+0100][gc,start      ] GC(10) Pause Young (Normal) (G1 Evacuation Pause)
[2024-12-12T14:10:34.588+0100][gc,task       ] GC(10) Using 4 workers of 4 for evacuation
[2024-12-12T14:10:34.593+0100][gc,phases     ] GC(10)   Pre Evacuate Collection Set: 0,0ms
[2024-12-12T14:10:34.593+0100][gc,phases     ] GC(10)   Evacuate Collection Set: 3,0ms
[2024-12-12T14:10:34.593+0100][gc,phases     ] GC(10)   Post Evacuate Collection Set: 1,6ms
[2024-12-12T14:10:34.593+0100][gc,phases     ] GC(10)   Other: 0,4ms
[2024-12-12T14:10:34.593+0100][gc,heap       ] GC(10) Eden regions: 48->0(48)
[2024-12-12T14:10:34.593+0100][gc,heap       ] GC(10) Survivor regions: 3->3(7)
[2024-12-12T14:10:34.593+0100][gc,heap       ] GC(10) Old regions: 15->15
[2024-12-12T14:10:34.593+0100][gc,heap       ] GC(10) Humongous regions: 129->129
[2024-12-12T14:10:34.593+0100][gc,metaspace  ] GC(10) Metaspace: 41187K(43648K)->41187K(43648K) NonClass: 35594K(36864K)->35594K(36864K) Class: 5593K(6784K)->5593K(6784K)
[2024-12-12T14:10:34.593+0100][gc            ] GC(10) Pause Young (Normal) (G1 Evacuation Pause) 192M->144M(1024M) 5,093ms
[2024-12-12T14:10:34.593+0100][gc,cpu        ] GC(10) User=0,01s Sys=0,00s Real=0,00s
[2024-12-12T14:11:16.333+0100][gc,start      ] GC(11) Pause Young (Normal) (G1 Evacuation Pause)
[2024-12-12T14:11:16.333+0100][gc,task       ] GC(11) Using 4 workers of 4 for evacuation
[2024-12-12T14:11:16.338+0100][gc,phases     ] GC(11)   Pre Evacuate Collection Set: 0,0ms
[2024-12-12T14:11:16.338+0100][gc,phases     ] GC(11)   Evacuate Collection Set: 3,0ms
[2024-12-12T14:11:16.338+0100][gc,phases     ] GC(11)   Post Evacuate Collection Set: 1,5ms
[2024-12-12T14:11:16.338+0100][gc,phases     ] GC(11)   Other: 0,3ms
[2024-12-12T14:11:16.338+0100][gc,heap       ] GC(11) Eden regions: 48->0(52)
[2024-12-12T14:11:16.338+0100][gc,heap       ] GC(11) Survivor regions: 3->3(7)
[2024-12-12T14:11:16.338+0100][gc,heap       ] GC(11) Old regions: 15->15
[2024-12-12T14:11:16.338+0100][gc,heap       ] GC(11) Humongous regions: 129->129
[2024-12-12T14:11:16.338+0100][gc,metaspace  ] GC(11) Metaspace: 41188K(43648K)->41188K(43648K) NonClass: 35595K(36864K)->35595K(36864K) Class: 5593K(6784K)->5593K(6784K)
[2024-12-12T14:11:16.338+0100][gc            ] GC(11) Pause Young (Normal) (G1 Evacuation Pause) 192M->144M(1024M) 4,837ms
[2024-12-12T14:11:16.338+0100][gc,cpu        ] GC(11) User=0,01s Sys=0,00s Real=0,00s
[2024-12-12T14:12:00.189+0100][gc,start      ] GC(12) Pause Young (Normal) (G1 Evacuation Pause)
[2024-12-12T14:12:00.189+0100][gc,task       ] GC(12) Using 4 workers of 4 for evacuation
[2024-12-12T14:12:00.195+0100][gc,phases     ] GC(12)   Pre Evacuate Collection Set: 0,0ms
[2024-12-12T14:12:00.195+0100][gc,phases     ] GC(12)   Evacuate Collection Set: 4,3ms
[2024-12-12T14:12:00.195+0100][gc,phases     ] GC(12)   Post Evacuate Collection Set: 1,4ms
[2024-12-12T14:12:00.195+0100][gc,phases     ] GC(12)   Other: 0,5ms
[2024-12-12T14:12:00.195+0100][gc,heap       ] GC(12) Eden regions: 52->0(57)
[2024-12-12T14:12:00.195+0100][gc,heap       ] GC(12) Survivor regions: 3->3(7)
[2024-12-12T14:12:00.195+0100][gc,heap       ] GC(12) Old regions: 15->15
[2024-12-12T14:12:00.195+0100][gc,heap       ] GC(12) Humongous regions: 129->129
[2024-12-12T14:12:00.195+0100][gc,metaspace  ] GC(12) Metaspace: 41195K(43648K)->41195K(43648K) NonClass: 35602K(36864K)->35602K(36864K) Class: 5593K(6784K)->5593K(6784K)
[2024-12-12T14:12:00.195+0100][gc            ] GC(12) Pause Young (Normal) (G1 Evacuation Pause) 196M->144M(1024M) 6,355ms
[2024-12-12T14:12:00.195+0100][gc,cpu        ] GC(12) User=0,00s Sys=0,01s Real=0,00s
[2024-12-12T14:12:50.488+0100][gc,start      ] GC(13) Pause Young (Normal) (G1 Evacuation Pause)
[2024-12-12T14:12:50.488+0100][gc,task       ] GC(13) Using 4 workers of 4 for evacuation
[2024-12-12T14:12:50.492+0100][gc,phases     ] GC(13)   Pre Evacuate Collection Set: 0,0ms
[2024-12-12T14:12:50.492+0100][gc,phases     ] GC(13)   Evacuate Collection Set: 3,1ms
[2024-12-12T14:12:50.492+0100][gc,phases     ] GC(13)   Post Evacuate Collection Set: 0,9ms
[2024-12-12T14:12:50.492+0100][gc,phases     ] GC(13)   Other: 0,3ms
[2024-12-12T14:12:50.492+0100][gc,heap       ] GC(13) Eden regions: 57->0(76)
[2024-12-12T14:12:50.492+0100][gc,heap       ] GC(13) Survivor regions: 3->3(8)
[2024-12-12T14:12:50.492+0100][gc,heap       ] GC(13) Old regions: 15->15
[2024-12-12T14:12:50.492+0100][gc,heap       ] GC(13) Humongous regions: 129->129
[2024-12-12T14:12:50.492+0100][gc,metaspace  ] GC(13) Metaspace: 41197K(43648K)->41197K(43648K) NonClass: 35604K(36864K)->35604K(36864K) Class: 5593K(6784K)->5593K(6784K)
[2024-12-12T14:12:50.492+0100][gc            ] GC(13) Pause Young (Normal) (G1 Evacuation Pause) 201M->144M(1024M) 4,452ms
[2024-12-12T14:12:50.492+0100][gc,cpu        ] GC(13) User=0,00s Sys=0,01s Real=0,00s
[2024-12-12T14:13:56.916+0100][gc,start      ] GC(14) Pause Young (Normal) (G1 Evacuation Pause)
[2024-12-12T14:13:56.916+0100][gc,task       ] GC(14) Using 4 workers of 4 for evacuation
[2024-12-12T14:13:56.921+0100][gc,phases     ] GC(14)   Pre Evacuate Collection Set: 0,1ms
[2024-12-12T14:13:56.921+0100][gc,phases     ] GC(14)   Evacuate Collection Set: 3,9ms
[2024-12-12T14:13:56.921+0100][gc,phases     ] GC(14)   Post Evacuate Collection Set: 0,9ms
[2024-12-12T14:13:56.921+0100][gc,phases     ] GC(14)   Other: 0,3ms
[2024-12-12T14:13:56.921+0100][gc,heap       ] GC(14) Eden regions: 76->0(109)
[2024-12-12T14:13:56.921+0100][gc,heap       ] GC(14) Survivor regions: 3->3(10)
[2024-12-12T14:13:56.921+0100][gc,heap       ] GC(14) Old regions: 15->15
[2024-12-12T14:13:56.921+0100][gc,heap       ] GC(14) Humongous regions: 129->129
[2024-12-12T14:13:56.921+0100][gc,metaspace  ] GC(14) Metaspace: 41215K(43648K)->41215K(43648K) NonClass: 35621K(36864K)->35621K(36864K) Class: 5593K(6784K)->5593K(6784K)
[2024-12-12T14:13:56.921+0100][gc            ] GC(14) Pause Young (Normal) (G1 Evacuation Pause) 220M->144M(1024M) 5,273ms
[2024-12-12T14:13:56.921+0100][gc,cpu        ] GC(14) User=0,01s Sys=0,00s Real=0,01s
[2024-12-12T14:15:52.502+0100][gc,start      ] GC(15) Pause Young (Normal) (G1 Evacuation Pause)
[2024-12-12T14:15:52.502+0100][gc,task       ] GC(15) Using 4 workers of 4 for evacuation
[2024-12-12T14:15:52.508+0100][gc,phases     ] GC(15)   Pre Evacuate Collection Set: 0,1ms
[2024-12-12T14:15:52.508+0100][gc,phases     ] GC(15)   Evacuate Collection Set: 5,1ms
[2024-12-12T14:15:52.508+0100][gc,phases     ] GC(15)   Post Evacuate Collection Set: 0,8ms
[2024-12-12T14:15:52.508+0100][gc,phases     ] GC(15)   Other: 0,3ms
[2024-12-12T14:15:52.508+0100][gc,heap       ] GC(15) Eden regions: 109->0(141)
[2024-12-12T14:15:52.508+0100][gc,heap       ] GC(15) Survivor regions: 3->3(14)
[2024-12-12T14:15:52.508+0100][gc,heap       ] GC(15) Old regions: 15->15
[2024-12-12T14:15:52.508+0100][gc,heap       ] GC(15) Humongous regions: 129->129
[2024-12-12T14:15:52.508+0100][gc,metaspace  ] GC(15) Metaspace: 41238K(43648K)->41238K(43648K) NonClass: 35643K(36864K)->35643K(36864K) Class: 5594K(6784K)->5594K(6784K)
[2024-12-12T14:15:52.508+0100][gc            ] GC(15) Pause Young (Normal) (G1 Evacuation Pause) 253M->144M(1024M) 6,548ms
[2024-12-12T14:15:52.508+0100][gc,cpu        ] GC(15) User=0,02s Sys=0,00s Real=0,01s
[2024-12-12T14:17:52.779+0100][gc,start      ] GC(16) Pause Young (Normal) (G1 Evacuation Pause)
[2024-12-12T14:17:52.780+0100][gc,task       ] GC(16) Using 4 workers of 4 for evacuation
[2024-12-12T14:17:52.785+0100][gc,phases     ] GC(16)   Pre Evacuate Collection Set: 0,0ms
[2024-12-12T14:17:52.785+0100][gc,phases     ] GC(16)   Evacuate Collection Set: 3,7ms
[2024-12-12T14:17:52.785+0100][gc,phases     ] GC(16)   Post Evacuate Collection Set: 1,3ms
[2024-12-12T14:17:52.785+0100][gc,phases     ] GC(16)   Other: 0,3ms
[2024-12-12T14:17:52.785+0100][gc,heap       ] GC(16) Eden regions: 141->0(227)
[2024-12-12T14:17:52.785+0100][gc,heap       ] GC(16) Survivor regions: 3->3(18)
[2024-12-12T14:17:52.785+0100][gc,heap       ] GC(16) Old regions: 15->15
[2024-12-12T14:17:52.785+0100][gc,heap       ] GC(16) Humongous regions: 129->129
[2024-12-12T14:17:52.785+0100][gc,metaspace  ] GC(16) Metaspace: 41261K(43648K)->41261K(43648K) NonClass: 35666K(36864K)->35666K(36864K) Class: 5594K(6784K)->5594K(6784K)
[2024-12-12T14:17:52.785+0100][gc            ] GC(16) Pause Young (Normal) (G1 Evacuation Pause) 285M->144M(1024M) 5,389ms
[2024-12-12T14:17:52.785+0100][gc,cpu        ] GC(16) User=0,01s Sys=0,01s Real=0,00s
[2024-12-12T14:21:07.660+0100][gc,start      ] GC(17) Pause Young (Normal) (G1 Evacuation Pause)
[2024-12-12T14:21:07.661+0100][gc,task       ] GC(17) Using 4 workers of 4 for evacuation
[2024-12-12T14:21:07.667+0100][gc,phases     ] GC(17)   Pre Evacuate Collection Set: 0,1ms
[2024-12-12T14:21:07.667+0100][gc,phases     ] GC(17)   Evacuate Collection Set: 4,7ms
[2024-12-12T14:21:07.667+0100][gc,phases     ] GC(17)   Post Evacuate Collection Set: 1,8ms
[2024-12-12T14:21:07.668+0100][gc,phases     ] GC(17)   Other: 0,5ms
[2024-12-12T14:21:07.668+0100][gc,heap       ] GC(17) Eden regions: 227->0(337)
[2024-12-12T14:21:07.668+0100][gc,heap       ] GC(17) Survivor regions: 3->3(29)
[2024-12-12T14:21:07.668+0100][gc,heap       ] GC(17) Old regions: 15->15
[2024-12-12T14:21:07.668+0100][gc,heap       ] GC(17) Humongous regions: 129->129
[2024-12-12T14:21:07.668+0100][gc,metaspace  ] GC(17) Metaspace: 41270K(43648K)->41270K(43648K) NonClass: 35675K(36864K)->35675K(36864K) Class: 5594K(6784K)->5594K(6784K)
[2024-12-12T14:21:07.668+0100][gc            ] GC(17) Pause Young (Normal) (G1 Evacuation Pause) 371M->144M(1024M) 7,149ms
[2024-12-12T14:21:07.668+0100][gc,cpu        ] GC(17) User=0,00s Sys=0,01s Real=0,01s
[2024-12-12T14:26:13.135+0100][gc,start      ] GC(18) Pause Young (Normal) (G1 Evacuation Pause)
[2024-12-12T14:26:13.135+0100][gc,task       ] GC(18) Using 4 workers of 4 for evacuation
[2024-12-12T14:26:13.151+0100][gc,phases     ] GC(18)   Pre Evacuate Collection Set: 0,1ms
[2024-12-12T14:26:13.151+0100][gc,phases     ] GC(18)   Evacuate Collection Set: 13,2ms
[2024-12-12T14:26:13.151+0100][gc,phases     ] GC(18)   Post Evacuate Collection Set: 2,7ms
[2024-12-12T14:26:13.151+0100][gc,phases     ] GC(18)   Other: 0,3ms
[2024-12-12T14:26:13.151+0100][gc,heap       ] GC(18) Eden regions: 337->0(611)
[2024-12-12T14:26:13.151+0100][gc,heap       ] GC(18) Survivor regions: 3->3(43)
[2024-12-12T14:26:13.151+0100][gc,heap       ] GC(18) Old regions: 15->15
[2024-12-12T14:26:13.151+0100][gc,heap       ] GC(18) Humongous regions: 129->129
[2024-12-12T14:26:13.151+0100][gc,metaspace  ] GC(18) Metaspace: 41361K(43904K)->41361K(43904K) NonClass: 35766K(37120K)->35766K(37120K) Class: 5594K(6784K)->5594K(6784K)
[2024-12-12T14:26:13.151+0100][gc            ] GC(18) Pause Young (Normal) (G1 Evacuation Pause) 481M->144M(1024M) 16,446ms
[2024-12-12T14:26:13.151+0100][gc,cpu        ] GC(18) User=0,02s Sys=0,01s Real=0,02s
[2024-12-12T14:35:21.064+0100][gc,start      ] GC(19) Pause Young (Normal) (G1 Evacuation Pause)
[2024-12-12T14:35:21.064+0100][gc,task       ] GC(19) Using 4 workers of 4 for evacuation
[2024-12-12T14:35:21.073+0100][gc,phases     ] GC(19)   Pre Evacuate Collection Set: 0,0ms
[2024-12-12T14:35:21.073+0100][gc,phases     ] GC(19)   Evacuate Collection Set: 5,6ms
[2024-12-12T14:35:21.073+0100][gc,phases     ] GC(19)   Post Evacuate Collection Set: 2,6ms
[2024-12-12T14:35:21.073+0100][gc,phases     ] GC(19)   Other: 0,4ms
[2024-12-12T14:35:21.073+0100][gc,heap       ] GC(19) Eden regions: 611->0(611)
[2024-12-12T14:35:21.073+0100][gc,heap       ] GC(19) Survivor regions: 3->3(77)
[2024-12-12T14:35:21.073+0100][gc,heap       ] GC(19) Old regions: 15->15
[2024-12-12T14:35:21.073+0100][gc,heap       ] GC(19) Humongous regions: 129->129
[2024-12-12T14:35:21.073+0100][gc,metaspace  ] GC(19) Metaspace: 41417K(43904K)->41417K(43904K) NonClass: 35822K(37120K)->35822K(37120K) Class: 5594K(6784K)->5594K(6784K)
[2024-12-12T14:35:21.073+0100][gc            ] GC(19) Pause Young (Normal) (G1 Evacuation Pause) 755M->144M(1024M) 8,812ms
[2024-12-12T14:35:21.073+0100][gc,cpu        ] GC(19) User=0,00s Sys=0,01s Real=0,01s
[2024-12-12T14:44:28.917+0100][gc,start      ] GC(20) Pause Young (Normal) (G1 Evacuation Pause)
[2024-12-12T14:44:28.917+0100][gc,task       ] GC(20) Using 4 workers of 4 for evacuation
[2024-12-12T14:44:28.926+0100][gc,phases     ] GC(20)   Pre Evacuate Collection Set: 0,0ms
[2024-12-12T14:44:28.926+0100][gc,phases     ] GC(20)   Evacuate Collection Set: 5,3ms
[2024-12-12T14:44:28.926+0100][gc,phases     ] GC(20)   Post Evacuate Collection Set: 3,7ms
[2024-12-12T14:44:28.926+0100][gc,phases     ] GC(20)   Other: 0,5ms
[2024-12-12T14:44:28.926+0100][gc,heap       ] GC(20) Eden regions: 611->0(611)
[2024-12-12T14:44:28.926+0100][gc,heap       ] GC(20) Survivor regions: 3->3(77)
[2024-12-12T14:44:28.926+0100][gc,heap       ] GC(20) Old regions: 15->15
[2024-12-12T14:44:28.926+0100][gc,heap       ] GC(20) Humongous regions: 129->129
[2024-12-12T14:44:28.926+0100][gc,metaspace  ] GC(20) Metaspace: 41470K(43904K)->41470K(43904K) NonClass: 35875K(37120K)->35875K(37120K) Class: 5594K(6784K)->5594K(6784K)
[2024-12-12T14:44:28.926+0100][gc            ] GC(20) Pause Young (Normal) (G1 Evacuation Pause) 755M->144M(1024M) 9,582ms
[2024-12-12T14:44:28.927+0100][gc,cpu        ] GC(20) User=0,01s Sys=0,01s Real=0,02s
[2024-12-12T14:56:07.738+0100][gc,start      ] GC(21) Pause Young (Normal) (G1 Evacuation Pause)
[2024-12-12T14:56:07.738+0100][gc,task       ] GC(21) Using 4 workers of 4 for evacuation
[2024-12-12T14:56:07.744+0100][gc,phases     ] GC(21)   Pre Evacuate Collection Set: 0,1ms
[2024-12-12T14:56:07.744+0100][gc,phases     ] GC(21)   Evacuate Collection Set: 3,2ms
[2024-12-12T14:56:07.744+0100][gc,phases     ] GC(21)   Post Evacuate Collection Set: 1,6ms
[2024-12-12T14:56:07.744+0100][gc,phases     ] GC(21)   Other: 0,3ms
[2024-12-12T14:56:07.744+0100][gc,heap       ] GC(21) Eden regions: 611->0(611)
[2024-12-12T14:56:07.744+0100][gc,heap       ] GC(21) Survivor regions: 3->3(77)
[2024-12-12T14:56:07.744+0100][gc,heap       ] GC(21) Old regions: 15->15
[2024-12-12T14:56:07.744+0100][gc,heap       ] GC(21) Humongous regions: 129->129
[2024-12-12T14:56:07.744+0100][gc,metaspace  ] GC(21) Metaspace: 41725K(44288K)->41725K(44288K) NonClass: 36072K(37376K)->36072K(37376K) Class: 5653K(6912K)->5653K(6912K)
[2024-12-12T14:56:07.744+0100][gc            ] GC(21) Pause Young (Normal) (G1 Evacuation Pause) 755M->145M(1024M) 5,329ms
[2024-12-12T14:56:07.744+0100][gc,cpu        ] GC(21) User=0,01s Sys=0,01s Real=0,00s
[2024-12-12T15:03:51.873+0100][gc,start      ] GC(22) Pause Young (Normal) (G1 Evacuation Pause)
[2024-12-12T15:03:51.873+0100][gc,task       ] GC(22) Using 4 workers of 4 for evacuation
[2024-12-12T15:03:51.879+0100][gc,phases     ] GC(22)   Pre Evacuate Collection Set: 0,1ms
[2024-12-12T15:03:51.879+0100][gc,phases     ] GC(22)   Evacuate Collection Set: 3,6ms
[2024-12-12T15:03:51.879+0100][gc,phases     ] GC(22)   Post Evacuate Collection Set: 1,5ms
[2024-12-12T15:03:51.879+0100][gc,phases     ] GC(22)   Other: 0,3ms
[2024-12-12T15:03:51.879+0100][gc,heap       ] GC(22) Eden regions: 611->0(612)
[2024-12-12T15:03:51.879+0100][gc,heap       ] GC(22) Survivor regions: 3->2(77)
[2024-12-12T15:03:51.879+0100][gc,heap       ] GC(22) Old regions: 15->16
[2024-12-12T15:03:51.879+0100][gc,heap       ] GC(22) Humongous regions: 129->129
[2024-12-12T15:03:51.879+0100][gc,metaspace  ] GC(22) Metaspace: 41799K(44288K)->41799K(44288K) NonClass: 36140K(37376K)->36140K(37376K) Class: 5658K(6912K)->5658K(6912K)
[2024-12-12T15:03:51.879+0100][gc            ] GC(22) Pause Young (Normal) (G1 Evacuation Pause) 756M->144M(1024M) 5,487ms
[2024-12-12T15:03:51.879+0100][gc,cpu        ] GC(22) User=0,01s Sys=0,00s Real=0,00s
[2024-12-12T15:11:42.892+0100][gc,start      ] GC(23) Pause Young (Normal) (G1 Evacuation Pause)
[2024-12-12T15:11:42.892+0100][gc,task       ] GC(23) Using 4 workers of 4 for evacuation
[2024-12-12T15:11:42.898+0100][gc,phases     ] GC(23)   Pre Evacuate Collection Set: 0,1ms
[2024-12-12T15:11:42.899+0100][gc,phases     ] GC(23)   Evacuate Collection Set: 4,4ms
[2024-12-12T15:11:42.899+0100][gc,phases     ] GC(23)   Post Evacuate Collection Set: 1,6ms
[2024-12-12T15:11:42.899+0100][gc,phases     ] GC(23)   Other: 0,3ms
[2024-12-12T15:11:42.899+0100][gc,heap       ] GC(23) Eden regions: 612->0(612)
[2024-12-12T15:11:42.899+0100][gc,heap       ] GC(23) Survivor regions: 2->2(77)
[2024-12-12T15:11:42.899+0100][gc,heap       ] GC(23) Old regions: 16->16
[2024-12-12T15:11:42.899+0100][gc,heap       ] GC(23) Humongous regions: 129->129
[2024-12-12T15:11:42.899+0100][gc,metaspace  ] GC(23) Metaspace: 41865K(44288K)->41865K(44288K) NonClass: 36206K(37376K)->36206K(37376K) Class: 5658K(6912K)->5658K(6912K)
[2024-12-12T15:11:42.899+0100][gc            ] GC(23) Pause Young (Normal) (G1 Evacuation Pause) 756M->144M(1024M) 6,542ms
[2024-12-12T15:11:42.899+0100][gc,cpu        ] GC(23) User=0,01s Sys=0,00s Real=0,01s
[2024-12-12T15:18:47.117+0100][gc,start      ] GC(24) Pause Young (Normal) (G1 Evacuation Pause)
[2024-12-12T15:18:47.117+0100][gc,task       ] GC(24) Using 4 workers of 4 for evacuation
[2024-12-12T15:18:47.122+0100][gc,phases     ] GC(24)   Pre Evacuate Collection Set: 0,1ms
[2024-12-12T15:18:47.122+0100][gc,phases     ] GC(24)   Evacuate Collection Set: 2,9ms
[2024-12-12T15:18:47.122+0100][gc,phases     ] GC(24)   Post Evacuate Collection Set: 1,3ms
[2024-12-12T15:18:47.122+0100][gc,phases     ] GC(24)   Other: 0,5ms
[2024-12-12T15:18:47.122+0100][gc,heap       ] GC(24) Eden regions: 612->0(612)
[2024-12-12T15:18:47.122+0100][gc,heap       ] GC(24) Survivor regions: 2->2(77)
[2024-12-12T15:18:47.122+0100][gc,heap       ] GC(24) Old regions: 16->17
[2024-12-12T15:18:47.122+0100][gc,heap       ] GC(24) Humongous regions: 129->129
[2024-12-12T15:18:47.122+0100][gc,metaspace  ] GC(24) Metaspace: 41867K(44288K)->41867K(44288K) NonClass: 36209K(37376K)->36209K(37376K) Class: 5658K(6912K)->5658K(6912K)
[2024-12-12T15:18:47.122+0100][gc            ] GC(24) Pause Young (Normal) (G1 Evacuation Pause) 756M->144M(1024M) 4,803ms
[2024-12-12T15:18:47.122+0100][gc,cpu        ] GC(24) User=0,00s Sys=0,01s Real=0,01s
[2024-12-12T15:25:56.988+0100][gc,start      ] GC(25) Pause Young (Normal) (G1 Evacuation Pause)
[2024-12-12T15:25:56.988+0100][gc,task       ] GC(25) Using 4 workers of 4 for evacuation
[2024-12-12T15:25:56.994+0100][gc,phases     ] GC(25)   Pre Evacuate Collection Set: 0,1ms
[2024-12-12T15:25:56.994+0100][gc,phases     ] GC(25)   Evacuate Collection Set: 3,2ms
[2024-12-12T15:25:56.994+0100][gc,phases     ] GC(25)   Post Evacuate Collection Set: 2,2ms
[2024-12-12T15:25:56.994+0100][gc,phases     ] GC(25)   Other: 0,3ms
[2024-12-12T15:25:56.994+0100][gc,heap       ] GC(25) Eden regions: 612->0(612)
[2024-12-12T15:25:56.994+0100][gc,heap       ] GC(25) Survivor regions: 2->2(77)
[2024-12-12T15:25:56.994+0100][gc,heap       ] GC(25) Old regions: 17->17
[2024-12-12T15:25:56.994+0100][gc,heap       ] GC(25) Humongous regions: 129->129
[2024-12-12T15:25:56.994+0100][gc,metaspace  ] GC(25) Metaspace: 41870K(44288K)->41870K(44288K) NonClass: 36212K(37376K)->36212K(37376K) Class: 5658K(6912K)->5658K(6912K)
[2024-12-12T15:25:56.994+0100][gc            ] GC(25) Pause Young (Normal) (G1 Evacuation Pause) 756M->144M(1024M) 5,884ms
[2024-12-12T15:25:56.994+0100][gc,cpu        ] GC(25) User=0,02s Sys=0,00s Real=0,00s
[2024-12-12T15:33:07.704+0100][gc,start      ] GC(26) Pause Young (Normal) (G1 Evacuation Pause)
[2024-12-12T15:33:07.704+0100][gc,task       ] GC(26) Using 4 workers of 4 for evacuation
[2024-12-12T15:33:07.708+0100][gc,phases     ] GC(26)   Pre Evacuate Collection Set: 0,1ms
[2024-12-12T15:33:07.708+0100][gc,phases     ] GC(26)   Evacuate Collection Set: 1,7ms
[2024-12-12T15:33:07.708+0100][gc,phases     ] GC(26)   Post Evacuate Collection Set: 2,4ms
[2024-12-12T15:33:07.708+0100][gc,phases     ] GC(26)   Other: 0,3ms
[2024-12-12T15:33:07.708+0100][gc,heap       ] GC(26) Eden regions: 612->0(612)
[2024-12-12T15:33:07.708+0100][gc,heap       ] GC(26) Survivor regions: 2->2(77)
[2024-12-12T15:33:07.708+0100][gc,heap       ] GC(26) Old regions: 17->17
[2024-12-12T15:33:07.708+0100][gc,heap       ] GC(26) Humongous regions: 129->129
[2024-12-12T15:33:07.708+0100][gc,metaspace  ] GC(26) Metaspace: 41872K(44288K)->41872K(44288K) NonClass: 36213K(37376K)->36213K(37376K) Class: 5658K(6912K)->5658K(6912K)
[2024-12-12T15:33:07.708+0100][gc            ] GC(26) Pause Young (Normal) (G1 Evacuation Pause) 756M->144M(1024M) 4,528ms
[2024-12-12T15:33:07.708+0100][gc,cpu        ] GC(26) User=0,00s Sys=0,01s Real=0,01s
[2024-12-12T15:40:17.177+0100][gc,start      ] GC(27) Pause Young (Normal) (G1 Evacuation Pause)
[2024-12-12T15:40:17.177+0100][gc,task       ] GC(27) Using 4 workers of 4 for evacuation
[2024-12-12T15:40:17.183+0100][gc,phases     ] GC(27)   Pre Evacuate Collection Set: 0,1ms
[2024-12-12T15:40:17.183+0100][gc,phases     ] GC(27)   Evacuate Collection Set: 2,7ms
[2024-12-12T15:40:17.183+0100][gc,phases     ] GC(27)   Post Evacuate Collection Set: 3,2ms
[2024-12-12T15:40:17.183+0100][gc,phases     ] GC(27)   Other: 0,4ms
[2024-12-12T15:40:17.183+0100][gc,heap       ] GC(27) Eden regions: 612->0(612)
[2024-12-12T15:40:17.183+0100][gc,heap       ] GC(27) Survivor regions: 2->2(77)
[2024-12-12T15:40:17.183+0100][gc,heap       ] GC(27) Old regions: 17->17
[2024-12-12T15:40:17.183+0100][gc,heap       ] GC(27) Humongous regions: 129->129
[2024-12-12T15:40:17.183+0100][gc,metaspace  ] GC(27) Metaspace: 41895K(44544K)->41895K(44544K) NonClass: 36237K(37632K)->36237K(37632K) Class: 5658K(6912K)->5658K(6912K)
[2024-12-12T15:40:17.183+0100][gc            ] GC(27) Pause Young (Normal) (G1 Evacuation Pause) 756M->144M(1024M) 6,536ms
[2024-12-12T15:40:17.183+0100][gc,cpu        ] GC(27) User=0,01s Sys=0,00s Real=0,01s
[2024-12-12T15:47:42.046+0100][gc,start      ] GC(28) Pause Young (Normal) (G1 Evacuation Pause)
[2024-12-12T15:47:42.046+0100][gc,task       ] GC(28) Using 4 workers of 4 for evacuation
[2024-12-12T15:47:42.081+0100][gc,mmu        ] GC(28) MMU target violated: 21,0ms (20,0ms/21,0ms)
[2024-12-12T15:47:42.082+0100][gc,phases     ] GC(28)   Pre Evacuate Collection Set: 1,3ms
[2024-12-12T15:47:42.082+0100][gc,phases     ] GC(28)   Evacuate Collection Set: 17,2ms
[2024-12-12T15:47:42.082+0100][gc,phases     ] GC(28)   Post Evacuate Collection Set: 13,8ms
[2024-12-12T15:47:42.082+0100][gc,phases     ] GC(28)   Other: 3,3ms
[2024-12-12T15:47:42.082+0100][gc,heap       ] GC(28) Eden regions: 612->0(612)
[2024-12-12T15:47:42.082+0100][gc,heap       ] GC(28) Survivor regions: 2->2(77)
[2024-12-12T15:47:42.082+0100][gc,heap       ] GC(28) Old regions: 17->17
[2024-12-12T15:47:42.082+0100][gc,heap       ] GC(28) Humongous regions: 129->129
[2024-12-12T15:47:42.082+0100][gc,metaspace  ] GC(28) Metaspace: 41926K(44544K)->41926K(44544K) NonClass: 36268K(37632K)->36268K(37632K) Class: 5658K(6912K)->5658K(6912K)
[2024-12-12T15:47:42.083+0100][gc            ] GC(28) Pause Young (Normal) (G1 Evacuation Pause) 756M->144M(1024M) 36,486ms
[2024-12-12T15:47:42.083+0100][gc,cpu        ] GC(28) User=0,03s Sys=0,02s Real=0,04s
[2024-12-12T15:54:54.304+0100][gc,start      ] GC(29) Pause Young (Normal) (G1 Evacuation Pause)
[2024-12-12T15:54:54.304+0100][gc,task       ] GC(29) Using 4 workers of 4 for evacuation
[2024-12-12T15:54:54.308+0100][gc,phases     ] GC(29)   Pre Evacuate Collection Set: 0,1ms
[2024-12-12T15:54:54.308+0100][gc,phases     ] GC(29)   Evacuate Collection Set: 1,8ms
[2024-12-12T15:54:54.308+0100][gc,phases     ] GC(29)   Post Evacuate Collection Set: 1,8ms
[2024-12-12T15:54:54.308+0100][gc,phases     ] GC(29)   Other: 0,2ms
[2024-12-12T15:54:54.308+0100][gc,heap       ] GC(29) Eden regions: 612->0(612)
[2024-12-12T15:54:54.308+0100][gc,heap       ] GC(29) Survivor regions: 2->2(77)
[2024-12-12T15:54:54.308+0100][gc,heap       ] GC(29) Old regions: 17->17
[2024-12-12T15:54:54.308+0100][gc,heap       ] GC(29) Humongous regions: 129->129
[2024-12-12T15:54:54.308+0100][gc,metaspace  ] GC(29) Metaspace: 41927K(44544K)->41927K(44544K) NonClass: 36269K(37632K)->36269K(37632K) Class: 5658K(6912K)->5658K(6912K)
[2024-12-12T15:54:54.308+0100][gc            ] GC(29) Pause Young (Normal) (G1 Evacuation Pause) 756M->144M(1024M) 3,992ms
[2024-12-12T15:54:54.308+0100][gc,cpu        ] GC(29) User=0,00s Sys=0,01s Real=0,01s
[2024-12-12T16:02:35.159+0100][gc,start      ] GC(30) Pause Young (Normal) (G1 Evacuation Pause)
[2024-12-12T16:02:35.159+0100][gc,task       ] GC(30) Using 4 workers of 4 for evacuation
[2024-12-12T16:02:35.164+0100][gc,phases     ] GC(30)   Pre Evacuate Collection Set: 0,1ms
[2024-12-12T16:02:35.164+0100][gc,phases     ] GC(30)   Evacuate Collection Set: 2,2ms
[2024-12-12T16:02:35.164+0100][gc,phases     ] GC(30)   Post Evacuate Collection Set: 2,1ms
[2024-12-12T16:02:35.164+0100][gc,phases     ] GC(30)   Other: 0,3ms
[2024-12-12T16:02:35.164+0100][gc,heap       ] GC(30) Eden regions: 612->0(612)
[2024-12-12T16:02:35.164+0100][gc,heap       ] GC(30) Survivor regions: 2->2(77)
[2024-12-12T16:02:35.164+0100][gc,heap       ] GC(30) Old regions: 17->17
[2024-12-12T16:02:35.164+0100][gc,heap       ] GC(30) Humongous regions: 129->129
[2024-12-12T16:02:35.164+0100][gc,metaspace  ] GC(30) Metaspace: 43444K(46208K)->43444K(46208K) NonClass: 37514K(38912K)->37514K(38912K) Class: 5930K(7296K)->5930K(7296K)
[2024-12-12T16:02:35.164+0100][gc            ] GC(30) Pause Young (Normal) (G1 Evacuation Pause) 756M->145M(1024M) 4,791ms
[2024-12-12T16:02:35.164+0100][gc,cpu        ] GC(30) User=0,00s Sys=0,01s Real=0,00s
[2024-12-12T16:12:23.132+0100][gc,start      ] GC(31) Pause Young (Normal) (G1 Evacuation Pause)
[2024-12-12T16:12:23.132+0100][gc,task       ] GC(31) Using 4 workers of 4 for evacuation
[2024-12-12T16:12:23.156+0100][gc,mmu        ] GC(31) MMU target violated: 21,0ms (20,0ms/21,0ms)
[2024-12-12T16:12:23.156+0100][gc,phases     ] GC(31)   Pre Evacuate Collection Set: 0,1ms
[2024-12-12T16:12:23.156+0100][gc,phases     ] GC(31)   Evacuate Collection Set: 17,6ms
[2024-12-12T16:12:23.156+0100][gc,phases     ] GC(31)   Post Evacuate Collection Set: 5,8ms
[2024-12-12T16:12:23.156+0100][gc,phases     ] GC(31)   Other: 0,3ms
[2024-12-12T16:12:23.156+0100][gc,heap       ] GC(31) Eden regions: 612->0(612)
[2024-12-12T16:12:23.156+0100][gc,heap       ] GC(31) Survivor regions: 2->2(77)
[2024-12-12T16:12:23.156+0100][gc,heap       ] GC(31) Old regions: 17->17
[2024-12-12T16:12:23.156+0100][gc,heap       ] GC(31) Humongous regions: 129->129
[2024-12-12T16:12:23.156+0100][gc,metaspace  ] GC(31) Metaspace: 43454K(46208K)->43454K(46208K) NonClass: 37524K(38912K)->37524K(38912K) Class: 5930K(7296K)->5930K(7296K)
[2024-12-12T16:12:23.156+0100][gc            ] GC(31) Pause Young (Normal) (G1 Evacuation Pause) 757M->145M(1024M) 23,857ms
[2024-12-12T16:12:23.156+0100][gc,cpu        ] GC(31) User=0,02s Sys=0,01s Real=0,02s
[2024-12-12T16:20:11.334+0100][gc,start      ] GC(32) Pause Young (Normal) (G1 Evacuation Pause)
[2024-12-12T16:20:11.334+0100][gc,task       ] GC(32) Using 4 workers of 4 for evacuation
[2024-12-12T16:20:11.339+0100][gc,phases     ] GC(32)   Pre Evacuate Collection Set: 0,1ms
[2024-12-12T16:20:11.340+0100][gc,phases     ] GC(32)   Evacuate Collection Set: 3,7ms
[2024-12-12T16:20:11.340+0100][gc,phases     ] GC(32)   Post Evacuate Collection Set: 1,6ms
[2024-12-12T16:20:11.340+0100][gc,phases     ] GC(32)   Other: 0,3ms
[2024-12-12T16:20:11.340+0100][gc,heap       ] GC(32) Eden regions: 612->0(612)
[2024-12-12T16:20:11.340+0100][gc,heap       ] GC(32) Survivor regions: 2->2(77)
[2024-12-12T16:20:11.340+0100][gc,heap       ] GC(32) Old regions: 17->17
[2024-12-12T16:20:11.340+0100][gc,heap       ] GC(32) Humongous regions: 129->129
[2024-12-12T16:20:11.340+0100][gc,metaspace  ] GC(32) Metaspace: 43475K(46208K)->43475K(46208K) NonClass: 37545K(38912K)->37545K(38912K) Class: 5930K(7296K)->5930K(7296K)
[2024-12-12T16:20:11.340+0100][gc            ] GC(32) Pause Young (Normal) (G1 Evacuation Pause) 757M->145M(1024M) 5,755ms
[2024-12-12T16:20:11.340+0100][gc,cpu        ] GC(32) User=0,00s Sys=0,00s Real=0,01s
[2024-12-12T16:28:00.500+0100][gc,start      ] GC(33) Pause Young (Normal) (G1 Evacuation Pause)
[2024-12-12T16:28:00.500+0100][gc,task       ] GC(33) Using 4 workers of 4 for evacuation
[2024-12-12T16:28:00.505+0100][gc,phases     ] GC(33)   Pre Evacuate Collection Set: 0,1ms
[2024-12-12T16:28:00.505+0100][gc,phases     ] GC(33)   Evacuate Collection Set: 2,6ms
[2024-12-12T16:28:00.505+0100][gc,phases     ] GC(33)   Post Evacuate Collection Set: 1,6ms
[2024-12-12T16:28:00.505+0100][gc,phases     ] GC(33)   Other: 0,3ms
[2024-12-12T16:28:00.505+0100][gc,heap       ] GC(33) Eden regions: 612->0(612)
[2024-12-12T16:28:00.505+0100][gc,heap       ] GC(33) Survivor regions: 2->2(77)
[2024-12-12T16:28:00.505+0100][gc,heap       ] GC(33) Old regions: 17->17
[2024-12-12T16:28:00.505+0100][gc,heap       ] GC(33) Humongous regions: 129->129
[2024-12-12T16:28:00.505+0100][gc,metaspace  ] GC(33) Metaspace: 43476K(46208K)->43476K(46208K) NonClass: 37545K(38912K)->37545K(38912K) Class: 5930K(7296K)->5930K(7296K)
[2024-12-12T16:28:00.505+0100][gc            ] GC(33) Pause Young (Normal) (G1 Evacuation Pause) 757M->145M(1024M) 4,670ms
[2024-12-12T16:28:00.505+0100][gc,cpu        ] GC(33) User=0,00s Sys=0,01s Real=0,00s
[2024-12-12T17:03:24.889+0100][gc,start      ] GC(34) Pause Young (Normal) (G1 Evacuation Pause)
[2024-12-12T17:03:24.889+0100][gc,task       ] GC(34) Using 4 workers of 4 for evacuation
[2024-12-12T17:03:24.895+0100][gc,phases     ] GC(34)   Pre Evacuate Collection Set: 0,1ms
[2024-12-12T17:03:24.895+0100][gc,phases     ] GC(34)   Evacuate Collection Set: 3,3ms
[2024-12-12T17:03:24.895+0100][gc,phases     ] GC(34)   Post Evacuate Collection Set: 2,5ms
[2024-12-12T17:03:24.895+0100][gc,phases     ] GC(34)   Other: 0,3ms
[2024-12-12T17:03:24.895+0100][gc,heap       ] GC(34) Eden regions: 612->0(612)
[2024-12-12T17:03:24.895+0100][gc,heap       ] GC(34) Survivor regions: 2->2(77)
[2024-12-12T17:03:24.895+0100][gc,heap       ] GC(34) Old regions: 17->17
[2024-12-12T17:03:24.895+0100][gc,heap       ] GC(34) Humongous regions: 129->129
[2024-12-12T17:03:24.895+0100][gc,metaspace  ] GC(34) Metaspace: 43481K(46208K)->43481K(46208K) NonClass: 37550K(38912K)->37550K(38912K) Class: 5930K(7296K)->5930K(7296K)
[2024-12-12T17:03:24.895+0100][gc            ] GC(34) Pause Young (Normal) (G1 Evacuation Pause) 757M->145M(1024M) 6,318ms
[2024-12-12T17:03:24.895+0100][gc,cpu        ] GC(34) User=0,00s Sys=0,01s Real=0,00s
[2024-12-12T17:15:02.001+0100][gc,start      ] GC(35) Pause Young (Normal) (G1 Evacuation Pause)
[2024-12-12T17:15:02.001+0100][gc,task       ] GC(35) Using 4 workers of 4 for evacuation
[2024-12-12T17:15:02.025+0100][gc,mmu        ] GC(35) MMU target violated: 21,0ms (20,0ms/21,0ms)
[2024-12-12T17:15:02.025+0100][gc,phases     ] GC(35)   Pre Evacuate Collection Set: 3,3ms
[2024-12-12T17:15:02.025+0100][gc,phases     ] GC(35)   Evacuate Collection Set: 12,7ms
[2024-12-12T17:15:02.025+0100][gc,phases     ] GC(35)   Post Evacuate Collection Set: 6,9ms
[2024-12-12T17:15:02.025+0100][gc,phases     ] GC(35)   Other: 1,5ms
[2024-12-12T17:15:02.025+0100][gc,heap       ] GC(35) Eden regions: 612->0(612)
[2024-12-12T17:15:02.025+0100][gc,heap       ] GC(35) Survivor regions: 2->2(77)
[2024-12-12T17:15:02.025+0100][gc,heap       ] GC(35) Old regions: 17->17
[2024-12-12T17:15:02.025+0100][gc,heap       ] GC(35) Humongous regions: 129->129
[2024-12-12T17:15:02.025+0100][gc,metaspace  ] GC(35) Metaspace: 43485K(46208K)->43485K(46208K) NonClass: 37555K(38912K)->37555K(38912K) Class: 5930K(7296K)->5930K(7296K)
[2024-12-12T17:15:02.025+0100][gc            ] GC(35) Pause Young (Normal) (G1 Evacuation Pause) 757M->145M(1024M) 24,179ms
[2024-12-12T17:15:02.025+0100][gc,cpu        ] GC(35) User=0,02s Sys=0,03s Real=0,03s
[2024-12-12T17:23:21.690+0100][gc,start      ] GC(36) Pause Young (Normal) (G1 Evacuation Pause)
[2024-12-12T17:23:21.691+0100][gc,task       ] GC(36) Using 4 workers of 4 for evacuation
[2024-12-12T17:23:21.701+0100][gc,phases     ] GC(36)   Pre Evacuate Collection Set: 0,1ms
[2024-12-12T17:23:21.701+0100][gc,phases     ] GC(36)   Evacuate Collection Set: 4,1ms
[2024-12-12T17:23:21.701+0100][gc,phases     ] GC(36)   Post Evacuate Collection Set: 6,4ms
[2024-12-12T17:23:21.702+0100][gc,phases     ] GC(36)   Other: 0,5ms
[2024-12-12T17:23:21.702+0100][gc,heap       ] GC(36) Eden regions: 612->0(612)
[2024-12-12T17:23:21.702+0100][gc,heap       ] GC(36) Survivor regions: 2->2(77)
[2024-12-12T17:23:21.702+0100][gc,heap       ] GC(36) Old regions: 17->17
[2024-12-12T17:23:21.702+0100][gc,heap       ] GC(36) Humongous regions: 129->129
[2024-12-12T17:23:21.702+0100][gc,metaspace  ] GC(36) Metaspace: 43494K(46208K)->43494K(46208K) NonClass: 37564K(38912K)->37564K(38912K) Class: 5930K(7296K)->5930K(7296K)
[2024-12-12T17:23:21.702+0100][gc            ] GC(36) Pause Young (Normal) (G1 Evacuation Pause) 757M->145M(1024M) 11,213ms
[2024-12-12T17:23:21.702+0100][gc,cpu        ] GC(36) User=0,02s Sys=0,00s Real=0,01s
[2024-12-12T17:32:33.111+0100][gc,start      ] GC(37) Pause Young (Normal) (G1 Evacuation Pause)
[2024-12-12T17:32:33.111+0100][gc,task       ] GC(37) Using 4 workers of 4 for evacuation
[2024-12-12T17:32:33.164+0100][gc,mmu        ] GC(37) MMU target violated: 21,0ms (20,0ms/21,0ms)
[2024-12-12T17:32:33.165+0100][gc,phases     ] GC(37)   Pre Evacuate Collection Set: 0,1ms
[2024-12-12T17:32:33.165+0100][gc,phases     ] GC(37)   Evacuate Collection Set: 14,1ms
[2024-12-12T17:32:33.165+0100][gc,phases     ] GC(37)   Post Evacuate Collection Set: 38,7ms
[2024-12-12T17:32:33.165+0100][gc,phases     ] GC(37)   Other: 0,8ms
[2024-12-12T17:32:33.165+0100][gc,heap       ] GC(37) Eden regions: 612->0(49)
[2024-12-12T17:32:33.165+0100][gc,heap       ] GC(37) Survivor regions: 2->2(77)
[2024-12-12T17:32:33.165+0100][gc,heap       ] GC(37) Old regions: 17->17
[2024-12-12T17:32:33.165+0100][gc,heap       ] GC(37) Humongous regions: 129->129
[2024-12-12T17:32:33.165+0100][gc,metaspace  ] GC(37) Metaspace: 43502K(46208K)->43502K(46208K) NonClass: 37571K(38912K)->37571K(38912K) Class: 5930K(7296K)->5930K(7296K)
[2024-12-12T17:32:33.166+0100][gc            ] GC(37) Pause Young (Normal) (G1 Evacuation Pause) 757M->145M(1024M) 54,484ms
[2024-12-12T17:32:33.166+0100][gc,cpu        ] GC(37) User=0,03s Sys=0,02s Real=0,06s
[2024-12-12T17:33:12.824+0100][gc,start      ] GC(38) Pause Young (Normal) (G1 Evacuation Pause)
[2024-12-12T17:33:12.824+0100][gc,task       ] GC(38) Using 4 workers of 4 for evacuation
[2024-12-12T17:33:12.837+0100][gc,phases     ] GC(38)   Pre Evacuate Collection Set: 0,0ms
[2024-12-12T17:33:12.837+0100][gc,phases     ] GC(38)   Evacuate Collection Set: 3,7ms
[2024-12-12T17:33:12.837+0100][gc,phases     ] GC(38)   Post Evacuate Collection Set: 9,5ms
[2024-12-12T17:33:12.838+0100][gc,phases     ] GC(38)   Other: 0,2ms
[2024-12-12T17:33:12.838+0100][gc,heap       ] GC(38) Eden regions: 49->0(60)
[2024-12-12T17:33:12.838+0100][gc,heap       ] GC(38) Survivor regions: 2->2(7)
[2024-12-12T17:33:12.838+0100][gc,heap       ] GC(38) Old regions: 17->17
[2024-12-12T17:33:12.838+0100][gc,heap       ] GC(38) Humongous regions: 129->129
[2024-12-12T17:33:12.838+0100][gc,metaspace  ] GC(38) Metaspace: 43502K(46208K)->43502K(46208K) NonClass: 37571K(38912K)->37571K(38912K) Class: 5930K(7296K)->5930K(7296K)
[2024-12-12T17:33:12.838+0100][gc            ] GC(38) Pause Young (Normal) (G1 Evacuation Pause) 194M->145M(1024M) 13,464ms
[2024-12-12T17:33:12.838+0100][gc,cpu        ] GC(38) User=0,02s Sys=0,00s Real=0,02s
[2024-12-12T17:34:02.297+0100][gc,start      ] GC(39) Pause Young (Normal) (G1 Evacuation Pause)
[2024-12-12T17:34:02.297+0100][gc,task       ] GC(39) Using 4 workers of 4 for evacuation
[2024-12-12T17:34:02.301+0100][gc,phases     ] GC(39)   Pre Evacuate Collection Set: 0,0ms
[2024-12-12T17:34:02.302+0100][gc,phases     ] GC(39)   Evacuate Collection Set: 1,8ms
[2024-12-12T17:34:02.302+0100][gc,phases     ] GC(39)   Post Evacuate Collection Set: 2,5ms
[2024-12-12T17:34:02.302+0100][gc,phases     ] GC(39)   Other: 0,3ms
[2024-12-12T17:34:02.302+0100][gc,heap       ] GC(39) Eden regions: 60->0(83)
[2024-12-12T17:34:02.302+0100][gc,heap       ] GC(39) Survivor regions: 2->2(8)
[2024-12-12T17:34:02.302+0100][gc,heap       ] GC(39) Old regions: 17->17
[2024-12-12T17:34:02.302+0100][gc,heap       ] GC(39) Humongous regions: 129->129
[2024-12-12T17:34:02.302+0100][gc,metaspace  ] GC(39) Metaspace: 43502K(46208K)->43502K(46208K) NonClass: 37571K(38912K)->37571K(38912K) Class: 5930K(7296K)->5930K(7296K)
[2024-12-12T17:34:02.302+0100][gc            ] GC(39) Pause Young (Normal) (G1 Evacuation Pause) 205M->145M(1024M) 4,783ms
[2024-12-12T17:34:02.302+0100][gc,cpu        ] GC(39) User=0,00s Sys=0,01s Real=0,00s
[2024-12-12T17:35:07.759+0100][gc,start      ] GC(40) Pause Young (Normal) (G1 Evacuation Pause)
[2024-12-12T17:35:07.759+0100][gc,task       ] GC(40) Using 4 workers of 4 for evacuation
[2024-12-12T17:35:07.763+0100][gc,phases     ] GC(40)   Pre Evacuate Collection Set: 0,0ms
[2024-12-12T17:35:07.764+0100][gc,phases     ] GC(40)   Evacuate Collection Set: 2,6ms
[2024-12-12T17:35:07.764+0100][gc,phases     ] GC(40)   Post Evacuate Collection Set: 1,7ms
[2024-12-12T17:35:07.764+0100][gc,phases     ] GC(40)   Other: 0,3ms
[2024-12-12T17:35:07.764+0100][gc,heap       ] GC(40) Eden regions: 83->0(110)
[2024-12-12T17:35:07.764+0100][gc,heap       ] GC(40) Survivor regions: 2->2(11)
[2024-12-12T17:35:07.764+0100][gc,heap       ] GC(40) Old regions: 17->17
[2024-12-12T17:35:07.764+0100][gc,heap       ] GC(40) Humongous regions: 129->129
[2024-12-12T17:35:07.764+0100][gc,metaspace  ] GC(40) Metaspace: 43502K(46208K)->43502K(46208K) NonClass: 37571K(38912K)->37571K(38912K) Class: 5930K(7296K)->5930K(7296K)
[2024-12-12T17:35:07.764+0100][gc            ] GC(40) Pause Young (Normal) (G1 Evacuation Pause) 228M->145M(1024M) 4,690ms
[2024-12-12T17:35:07.764+0100][gc,cpu        ] GC(40) User=0,00s Sys=0,00s Real=0,00s
[2024-12-12T17:36:33.814+0100][gc,start      ] GC(41) Pause Young (Normal) (G1 Evacuation Pause)
[2024-12-12T17:36:33.814+0100][gc,task       ] GC(41) Using 4 workers of 4 for evacuation
[2024-12-12T17:36:33.819+0100][gc,phases     ] GC(41)   Pre Evacuate Collection Set: 0,1ms
[2024-12-12T17:36:33.820+0100][gc,phases     ] GC(41)   Evacuate Collection Set: 3,3ms
[2024-12-12T17:36:33.820+0100][gc,phases     ] GC(41)   Post Evacuate Collection Set: 1,7ms
[2024-12-12T17:36:33.820+0100][gc,phases     ] GC(41)   Other: 0,2ms
[2024-12-12T17:36:33.820+0100][gc,heap       ] GC(41) Eden regions: 110->0(134)
[2024-12-12T17:36:33.820+0100][gc,heap       ] GC(41) Survivor regions: 2->2(14)
[2024-12-12T17:36:33.820+0100][gc,heap       ] GC(41) Old regions: 17->17
[2024-12-12T17:36:33.820+0100][gc,heap       ] GC(41) Humongous regions: 129->129
[2024-12-12T17:36:33.820+0100][gc,metaspace  ] GC(41) Metaspace: 43502K(46208K)->43502K(46208K) NonClass: 37572K(38912K)->37572K(38912K) Class: 5930K(7296K)->5930K(7296K)
[2024-12-12T17:36:33.820+0100][gc            ] GC(41) Pause Young (Normal) (G1 Evacuation Pause) 255M->145M(1024M) 5,559ms
[2024-12-12T17:36:33.820+0100][gc,cpu        ] GC(41) User=0,01s Sys=0,00s Real=0,01s
[2024-12-12T17:38:17.003+0100][gc,start      ] GC(42) Pause Young (Normal) (G1 Evacuation Pause)
[2024-12-12T17:38:17.003+0100][gc,task       ] GC(42) Using 4 workers of 4 for evacuation
[2024-12-12T17:38:17.008+0100][gc,phases     ] GC(42)   Pre Evacuate Collection Set: 0,0ms
[2024-12-12T17:38:17.008+0100][gc,phases     ] GC(42)   Evacuate Collection Set: 2,8ms
[2024-12-12T17:38:17.008+0100][gc,phases     ] GC(42)   Post Evacuate Collection Set: 1,8ms
[2024-12-12T17:38:17.008+0100][gc,phases     ] GC(42)   Other: 0,3ms
[2024-12-12T17:38:17.008+0100][gc,heap       ] GC(42) Eden regions: 134->0(164)
[2024-12-12T17:38:17.008+0100][gc,heap       ] GC(42) Survivor regions: 2->2(17)
[2024-12-12T17:38:17.008+0100][gc,heap       ] GC(42) Old regions: 17->17
[2024-12-12T17:38:17.008+0100][gc,heap       ] GC(42) Humongous regions: 129->129
[2024-12-12T17:38:17.008+0100][gc,metaspace  ] GC(42) Metaspace: 43503K(46208K)->43503K(46208K) NonClass: 37573K(38912K)->37573K(38912K) Class: 5930K(7296K)->5930K(7296K)
[2024-12-12T17:38:17.008+0100][gc            ] GC(42) Pause Young (Normal) (G1 Evacuation Pause) 279M->145M(1024M) 4,987ms
[2024-12-12T17:38:17.008+0100][gc,cpu        ] GC(42) User=0,00s Sys=0,01s Real=0,01s
[2024-12-12T17:40:54.560+0100][gc,start      ] GC(43) Pause Young (Normal) (G1 Evacuation Pause)
[2024-12-12T17:40:54.560+0100][gc,task       ] GC(43) Using 4 workers of 4 for evacuation
[2024-12-12T17:40:54.567+0100][gc,phases     ] GC(43)   Pre Evacuate Collection Set: 0,1ms
[2024-12-12T17:40:54.567+0100][gc,phases     ] GC(43)   Evacuate Collection Set: 5,2ms
[2024-12-12T17:40:54.568+0100][gc,phases     ] GC(43)   Post Evacuate Collection Set: 2,0ms
[2024-12-12T17:40:54.568+0100][gc,phases     ] GC(43)   Other: 0,3ms
[2024-12-12T17:40:54.568+0100][gc,heap       ] GC(43) Eden regions: 164->0(195)
[2024-12-12T17:40:54.568+0100][gc,heap       ] GC(43) Survivor regions: 2->2(21)
[2024-12-12T17:40:54.568+0100][gc,heap       ] GC(43) Old regions: 17->17
[2024-12-12T17:40:54.568+0100][gc,heap       ] GC(43) Humongous regions: 129->129
[2024-12-12T17:40:54.568+0100][gc,metaspace  ] GC(43) Metaspace: 43504K(46208K)->43504K(46208K) NonClass: 37573K(38912K)->37573K(38912K) Class: 5930K(7296K)->5930K(7296K)
[2024-12-12T17:40:54.568+0100][gc            ] GC(43) Pause Young (Normal) (G1 Evacuation Pause) 309M->145M(1024M) 7,627ms
[2024-12-12T17:40:54.568+0100][gc,cpu        ] GC(43) User=0,00s Sys=0,01s Real=0,01s
[2024-12-12T17:43:51.771+0100][gc,start      ] GC(44) Pause Young (Normal) (G1 Evacuation Pause)
[2024-12-12T17:43:51.771+0100][gc,task       ] GC(44) Using 4 workers of 4 for evacuation
[2024-12-12T17:43:51.782+0100][gc,phases     ] GC(44)   Pre Evacuate Collection Set: 0,0ms
[2024-12-12T17:43:51.782+0100][gc,phases     ] GC(44)   Evacuate Collection Set: 5,4ms
[2024-12-12T17:43:51.782+0100][gc,phases     ] GC(44)   Post Evacuate Collection Set: 4,8ms
[2024-12-12T17:43:51.782+0100][gc,phases     ] GC(44)   Other: 0,8ms
[2024-12-12T17:43:51.782+0100][gc,heap       ] GC(44) Eden regions: 195->0(186)
[2024-12-12T17:43:51.782+0100][gc,heap       ] GC(44) Survivor regions: 2->2(25)
[2024-12-12T17:43:51.782+0100][gc,heap       ] GC(44) Old regions: 17->17
[2024-12-12T17:43:51.782+0100][gc,heap       ] GC(44) Humongous regions: 129->129
[2024-12-12T17:43:51.782+0100][gc,metaspace  ] GC(44) Metaspace: 43504K(46208K)->43504K(46208K) NonClass: 37573K(38912K)->37573K(38912K) Class: 5930K(7296K)->5930K(7296K)
[2024-12-12T17:43:51.782+0100][gc            ] GC(44) Pause Young (Normal) (G1 Evacuation Pause) 340M->145M(1024M) 11,197ms
[2024-12-12T17:43:51.782+0100][gc,cpu        ] GC(44) User=0,01s Sys=0,00s Real=0,01s
[2024-12-12T17:46:28.248+0100][gc,start      ] GC(45) Pause Young (Normal) (G1 Evacuation Pause)
[2024-12-12T17:46:28.248+0100][gc,task       ] GC(45) Using 4 workers of 4 for evacuation
[2024-12-12T17:46:28.253+0100][gc,phases     ] GC(45)   Pre Evacuate Collection Set: 0,1ms
[2024-12-12T17:46:28.253+0100][gc,phases     ] GC(45)   Evacuate Collection Set: 3,1ms
[2024-12-12T17:46:28.253+0100][gc,phases     ] GC(45)   Post Evacuate Collection Set: 1,0ms
[2024-12-12T17:46:28.253+0100][gc,phases     ] GC(45)   Other: 0,4ms
[2024-12-12T17:46:28.253+0100][gc,heap       ] GC(45) Eden regions: 186->0(220)
[2024-12-12T17:46:28.253+0100][gc,heap       ] GC(45) Survivor regions: 2->2(24)
[2024-12-12T17:46:28.253+0100][gc,heap       ] GC(45) Old regions: 17->17
[2024-12-12T17:46:28.253+0100][gc,heap       ] GC(45) Humongous regions: 129->129
[2024-12-12T17:46:28.253+0100][gc,metaspace  ] GC(45) Metaspace: 43504K(46208K)->43504K(46208K) NonClass: 37573K(38912K)->37573K(38912K) Class: 5930K(7296K)->5930K(7296K)
[2024-12-12T17:46:28.253+0100][gc            ] GC(45) Pause Young (Normal) (G1 Evacuation Pause) 331M->145M(1024M) 4,670ms
[2024-12-12T17:46:28.253+0100][gc,cpu        ] GC(45) User=0,00s Sys=0,01s Real=0,00s
[2024-12-12T17:49:29.538+0100][gc,start      ] GC(46) Pause Young (Normal) (G1 Evacuation Pause)
[2024-12-12T17:49:29.538+0100][gc,task       ] GC(46) Using 4 workers of 4 for evacuation
[2024-12-12T17:49:29.546+0100][gc,phases     ] GC(46)   Pre Evacuate Collection Set: 0,0ms
[2024-12-12T17:49:29.546+0100][gc,phases     ] GC(46)   Evacuate Collection Set: 7,7ms
[2024-12-12T17:49:29.546+0100][gc,phases     ] GC(46)   Post Evacuate Collection Set: 0,3ms
[2024-12-12T17:49:29.546+0100][gc,phases     ] GC(46)   Other: 0,2ms
[2024-12-12T17:49:29.546+0100][gc,heap       ] GC(46) Eden regions: 220->0(221)
[2024-12-12T17:49:29.546+0100][gc,heap       ] GC(46) Survivor regions: 2->2(28)
[2024-12-12T17:49:29.546+0100][gc,heap       ] GC(46) Old regions: 17->17
[2024-12-12T17:49:29.546+0100][gc,heap       ] GC(46) Humongous regions: 129->129
[2024-12-12T17:49:29.546+0100][gc,metaspace  ] GC(46) Metaspace: 43504K(46208K)->43504K(46208K) NonClass: 37573K(38912K)->37573K(38912K) Class: 5930K(7296K)->5930K(7296K)
[2024-12-12T17:49:29.546+0100][gc            ] GC(46) Pause Young (Normal) (G1 Evacuation Pause) 365M->145M(1024M) 8,314ms
[2024-12-12T17:49:29.546+0100][gc,cpu        ] GC(46) User=0,01s Sys=0,00s Real=0,01s
[2024-12-12T17:52:38.571+0100][gc,start      ] GC(47) Pause Young (Normal) (G1 Evacuation Pause)
[2024-12-12T17:52:38.571+0100][gc,task       ] GC(47) Using 4 workers of 4 for evacuation
[2024-12-12T17:52:38.575+0100][gc,phases     ] GC(47)   Pre Evacuate Collection Set: 0,1ms
[2024-12-12T17:52:38.575+0100][gc,phases     ] GC(47)   Evacuate Collection Set: 1,8ms
[2024-12-12T17:52:38.575+0100][gc,phases     ] GC(47)   Post Evacuate Collection Set: 1,5ms
[2024-12-12T17:52:38.575+0100][gc,phases     ] GC(47)   Other: 0,4ms
[2024-12-12T17:52:38.575+0100][gc,heap       ] GC(47) Eden regions: 221->0(260)
[2024-12-12T17:52:38.575+0100][gc,heap       ] GC(47) Survivor regions: 2->2(28)
[2024-12-12T17:52:38.575+0100][gc,heap       ] GC(47) Old regions: 17->17
[2024-12-12T17:52:38.575+0100][gc,heap       ] GC(47) Humongous regions: 129->129
[2024-12-12T17:52:38.575+0100][gc,metaspace  ] GC(47) Metaspace: 43507K(46208K)->43507K(46208K) NonClass: 37576K(38912K)->37576K(38912K) Class: 5930K(7296K)->5930K(7296K)
[2024-12-12T17:52:38.575+0100][gc            ] GC(47) Pause Young (Normal) (G1 Evacuation Pause) 366M->145M(1024M) 3,946ms
[2024-12-12T17:52:38.575+0100][gc,cpu        ] GC(47) User=0,01s Sys=0,01s Real=0,00s
[2024-12-12T17:55:59.630+0100][gc,start      ] GC(48) Pause Young (Normal) (G1 Evacuation Pause)
[2024-12-12T17:55:59.630+0100][gc,task       ] GC(48) Using 4 workers of 4 for evacuation
[2024-12-12T17:55:59.635+0100][gc,phases     ] GC(48)   Pre Evacuate Collection Set: 0,0ms
[2024-12-12T17:55:59.635+0100][gc,phases     ] GC(48)   Evacuate Collection Set: 3,4ms
[2024-12-12T17:55:59.635+0100][gc,phases     ] GC(48)   Post Evacuate Collection Set: 1,4ms
[2024-12-12T17:55:59.635+0100][gc,phases     ] GC(48)   Other: 0,3ms
[2024-12-12T17:55:59.635+0100][gc,heap       ] GC(48) Eden regions: 260->0(310)
[2024-12-12T17:55:59.635+0100][gc,heap       ] GC(48) Survivor regions: 2->1(33)
[2024-12-12T17:55:59.635+0100][gc,heap       ] GC(48) Old regions: 17->17
[2024-12-12T17:55:59.635+0100][gc,heap       ] GC(48) Humongous regions: 129->129
[2024-12-12T17:55:59.635+0100][gc,metaspace  ] GC(48) Metaspace: 43507K(46208K)->43507K(46208K) NonClass: 37576K(38912K)->37576K(38912K) Class: 5930K(7296K)->5930K(7296K)
[2024-12-12T17:55:59.635+0100][gc            ] GC(48) Pause Young (Normal) (G1 Evacuation Pause) 405M->145M(1024M) 5,280ms
[2024-12-12T17:55:59.635+0100][gc,cpu        ] GC(48) User=0,00s Sys=0,01s Real=0,00s
[2024-12-12T18:00:20.883+0100][gc,start      ] GC(49) Pause Young (Normal) (G1 Evacuation Pause)
[2024-12-12T18:00:20.883+0100][gc,task       ] GC(49) Using 4 workers of 4 for evacuation
[2024-12-12T18:00:20.889+0100][gc,phases     ] GC(49)   Pre Evacuate Collection Set: 0,7ms
[2024-12-12T18:00:20.890+0100][gc,phases     ] GC(49)   Evacuate Collection Set: 3,3ms
[2024-12-12T18:00:20.890+0100][gc,phases     ] GC(49)   Post Evacuate Collection Set: 2,0ms
[2024-12-12T18:00:20.890+0100][gc,phases     ] GC(49)   Other: 0,4ms
[2024-12-12T18:00:20.890+0100][gc,heap       ] GC(49) Eden regions: 310->0(357)
[2024-12-12T18:00:20.890+0100][gc,heap       ] GC(49) Survivor regions: 1->1(39)
[2024-12-12T18:00:20.890+0100][gc,heap       ] GC(49) Old regions: 17->17
[2024-12-12T18:00:20.890+0100][gc,heap       ] GC(49) Humongous regions: 129->129
[2024-12-12T18:00:20.890+0100][gc,metaspace  ] GC(49) Metaspace: 43508K(46208K)->43508K(46208K) NonClass: 37578K(38912K)->37578K(38912K) Class: 5930K(7296K)->5930K(7296K)
[2024-12-12T18:00:20.890+0100][gc            ] GC(49) Pause Young (Normal) (G1 Evacuation Pause) 455M->145M(1024M) 6,809ms
[2024-12-12T18:00:20.890+0100][gc,cpu        ] GC(49) User=0,01s Sys=0,00s Real=0,01s
[2024-12-12T18:05:20.097+0100][gc,start      ] GC(50) Pause Young (Normal) (G1 Evacuation Pause)
[2024-12-12T18:05:20.098+0100][gc,task       ] GC(50) Using 4 workers of 4 for evacuation
[2024-12-12T18:05:20.102+0100][gc,phases     ] GC(50)   Pre Evacuate Collection Set: 0,1ms
[2024-12-12T18:05:20.102+0100][gc,phases     ] GC(50)   Evacuate Collection Set: 1,5ms
[2024-12-12T18:05:20.102+0100][gc,phases     ] GC(50)   Post Evacuate Collection Set: 2,9ms
[2024-12-12T18:05:20.102+0100][gc,phases     ] GC(50)   Other: 0,3ms
[2024-12-12T18:05:20.102+0100][gc,heap       ] GC(50) Eden regions: 357->0(430)
[2024-12-12T18:05:20.102+0100][gc,heap       ] GC(50) Survivor regions: 1->2(45)
[2024-12-12T18:05:20.102+0100][gc,heap       ] GC(50) Old regions: 17->17
[2024-12-12T18:05:20.102+0100][gc,heap       ] GC(50) Humongous regions: 129->129
[2024-12-12T18:05:20.102+0100][gc,metaspace  ] GC(50) Metaspace: 43509K(46208K)->43509K(46208K) NonClass: 37578K(38912K)->37578K(38912K) Class: 5930K(7296K)->5930K(7296K)
[2024-12-12T18:05:20.102+0100][gc            ] GC(50) Pause Young (Normal) (G1 Evacuation Pause) 502M->145M(1024M) 4,931ms
[2024-12-12T18:05:20.102+0100][gc,cpu        ] GC(50) User=0,00s Sys=0,01s Real=0,00s
[2024-12-12T18:10:36.043+0100][gc,start      ] GC(51) Pause Young (Normal) (G1 Evacuation Pause)
[2024-12-12T18:10:36.043+0100][gc,task       ] GC(51) Using 4 workers of 4 for evacuation
[2024-12-12T18:10:36.047+0100][gc,phases     ] GC(51)   Pre Evacuate Collection Set: 0,1ms
[2024-12-12T18:10:36.047+0100][gc,phases     ] GC(51)   Evacuate Collection Set: 2,9ms
[2024-12-12T18:10:36.047+0100][gc,phases     ] GC(51)   Post Evacuate Collection Set: 1,1ms
[2024-12-12T18:10:36.047+0100][gc,phases     ] GC(51)   Other: 0,3ms
[2024-12-12T18:10:36.047+0100][gc,heap       ] GC(51) Eden regions: 430->0(518)
[2024-12-12T18:10:36.047+0100][gc,heap       ] GC(51) Survivor regions: 2->2(54)
[2024-12-12T18:10:36.047+0100][gc,heap       ] GC(51) Old regions: 17->17
[2024-12-12T18:10:36.047+0100][gc,heap       ] GC(51) Humongous regions: 129->129
[2024-12-12T18:10:36.047+0100][gc,metaspace  ] GC(51) Metaspace: 43512K(46208K)->43512K(46208K) NonClass: 37581K(38912K)->37581K(38912K) Class: 5930K(7296K)->5930K(7296K)
[2024-12-12T18:10:36.047+0100][gc            ] GC(51) Pause Young (Normal) (G1 Evacuation Pause) 575M->145M(1024M) 4,491ms
[2024-12-12T18:10:36.047+0100][gc,cpu        ] GC(51) User=0,00s Sys=0,01s Real=0,01s
[2024-12-12T18:17:27.556+0100][gc,start      ] GC(52) Pause Young (Normal) (G1 Evacuation Pause)
[2024-12-12T18:17:27.557+0100][gc,task       ] GC(52) Using 4 workers of 4 for evacuation
[2024-12-12T18:17:27.576+0100][gc,phases     ] GC(52)   Pre Evacuate Collection Set: 4,7ms
[2024-12-12T18:17:27.576+0100][gc,phases     ] GC(52)   Evacuate Collection Set: 9,8ms
[2024-12-12T18:17:27.576+0100][gc,phases     ] GC(52)   Post Evacuate Collection Set: 4,1ms
[2024-12-12T18:17:27.576+0100][gc,phases     ] GC(52)   Other: 1,4ms
[2024-12-12T18:17:27.576+0100][gc,heap       ] GC(52) Eden regions: 518->0(480)
[2024-12-12T18:17:27.576+0100][gc,heap       ] GC(52) Survivor regions: 2->1(65)
[2024-12-12T18:17:27.576+0100][gc,heap       ] GC(52) Old regions: 17->17
[2024-12-12T18:17:27.576+0100][gc,heap       ] GC(52) Humongous regions: 129->129
[2024-12-12T18:17:27.576+0100][gc,metaspace  ] GC(52) Metaspace: 43512K(46208K)->43512K(46208K) NonClass: 37582K(38912K)->37582K(38912K) Class: 5930K(7296K)->5930K(7296K)
[2024-12-12T18:17:27.576+0100][gc            ] GC(52) Pause Young (Normal) (G1 Evacuation Pause) 663M->145M(1024M) 19,881ms
[2024-12-12T18:17:27.576+0100][gc,cpu        ] GC(52) User=0,03s Sys=0,01s Real=0,01s
[2024-12-12T18:23:59.687+0100][gc,start      ] GC(53) Pause Young (Normal) (G1 Evacuation Pause)
[2024-12-12T18:23:59.687+0100][gc,task       ] GC(53) Using 4 workers of 4 for evacuation
[2024-12-12T18:23:59.691+0100][gc,phases     ] GC(53)   Pre Evacuate Collection Set: 0,1ms
[2024-12-12T18:23:59.691+0100][gc,phases     ] GC(53)   Evacuate Collection Set: 2,3ms
[2024-12-12T18:23:59.691+0100][gc,phases     ] GC(53)   Post Evacuate Collection Set: 0,7ms
[2024-12-12T18:23:59.691+0100][gc,phases     ] GC(53)   Other: 0,2ms
[2024-12-12T18:23:59.691+0100][gc,heap       ] GC(53) Eden regions: 480->0(596)
[2024-12-12T18:23:59.691+0100][gc,heap       ] GC(53) Survivor regions: 1->2(61)
[2024-12-12T18:23:59.691+0100][gc,heap       ] GC(53) Old regions: 17->17
[2024-12-12T18:23:59.691+0100][gc,heap       ] GC(53) Humongous regions: 129->129
[2024-12-12T18:23:59.691+0100][gc,metaspace  ] GC(53) Metaspace: 43523K(46208K)->43523K(46208K) NonClass: 37592K(38912K)->37592K(38912K) Class: 5930K(7296K)->5930K(7296K)
[2024-12-12T18:23:59.691+0100][gc            ] GC(53) Pause Young (Normal) (G1 Evacuation Pause) 625M->145M(1024M) 3,460ms
[2024-12-12T18:23:59.691+0100][gc,cpu        ] GC(53) User=0,01s Sys=0,00s Real=0,00s
[2024-12-12T18:32:05.817+0100][gc,start      ] GC(54) Pause Young (Normal) (G1 Evacuation Pause)
[2024-12-12T18:32:05.817+0100][gc,task       ] GC(54) Using 4 workers of 4 for evacuation
[2024-12-12T18:32:05.823+0100][gc,phases     ] GC(54)   Pre Evacuate Collection Set: 0,1ms
[2024-12-12T18:32:05.823+0100][gc,phases     ] GC(54)   Evacuate Collection Set: 3,7ms
[2024-12-12T18:32:05.823+0100][gc,phases     ] GC(54)   Post Evacuate Collection Set: 1,6ms
[2024-12-12T18:32:05.823+0100][gc,phases     ] GC(54)   Other: 0,3ms
[2024-12-12T18:32:05.823+0100][gc,heap       ] GC(54) Eden regions: 596->0(612)
[2024-12-12T18:32:05.823+0100][gc,heap       ] GC(54) Survivor regions: 2->2(75)
[2024-12-12T18:32:05.823+0100][gc,heap       ] GC(54) Old regions: 17->17
[2024-12-12T18:32:05.823+0100][gc,heap       ] GC(54) Humongous regions: 129->129
[2024-12-12T18:32:05.823+0100][gc,metaspace  ] GC(54) Metaspace: 43531K(46208K)->43531K(46208K) NonClass: 37601K(38912K)->37601K(38912K) Class: 5930K(7296K)->5930K(7296K)
[2024-12-12T18:32:05.823+0100][gc            ] GC(54) Pause Young (Normal) (G1 Evacuation Pause) 741M->145M(1024M) 5,816ms
[2024-12-12T18:32:05.823+0100][gc,cpu        ] GC(54) User=0,00s Sys=0,01s Real=0,00s
[2024-12-12T18:39:36.634+0100][gc,start      ] GC(55) Pause Young (Normal) (G1 Evacuation Pause)
[2024-12-12T18:39:36.634+0100][gc,task       ] GC(55) Using 4 workers of 4 for evacuation
[2024-12-12T18:39:36.643+0100][gc,phases     ] GC(55)   Pre Evacuate Collection Set: 0,1ms
[2024-12-12T18:39:36.643+0100][gc,phases     ] GC(55)   Evacuate Collection Set: 4,1ms
[2024-12-12T18:39:36.643+0100][gc,phases     ] GC(55)   Post Evacuate Collection Set: 5,1ms
[2024-12-12T18:39:36.643+0100][gc,phases     ] GC(55)   Other: 0,3ms
[2024-12-12T18:39:36.643+0100][gc,heap       ] GC(55) Eden regions: 612->0(613)
[2024-12-12T18:39:36.643+0100][gc,heap       ] GC(55) Survivor regions: 2->1(77)
[2024-12-12T18:39:36.643+0100][gc,heap       ] GC(55) Old regions: 17->17
[2024-12-12T18:39:36.644+0100][gc,heap       ] GC(55) Humongous regions: 129->129
[2024-12-12T18:39:36.644+0100][gc,metaspace  ] GC(55) Metaspace: 43531K(46208K)->43531K(46208K) NonClass: 37601K(38912K)->37601K(38912K) Class: 5930K(7296K)->5930K(7296K)
[2024-12-12T18:39:36.644+0100][gc            ] GC(55) Pause Young (Normal) (G1 Evacuation Pause) 757M->145M(1024M) 9,756ms
[2024-12-12T18:39:36.644+0100][gc,cpu        ] GC(55) User=0,01s Sys=0,01s Real=0,01s
[2024-12-12T18:47:09.778+0100][gc,start      ] GC(56) Pause Young (Normal) (G1 Evacuation Pause)
[2024-12-12T18:47:09.778+0100][gc,task       ] GC(56) Using 4 workers of 4 for evacuation
[2024-12-12T18:47:09.783+0100][gc,phases     ] GC(56)   Pre Evacuate Collection Set: 0,1ms
[2024-12-12T18:47:09.784+0100][gc,phases     ] GC(56)   Evacuate Collection Set: 3,7ms
[2024-12-12T18:47:09.784+0100][gc,phases     ] GC(56)   Post Evacuate Collection Set: 1,8ms
[2024-12-12T18:47:09.784+0100][gc,phases     ] GC(56)   Other: 0,3ms
[2024-12-12T18:47:09.784+0100][gc,heap       ] GC(56) Eden regions: 613->0(613)
[2024-12-12T18:47:09.784+0100][gc,heap       ] GC(56) Survivor regions: 1->1(77)
[2024-12-12T18:47:09.784+0100][gc,heap       ] GC(56) Old regions: 17->17
[2024-12-12T18:47:09.784+0100][gc,heap       ] GC(56) Humongous regions: 129->129
[2024-12-12T18:47:09.784+0100][gc,metaspace  ] GC(56) Metaspace: 43531K(46208K)->43531K(46208K) NonClass: 37601K(38912K)->37601K(38912K) Class: 5930K(7296K)->5930K(7296K)
[2024-12-12T18:47:09.784+0100][gc            ] GC(56) Pause Young (Normal) (G1 Evacuation Pause) 758M->145M(1024M) 6,021ms
[2024-12-12T18:47:09.784+0100][gc,cpu        ] GC(56) User=0,00s Sys=0,01s Real=0,00s
[2024-12-12T18:55:06.809+0100][gc,start      ] GC(57) Pause Young (Normal) (G1 Evacuation Pause)
[2024-12-12T18:55:06.809+0100][gc,task       ] GC(57) Using 4 workers of 4 for evacuation
[2024-12-12T18:55:06.811+0100][gc,phases     ] GC(57)   Pre Evacuate Collection Set: 0,1ms
[2024-12-12T18:55:06.811+0100][gc,phases     ] GC(57)   Evacuate Collection Set: 1,6ms
[2024-12-12T18:55:06.811+0100][gc,phases     ] GC(57)   Post Evacuate Collection Set: 0,8ms
[2024-12-12T18:55:06.811+0100][gc,phases     ] GC(57)   Other: 0,2ms
[2024-12-12T18:55:06.811+0100][gc,heap       ] GC(57) Eden regions: 613->0(613)
[2024-12-12T18:55:06.811+0100][gc,heap       ] GC(57) Survivor regions: 1->1(77)
[2024-12-12T18:55:06.811+0100][gc,heap       ] GC(57) Old regions: 17->17
[2024-12-12T18:55:06.811+0100][gc,heap       ] GC(57) Humongous regions: 129->129
[2024-12-12T18:55:06.811+0100][gc,metaspace  ] GC(57) Metaspace: 43531K(46208K)->43531K(46208K) NonClass: 37601K(38912K)->37601K(38912K) Class: 5930K(7296K)->5930K(7296K)
[2024-12-12T18:55:06.811+0100][gc            ] GC(57) Pause Young (Normal) (G1 Evacuation Pause) 758M->145M(1024M) 2,823ms
[2024-12-12T18:55:06.811+0100][gc,cpu        ] GC(57) User=0,00s Sys=0,01s Real=0,00s
[2024-12-12T19:03:17.040+0100][gc,start      ] GC(58) Pause Young (Normal) (G1 Evacuation Pause)
[2024-12-12T19:03:17.040+0100][gc,task       ] GC(58) Using 4 workers of 4 for evacuation
[2024-12-12T19:03:17.045+0100][gc,phases     ] GC(58)   Pre Evacuate Collection Set: 0,1ms
[2024-12-12T19:03:17.045+0100][gc,phases     ] GC(58)   Evacuate Collection Set: 3,1ms
[2024-12-12T19:03:17.045+0100][gc,phases     ] GC(58)   Post Evacuate Collection Set: 1,2ms
[2024-12-12T19:03:17.045+0100][gc,phases     ] GC(58)   Other: 0,2ms
[2024-12-12T19:03:17.045+0100][gc,heap       ] GC(58) Eden regions: 613->0(613)
[2024-12-12T19:03:17.045+0100][gc,heap       ] GC(58) Survivor regions: 1->1(77)
[2024-12-12T19:03:17.045+0100][gc,heap       ] GC(58) Old regions: 17->17
[2024-12-12T19:03:17.045+0100][gc,heap       ] GC(58) Humongous regions: 129->129
[2024-12-12T19:03:17.045+0100][gc,metaspace  ] GC(58) Metaspace: 43532K(46208K)->43532K(46208K) NonClass: 37601K(38912K)->37601K(38912K) Class: 5930K(7296K)->5930K(7296K)
[2024-12-12T19:03:17.045+0100][gc            ] GC(58) Pause Young (Normal) (G1 Evacuation Pause) 758M->145M(1024M) 4,741ms
[2024-12-12T19:03:17.045+0100][gc,cpu        ] GC(58) User=0,00s Sys=0,00s Real=0,01s
[2024-12-12T20:22:09.401+0100][gc,start      ] GC(59) Pause Young (Normal) (G1 Evacuation Pause)
[2024-12-12T20:22:09.401+0100][gc,task       ] GC(59) Using 4 workers of 4 for evacuation
[2024-12-12T20:22:09.406+0100][gc,phases     ] GC(59)   Pre Evacuate Collection Set: 0,0ms
[2024-12-12T20:22:09.406+0100][gc,phases     ] GC(59)   Evacuate Collection Set: 4,6ms
[2024-12-12T20:22:09.406+0100][gc,phases     ] GC(59)   Post Evacuate Collection Set: 0,7ms
[2024-12-12T20:22:09.406+0100][gc,phases     ] GC(59)   Other: 0,2ms
[2024-12-12T20:22:09.406+0100][gc,heap       ] GC(59) Eden regions: 613->0(612)
[2024-12-12T20:22:09.406+0100][gc,heap       ] GC(59) Survivor regions: 1->2(77)
[2024-12-12T20:22:09.406+0100][gc,heap       ] GC(59) Old regions: 17->17
[2024-12-12T20:22:09.406+0100][gc,heap       ] GC(59) Humongous regions: 129->129
[2024-12-12T20:22:09.406+0100][gc,metaspace  ] GC(59) Metaspace: 43561K(46208K)->43561K(46208K) NonClass: 37630K(38912K)->37630K(38912K) Class: 5930K(7296K)->5930K(7296K)
[2024-12-12T20:22:09.406+0100][gc            ] GC(59) Pause Young (Normal) (G1 Evacuation Pause) 758M->145M(1024M) 5,644ms
[2024-12-12T20:22:09.406+0100][gc,cpu        ] GC(59) User=0,00s Sys=0,01s Real=0,01s
[2024-12-12T20:29:10.471+0100][gc,start      ] GC(60) Pause Young (Normal) (G1 Evacuation Pause)
[2024-12-12T20:29:10.471+0100][gc,task       ] GC(60) Using 4 workers of 4 for evacuation
[2024-12-12T20:29:10.487+0100][gc,phases     ] GC(60)   Pre Evacuate Collection Set: 0,1ms
[2024-12-12T20:29:10.487+0100][gc,phases     ] GC(60)   Evacuate Collection Set: 6,9ms
[2024-12-12T20:29:10.487+0100][gc,phases     ] GC(60)   Post Evacuate Collection Set: 9,0ms
[2024-12-12T20:29:10.487+0100][gc,phases     ] GC(60)   Other: 0,4ms
[2024-12-12T20:29:10.487+0100][gc,heap       ] GC(60) Eden regions: 612->0(612)
[2024-12-12T20:29:10.487+0100][gc,heap       ] GC(60) Survivor regions: 2->2(77)
[2024-12-12T20:29:10.487+0100][gc,heap       ] GC(60) Old regions: 17->17
[2024-12-12T20:29:10.487+0100][gc,heap       ] GC(60) Humongous regions: 129->129
[2024-12-12T20:29:10.487+0100][gc,metaspace  ] GC(60) Metaspace: 43561K(46208K)->43561K(46208K) NonClass: 37631K(38912K)->37631K(38912K) Class: 5930K(7296K)->5930K(7296K)
[2024-12-12T20:29:10.487+0100][gc            ] GC(60) Pause Young (Normal) (G1 Evacuation Pause) 757M->145M(1024M) 16,452ms
[2024-12-12T20:29:10.487+0100][gc,cpu        ] GC(60) User=0,01s Sys=0,01s Real=0,02s
[2024-12-14T11:21:54.485+0100][gc,start      ] GC(61) Pause Young (Normal) (G1 Evacuation Pause)
[2024-12-14T11:21:54.485+0100][gc,task       ] GC(61) Using 4 workers of 4 for evacuation
[2024-12-14T11:21:54.565+0100][gc,mmu        ] GC(61) MMU target violated: 21,0ms (20,0ms/21,0ms)
[2024-12-14T11:21:54.566+0100][gc,phases     ] GC(61)   Pre Evacuate Collection Set: 2,9ms
[2024-12-14T11:21:54.566+0100][gc,phases     ] GC(61)   Evacuate Collection Set: 69,2ms
[2024-12-14T11:21:54.566+0100][gc,phases     ] GC(61)   Post Evacuate Collection Set: 8,1ms
[2024-12-14T11:21:54.566+0100][gc,phases     ] GC(61)   Other: 0,9ms
[2024-12-14T11:21:54.566+0100][gc,heap       ] GC(61) Eden regions: 612->0(92)
[2024-12-14T11:21:54.566+0100][gc,heap       ] GC(61) Survivor regions: 2->2(77)
[2024-12-14T11:21:54.566+0100][gc,heap       ] GC(61) Old regions: 17->17
[2024-12-14T11:21:54.566+0100][gc,heap       ] GC(61) Humongous regions: 129->129
[2024-12-14T11:21:54.566+0100][gc,metaspace  ] GC(61) Metaspace: 43635K(46464K)->43635K(46464K) NonClass: 37704K(39168K)->37704K(39168K) Class: 5930K(7296K)->5930K(7296K)
[2024-12-14T11:21:54.566+0100][gc            ] GC(61) Pause Young (Normal) (G1 Evacuation Pause) 757M->145M(1024M) 81,070ms
[2024-12-14T11:21:54.566+0100][gc,cpu        ] GC(61) User=0,06s Sys=0,12s Real=0,07s
[2024-12-14T11:23:03.772+0100][gc,start      ] GC(62) Pause Young (Normal) (G1 Evacuation Pause)
[2024-12-14T11:23:03.772+0100][gc,task       ] GC(62) Using 4 workers of 4 for evacuation
[2024-12-14T11:23:03.782+0100][gc,phases     ] GC(62)   Pre Evacuate Collection Set: 0,0ms
[2024-12-14T11:23:03.783+0100][gc,phases     ] GC(62)   Evacuate Collection Set: 10,0ms
[2024-12-14T11:23:03.783+0100][gc,phases     ] GC(62)   Post Evacuate Collection Set: 0,2ms
[2024-12-14T11:23:03.783+0100][gc,phases     ] GC(62)   Other: 0,2ms
[2024-12-14T11:23:03.783+0100][gc,heap       ] GC(62) Eden regions: 92->0(95)
[2024-12-14T11:23:03.783+0100][gc,heap       ] GC(62) Survivor regions: 2->2(12)
[2024-12-14T11:23:03.783+0100][gc,heap       ] GC(62) Old regions: 17->17
[2024-12-14T11:23:03.783+0100][gc,heap       ] GC(62) Humongous regions: 129->129
[2024-12-14T11:23:03.783+0100][gc,metaspace  ] GC(62) Metaspace: 43639K(46464K)->43639K(46464K) NonClass: 37709K(39168K)->37709K(39168K) Class: 5930K(7296K)->5930K(7296K)
[2024-12-14T11:23:03.783+0100][gc            ] GC(62) Pause Young (Normal) (G1 Evacuation Pause) 237M->145M(1024M) 10,492ms
[2024-12-14T11:23:03.783+0100][gc,cpu        ] GC(62) User=0,02s Sys=0,00s Real=0,01s
[2024-12-14T11:24:08.453+0100][gc,start      ] GC(63) Pause Young (Normal) (G1 Evacuation Pause)
[2024-12-14T11:24:08.453+0100][gc,task       ] GC(63) Using 4 workers of 4 for evacuation
[2024-12-14T11:24:08.459+0100][gc,phases     ] GC(63)   Pre Evacuate Collection Set: 0,0ms
[2024-12-14T11:24:08.459+0100][gc,phases     ] GC(63)   Evacuate Collection Set: 5,7ms
[2024-12-14T11:24:08.459+0100][gc,phases     ] GC(63)   Post Evacuate Collection Set: 0,5ms
[2024-12-14T11:24:08.459+0100][gc,phases     ] GC(63)   Other: 0,2ms
[2024-12-14T11:24:08.459+0100][gc,heap       ] GC(63) Eden regions: 95->0(98)
[2024-12-14T11:24:08.459+0100][gc,heap       ] GC(63) Survivor regions: 2->2(13)
[2024-12-14T11:24:08.459+0100][gc,heap       ] GC(63) Old regions: 17->17
[2024-12-14T11:24:08.459+0100][gc,heap       ] GC(63) Humongous regions: 129->129
[2024-12-14T11:24:08.459+0100][gc,metaspace  ] GC(63) Metaspace: 43639K(46464K)->43639K(46464K) NonClass: 37709K(39168K)->37709K(39168K) Class: 5930K(7296K)->5930K(7296K)
[2024-12-14T11:24:08.460+0100][gc            ] GC(63) Pause Young (Normal) (G1 Evacuation Pause) 240M->145M(1024M) 7,276ms
[2024-12-14T11:24:08.460+0100][gc,cpu        ] GC(63) User=0,02s Sys=0,00s Real=0,00s
[2024-12-14T11:56:30.510+0100][gc,start      ] GC(64) Pause Young (Normal) (G1 Evacuation Pause)
[2024-12-14T11:56:30.510+0100][gc,task       ] GC(64) Using 4 workers of 4 for evacuation
[2024-12-14T11:56:30.519+0100][gc,phases     ] GC(64)   Pre Evacuate Collection Set: 0,2ms
[2024-12-14T11:56:30.519+0100][gc,phases     ] GC(64)   Evacuate Collection Set: 8,4ms
[2024-12-14T11:56:30.519+0100][gc,phases     ] GC(64)   Post Evacuate Collection Set: 0,8ms
[2024-12-14T11:56:30.519+0100][gc,phases     ] GC(64)   Other: 0,4ms
[2024-12-14T11:56:30.519+0100][gc,heap       ] GC(64) Eden regions: 98->0(102)
[2024-12-14T11:56:30.519+0100][gc,heap       ] GC(64) Survivor regions: 2->2(13)
[2024-12-14T11:56:30.519+0100][gc,heap       ] GC(64) Old regions: 17->17
[2024-12-14T11:56:30.519+0100][gc,heap       ] GC(64) Humongous regions: 129->129
[2024-12-14T11:56:30.519+0100][gc,metaspace  ] GC(64) Metaspace: 43680K(46464K)->43680K(46464K) NonClass: 37749K(39168K)->37749K(39168K) Class: 5930K(7296K)->5930K(7296K)
[2024-12-14T11:56:30.519+0100][gc            ] GC(64) Pause Young (Normal) (G1 Evacuation Pause) 243M->145M(1024M) 9,768ms
[2024-12-14T11:56:30.519+0100][gc,cpu        ] GC(64) User=0,01s Sys=0,02s Real=0,01s
[2024-12-14T11:57:43.897+0100][gc,start      ] GC(65) Pause Young (Normal) (G1 Evacuation Pause)
[2024-12-14T11:57:43.897+0100][gc,task       ] GC(65) Using 4 workers of 4 for evacuation
[2024-12-14T11:57:43.904+0100][gc,phases     ] GC(65)   Pre Evacuate Collection Set: 0,1ms
[2024-12-14T11:57:43.904+0100][gc,phases     ] GC(65)   Evacuate Collection Set: 5,3ms
[2024-12-14T11:57:43.904+0100][gc,phases     ] GC(65)   Post Evacuate Collection Set: 1,3ms
[2024-12-14T11:57:43.904+0100][gc,phases     ] GC(65)   Other: 0,2ms
[2024-12-14T11:57:43.904+0100][gc,heap       ] GC(65) Eden regions: 102->0(107)
[2024-12-14T11:57:43.904+0100][gc,heap       ] GC(65) Survivor regions: 2->2(13)
[2024-12-14T11:57:43.904+0100][gc,heap       ] GC(65) Old regions: 17->17
[2024-12-14T11:57:43.904+0100][gc,heap       ] GC(65) Humongous regions: 129->129
[2024-12-14T11:57:43.904+0100][gc,metaspace  ] GC(65) Metaspace: 43680K(46464K)->43680K(46464K) NonClass: 37749K(39168K)->37749K(39168K) Class: 5930K(7296K)->5930K(7296K)
[2024-12-14T11:57:43.904+0100][gc            ] GC(65) Pause Young (Normal) (G1 Evacuation Pause) 247M->145M(1024M) 7,086ms
[2024-12-14T11:57:43.904+0100][gc,cpu        ] GC(65) User=0,02s Sys=0,00s Real=0,01s
[2024-12-14T11:59:02.143+0100][gc,start      ] GC(66) Pause Young (Normal) (G1 Evacuation Pause)
[2024-12-14T11:59:02.144+0100][gc,task       ] GC(66) Using 4 workers of 4 for evacuation
[2024-12-14T11:59:02.148+0100][gc,phases     ] GC(66)   Pre Evacuate Collection Set: 0,0ms
[2024-12-14T11:59:02.148+0100][gc,phases     ] GC(66)   Evacuate Collection Set: 3,5ms
[2024-12-14T11:59:02.148+0100][gc,phases     ] GC(66)   Post Evacuate Collection Set: 0,7ms
[2024-12-14T11:59:02.148+0100][gc,phases     ] GC(66)   Other: 0,6ms
[2024-12-14T11:59:02.148+0100][gc,heap       ] GC(66) Eden regions: 107->0(114)
[2024-12-14T11:59:02.148+0100][gc,heap       ] GC(66) Survivor regions: 2->2(14)
[2024-12-14T11:59:02.148+0100][gc,heap       ] GC(66) Old regions: 17->17
[2024-12-14T11:59:02.148+0100][gc,heap       ] GC(66) Humongous regions: 129->129
[2024-12-14T11:59:02.148+0100][gc,metaspace  ] GC(66) Metaspace: 43680K(46464K)->43680K(46464K) NonClass: 37749K(39168K)->37749K(39168K) Class: 5930K(7296K)->5930K(7296K)
[2024-12-14T11:59:02.148+0100][gc            ] GC(66) Pause Young (Normal) (G1 Evacuation Pause) 252M->145M(1024M) 5,081ms
[2024-12-14T11:59:02.148+0100][gc,cpu        ] GC(66) User=0,01s Sys=0,00s Real=0,00s
[2024-12-14T12:00:15.872+0100][gc,start      ] GC(67) Pause Young (Normal) (G1 Evacuation Pause)
[2024-12-14T12:00:15.872+0100][gc,task       ] GC(67) Using 4 workers of 4 for evacuation
[2024-12-14T12:00:15.876+0100][gc,phases     ] GC(67)   Pre Evacuate Collection Set: 0,0ms
[2024-12-14T12:00:15.877+0100][gc,phases     ] GC(67)   Evacuate Collection Set: 4,0ms
[2024-12-14T12:00:15.877+0100][gc,phases     ] GC(67)   Post Evacuate Collection Set: 0,7ms
[2024-12-14T12:00:15.877+0100][gc,phases     ] GC(67)   Other: 0,2ms
[2024-12-14T12:00:15.877+0100][gc,heap       ] GC(67) Eden regions: 114->0(114)
[2024-12-14T12:00:15.877+0100][gc,heap       ] GC(67) Survivor regions: 2->1(15)
[2024-12-14T12:00:15.877+0100][gc,heap       ] GC(67) Old regions: 17->17
[2024-12-14T12:00:15.877+0100][gc,heap       ] GC(67) Humongous regions: 129->129
[2024-12-14T12:00:15.877+0100][gc,metaspace  ] GC(67) Metaspace: 43681K(46464K)->43681K(46464K) NonClass: 37750K(39168K)->37750K(39168K) Class: 5930K(7296K)->5930K(7296K)
[2024-12-14T12:00:15.877+0100][gc            ] GC(67) Pause Young (Normal) (G1 Evacuation Pause) 259M->145M(1024M) 5,707ms
[2024-12-14T12:00:15.877+0100][gc,cpu        ] GC(67) User=0,00s Sys=0,01s Real=0,00s
[2024-12-14T12:01:50.437+0100][gc,start      ] GC(68) Pause Young (Normal) (G1 Evacuation Pause)
[2024-12-14T12:01:50.437+0100][gc,task       ] GC(68) Using 4 workers of 4 for evacuation
[2024-12-14T12:01:50.442+0100][gc,phases     ] GC(68)   Pre Evacuate Collection Set: 0,0ms
[2024-12-14T12:01:50.442+0100][gc,phases     ] GC(68)   Evacuate Collection Set: 3,2ms
[2024-12-14T12:01:50.442+0100][gc,phases     ] GC(68)   Post Evacuate Collection Set: 0,7ms
[2024-12-14T12:01:50.442+0100][gc,phases     ] GC(68)   Other: 0,2ms
[2024-12-14T12:01:50.442+0100][gc,heap       ] GC(68) Eden regions: 114->0(128)
[2024-12-14T12:01:50.442+0100][gc,heap       ] GC(68) Survivor regions: 1->2(15)
[2024-12-14T12:01:50.442+0100][gc,heap       ] GC(68) Old regions: 17->17
[2024-12-14T12:01:50.442+0100][gc,heap       ] GC(68) Humongous regions: 129->129
[2024-12-14T12:01:50.442+0100][gc,metaspace  ] GC(68) Metaspace: 43689K(46464K)->43689K(46464K) NonClass: 37759K(39168K)->37759K(39168K) Class: 5930K(7296K)->5930K(7296K)
[2024-12-14T12:01:50.442+0100][gc            ] GC(68) Pause Young (Normal) (G1 Evacuation Pause) 259M->145M(1024M) 4,343ms
[2024-12-14T12:01:50.442+0100][gc,cpu        ] GC(68) User=0,01s Sys=0,01s Real=0,00s
[2024-12-14T12:03:31.736+0100][gc,start      ] GC(69) Pause Young (Normal) (G1 Evacuation Pause)
[2024-12-14T12:03:31.736+0100][gc,task       ] GC(69) Using 4 workers of 4 for evacuation
[2024-12-14T12:03:31.741+0100][gc,phases     ] GC(69)   Pre Evacuate Collection Set: 0,1ms
[2024-12-14T12:03:31.741+0100][gc,phases     ] GC(69)   Evacuate Collection Set: 3,8ms
[2024-12-14T12:03:31.741+0100][gc,phases     ] GC(69)   Post Evacuate Collection Set: 0,8ms
[2024-12-14T12:03:31.741+0100][gc,phases     ] GC(69)   Other: 0,3ms
[2024-12-14T12:03:31.741+0100][gc,heap       ] GC(69) Eden regions: 128->0(140)
[2024-12-14T12:03:31.741+0100][gc,heap       ] GC(69) Survivor regions: 2->2(17)
[2024-12-14T12:03:31.741+0100][gc,heap       ] GC(69) Old regions: 17->17
[2024-12-14T12:03:31.741+0100][gc,heap       ] GC(69) Humongous regions: 129->129
[2024-12-14T12:03:31.741+0100][gc,metaspace  ] GC(69) Metaspace: 43692K(46464K)->43692K(46464K) NonClass: 37761K(39168K)->37761K(39168K) Class: 5930K(7296K)->5930K(7296K)
[2024-12-14T12:03:31.741+0100][gc            ] GC(69) Pause Young (Normal) (G1 Evacuation Pause) 273M->145M(1024M) 5,164ms
[2024-12-14T12:03:31.741+0100][gc,cpu        ] GC(69) User=0,00s Sys=0,01s Real=0,00s
[2024-12-14T12:05:25.845+0100][gc,start      ] GC(70) Pause Young (Normal) (G1 Evacuation Pause)
[2024-12-14T12:05:25.845+0100][gc,task       ] GC(70) Using 4 workers of 4 for evacuation
[2024-12-14T12:05:25.855+0100][gc,phases     ] GC(70)   Pre Evacuate Collection Set: 0,1ms
[2024-12-14T12:05:25.855+0100][gc,phases     ] GC(70)   Evacuate Collection Set: 8,7ms
[2024-12-14T12:05:25.855+0100][gc,phases     ] GC(70)   Post Evacuate Collection Set: 0,8ms
[2024-12-14T12:05:25.855+0100][gc,phases     ] GC(70)   Other: 0,2ms
[2024-12-14T12:05:25.855+0100][gc,heap       ] GC(70) Eden regions: 140->0(152)
[2024-12-14T12:05:25.855+0100][gc,heap       ] GC(70) Survivor regions: 2->2(18)
[2024-12-14T12:05:25.855+0100][gc,heap       ] GC(70) Old regions: 17->17
[2024-12-14T12:05:25.855+0100][gc,heap       ] GC(70) Humongous regions: 129->129
[2024-12-14T12:05:25.855+0100][gc,metaspace  ] GC(70) Metaspace: 43692K(46464K)->43692K(46464K) NonClass: 37761K(39168K)->37761K(39168K) Class: 5930K(7296K)->5930K(7296K)
[2024-12-14T12:05:25.855+0100][gc            ] GC(70) Pause Young (Normal) (G1 Evacuation Pause) 285M->145M(1024M) 9,934ms
[2024-12-14T12:05:25.855+0100][gc,cpu        ] GC(70) User=0,02s Sys=0,00s Real=0,01s
[2024-12-14T12:07:14.081+0100][gc,start      ] GC(71) Pause Young (Normal) (G1 Evacuation Pause)
[2024-12-14T12:07:14.081+0100][gc,task       ] GC(71) Using 4 workers of 4 for evacuation
[2024-12-14T12:07:14.084+0100][gc,phases     ] GC(71)   Pre Evacuate Collection Set: 0,0ms
[2024-12-14T12:07:14.084+0100][gc,phases     ] GC(71)   Evacuate Collection Set: 2,5ms
[2024-12-14T12:07:14.084+0100][gc,phases     ] GC(71)   Post Evacuate Collection Set: 0,9ms
[2024-12-14T12:07:14.085+0100][gc,phases     ] GC(71)   Other: 0,2ms
[2024-12-14T12:07:14.085+0100][gc,heap       ] GC(71) Eden regions: 152->0(178)
[2024-12-14T12:07:14.085+0100][gc,heap       ] GC(71) Survivor regions: 2->2(20)
[2024-12-14T12:07:14.085+0100][gc,heap       ] GC(71) Old regions: 17->17
[2024-12-14T12:07:14.085+0100][gc,heap       ] GC(71) Humongous regions: 129->129
[2024-12-14T12:07:14.085+0100][gc,metaspace  ] GC(71) Metaspace: 43692K(46464K)->43692K(46464K) NonClass: 37761K(39168K)->37761K(39168K) Class: 5930K(7296K)->5930K(7296K)
[2024-12-14T12:07:14.085+0100][gc            ] GC(71) Pause Young (Normal) (G1 Evacuation Pause) 297M->145M(1024M) 3,741ms
[2024-12-14T12:07:14.085+0100][gc,cpu        ] GC(71) User=0,01s Sys=0,01s Real=0,01s
[2024-12-14T12:16:03.245+0100][gc,start      ] GC(72) Pause Young (Normal) (G1 Evacuation Pause)
[2024-12-14T12:16:03.246+0100][gc,task       ] GC(72) Using 4 workers of 4 for evacuation
[2024-12-14T12:16:03.249+0100][gc,phases     ] GC(72)   Pre Evacuate Collection Set: 0,3ms
[2024-12-14T12:16:03.249+0100][gc,phases     ] GC(72)   Evacuate Collection Set: 1,6ms
[2024-12-14T12:16:03.249+0100][gc,phases     ] GC(72)   Post Evacuate Collection Set: 1,5ms
[2024-12-14T12:16:03.249+0100][gc,phases     ] GC(72)   Other: 0,3ms
[2024-12-14T12:16:03.249+0100][gc,heap       ] GC(72) Eden regions: 178->0(215)
[2024-12-14T12:16:03.249+0100][gc,heap       ] GC(72) Survivor regions: 2->2(23)
[2024-12-14T12:16:03.249+0100][gc,heap       ] GC(72) Old regions: 17->17
[2024-12-14T12:16:03.249+0100][gc,heap       ] GC(72) Humongous regions: 129->129
[2024-12-14T12:16:03.249+0100][gc,metaspace  ] GC(72) Metaspace: 43742K(46464K)->43742K(46464K) NonClass: 37811K(39168K)->37811K(39168K) Class: 5930K(7296K)->5930K(7296K)
[2024-12-14T12:16:03.249+0100][gc            ] GC(72) Pause Young (Normal) (G1 Evacuation Pause) 323M->145M(1024M) 3,720ms
[2024-12-14T12:16:03.249+0100][gc,cpu        ] GC(72) User=0,01s Sys=0,00s Real=0,00s
[2024-12-14T12:20:40.146+0100][gc,start      ] GC(73) Pause Young (Normal) (G1 Evacuation Pause)
[2024-12-14T12:20:40.146+0100][gc,task       ] GC(73) Using 4 workers of 4 for evacuation
[2024-12-14T12:20:40.151+0100][gc,phases     ] GC(73)   Pre Evacuate Collection Set: 0,1ms
[2024-12-14T12:20:40.151+0100][gc,phases     ] GC(73)   Evacuate Collection Set: 3,7ms
[2024-12-14T12:20:40.151+0100][gc,phases     ] GC(73)   Post Evacuate Collection Set: 0,8ms
[2024-12-14T12:20:40.151+0100][gc,phases     ] GC(73)   Other: 0,2ms
[2024-12-14T12:20:40.151+0100][gc,heap       ] GC(73) Eden regions: 215->0(265)
[2024-12-14T12:20:40.151+0100][gc,heap       ] GC(73) Survivor regions: 2->2(28)
[2024-12-14T12:20:40.151+0100][gc,heap       ] GC(73) Old regions: 17->17
[2024-12-14T12:20:40.151+0100][gc,heap       ] GC(73) Humongous regions: 129->129
[2024-12-14T12:20:40.151+0100][gc,metaspace  ] GC(73) Metaspace: 43759K(46464K)->43759K(46464K) NonClass: 37828K(39168K)->37828K(39168K) Class: 5930K(7296K)->5930K(7296K)
[2024-12-14T12:20:40.151+0100][gc            ] GC(73) Pause Young (Normal) (G1 Evacuation Pause) 360M->145M(1024M) 4,924ms
[2024-12-14T12:20:40.151+0100][gc,cpu        ] GC(73) User=0,00s Sys=0,01s Real=0,01s
[2024-12-14T12:24:10.069+0100][gc,start      ] GC(74) Pause Young (Normal) (G1 Evacuation Pause)
[2024-12-14T12:24:10.069+0100][gc,task       ] GC(74) Using 4 workers of 4 for evacuation
[2024-12-14T12:24:10.075+0100][gc,phases     ] GC(74)   Pre Evacuate Collection Set: 0,1ms
[2024-12-14T12:24:10.075+0100][gc,phases     ] GC(74)   Evacuate Collection Set: 3,5ms
[2024-12-14T12:24:10.075+0100][gc,phases     ] GC(74)   Post Evacuate Collection Set: 1,8ms
[2024-12-14T12:24:10.075+0100][gc,phases     ] GC(74)   Other: 0,3ms
[2024-12-14T12:24:10.075+0100][gc,heap       ] GC(74) Eden regions: 265->0(341)
[2024-12-14T12:24:10.075+0100][gc,heap       ] GC(74) Survivor regions: 2->2(34)
[2024-12-14T12:24:10.075+0100][gc,heap       ] GC(74) Old regions: 17->17
[2024-12-14T12:24:10.075+0100][gc,heap       ] GC(74) Humongous regions: 129->129
[2024-12-14T12:24:10.075+0100][gc,metaspace  ] GC(74) Metaspace: 43759K(46464K)->43759K(46464K) NonClass: 37828K(39168K)->37828K(39168K) Class: 5930K(7296K)->5930K(7296K)
[2024-12-14T12:24:10.075+0100][gc            ] GC(74) Pause Young (Normal) (G1 Evacuation Pause) 410M->145M(1024M) 5,749ms
[2024-12-14T12:24:10.075+0100][gc,cpu        ] GC(74) User=0,01s Sys=0,00s Real=0,01s
[2024-12-14T12:28:21.041+0100][gc,start      ] GC(75) Pause Young (Normal) (G1 Evacuation Pause)
[2024-12-14T12:28:21.041+0100][gc,task       ] GC(75) Using 4 workers of 4 for evacuation
[2024-12-14T12:28:21.050+0100][gc,phases     ] GC(75)   Pre Evacuate Collection Set: 0,0ms
[2024-12-14T12:28:21.050+0100][gc,phases     ] GC(75)   Evacuate Collection Set: 6,9ms
[2024-12-14T12:28:21.050+0100][gc,phases     ] GC(75)   Post Evacuate Collection Set: 0,8ms
[2024-12-14T12:28:21.050+0100][gc,phases     ] GC(75)   Other: 1,1ms
[2024-12-14T12:28:21.050+0100][gc,heap       ] GC(75) Eden regions: 341->0(423)
[2024-12-14T12:28:21.050+0100][gc,heap       ] GC(75) Survivor regions: 2->2(43)
[2024-12-14T12:28:21.050+0100][gc,heap       ] GC(75) Old regions: 17->17
[2024-12-14T12:28:21.050+0100][gc,heap       ] GC(75) Humongous regions: 129->129
[2024-12-14T12:28:21.050+0100][gc,metaspace  ] GC(75) Metaspace: 43759K(46464K)->43759K(46464K) NonClass: 37829K(39168K)->37829K(39168K) Class: 5930K(7296K)->5930K(7296K)
[2024-12-14T12:28:21.050+0100][gc            ] GC(75) Pause Young (Normal) (G1 Evacuation Pause) 486M->145M(1024M) 8,775ms
[2024-12-14T12:28:21.050+0100][gc,cpu        ] GC(75) User=0,00s Sys=0,01s Real=0,00s
[2024-12-14T12:36:30.935+0100][gc,start      ] GC(76) Pause Young (Normal) (G1 Evacuation Pause)
[2024-12-14T12:36:30.935+0100][gc,task       ] GC(76) Using 4 workers of 4 for evacuation
[2024-12-14T12:36:30.941+0100][gc,phases     ] GC(76)   Pre Evacuate Collection Set: 0,1ms
[2024-12-14T12:36:30.942+0100][gc,phases     ] GC(76)   Evacuate Collection Set: 2,9ms
[2024-12-14T12:36:30.942+0100][gc,phases     ] GC(76)   Post Evacuate Collection Set: 3,1ms
[2024-12-14T12:36:30.942+0100][gc,phases     ] GC(76)   Other: 0,4ms
[2024-12-14T12:36:30.942+0100][gc,heap       ] GC(76) Eden regions: 423->0(518)
[2024-12-14T12:36:30.942+0100][gc,heap       ] GC(76) Survivor regions: 2->2(54)
[2024-12-14T12:36:30.942+0100][gc,heap       ] GC(76) Old regions: 17->17
[2024-12-14T12:36:30.942+0100][gc,heap       ] GC(76) Humongous regions: 129->129
[2024-12-14T12:36:30.942+0100][gc,metaspace  ] GC(76) Metaspace: 43777K(46464K)->43777K(46464K) NonClass: 37846K(39168K)->37846K(39168K) Class: 5930K(7296K)->5930K(7296K)
[2024-12-14T12:36:30.942+0100][gc            ] GC(76) Pause Young (Normal) (G1 Evacuation Pause) 568M->145M(1024M) 6,668ms
[2024-12-14T12:36:30.942+0100][gc,cpu        ] GC(76) User=0,00s Sys=0,01s Real=0,00s
[2024-12-14T12:42:04.596+0100][gc,start      ] GC(77) Pause Young (Normal) (G1 Evacuation Pause)
[2024-12-14T12:42:04.596+0100][gc,task       ] GC(77) Using 4 workers of 4 for evacuation
[2024-12-14T12:42:04.600+0100][gc,phases     ] GC(77)   Pre Evacuate Collection Set: 0,0ms
[2024-12-14T12:42:04.601+0100][gc,phases     ] GC(77)   Evacuate Collection Set: 1,9ms
[2024-12-14T12:42:04.601+0100][gc,phases     ] GC(77)   Post Evacuate Collection Set: 2,8ms
[2024-12-14T12:42:04.601+0100][gc,phases     ] GC(77)   Other: 0,3ms
[2024-12-14T12:42:04.601+0100][gc,heap       ] GC(77) Eden regions: 518->0(612)
[2024-12-14T12:42:04.601+0100][gc,heap       ] GC(77) Survivor regions: 2->2(65)
[2024-12-14T12:42:04.601+0100][gc,heap       ] GC(77) Old regions: 17->17
[2024-12-14T12:42:04.601+0100][gc,heap       ] GC(77) Humongous regions: 129->129
[2024-12-14T12:42:04.601+0100][gc,metaspace  ] GC(77) Metaspace: 43777K(46464K)->43777K(46464K) NonClass: 37846K(39168K)->37846K(39168K) Class: 5930K(7296K)->5930K(7296K)
[2024-12-14T12:42:04.601+0100][gc            ] GC(77) Pause Young (Normal) (G1 Evacuation Pause) 663M->145M(1024M) 5,078ms
[2024-12-14T12:42:04.601+0100][gc,cpu        ] GC(77) User=0,01s Sys=0,01s Real=0,00s
[2024-12-14T12:50:03.317+0100][gc,start      ] GC(78) Pause Young (Normal) (G1 Evacuation Pause)
[2024-12-14T12:50:03.318+0100][gc,task       ] GC(78) Using 4 workers of 4 for evacuation
[2024-12-14T12:50:03.324+0100][gc,phases     ] GC(78)   Pre Evacuate Collection Set: 0,0ms
[2024-12-14T12:50:03.324+0100][gc,phases     ] GC(78)   Evacuate Collection Set: 2,3ms
[2024-12-14T12:50:03.324+0100][gc,phases     ] GC(78)   Post Evacuate Collection Set: 3,7ms
[2024-12-14T12:50:03.324+0100][gc,phases     ] GC(78)   Other: 0,3ms
[2024-12-14T12:50:03.324+0100][gc,heap       ] GC(78) Eden regions: 612->0(612)
[2024-12-14T12:50:03.324+0100][gc,heap       ] GC(78) Survivor regions: 2->2(77)
[2024-12-14T12:50:03.324+0100][gc,heap       ] GC(78) Old regions: 17->17
[2024-12-14T12:50:03.324+0100][gc,heap       ] GC(78) Humongous regions: 129->129
[2024-12-14T12:50:03.324+0100][gc,metaspace  ] GC(78) Metaspace: 43782K(46464K)->43782K(46464K) NonClass: 37852K(39168K)->37852K(39168K) Class: 5930K(7296K)->5930K(7296K)
[2024-12-14T12:50:03.324+0100][gc            ] GC(78) Pause Young (Normal) (G1 Evacuation Pause) 757M->145M(1024M) 6,439ms
[2024-12-14T12:50:03.324+0100][gc,cpu        ] GC(78) User=0,00s Sys=0,02s Real=0,01s
[2024-12-14T12:59:46.899+0100][gc,start      ] GC(79) Pause Young (Normal) (G1 Evacuation Pause)
[2024-12-14T12:59:46.899+0100][gc,task       ] GC(79) Using 4 workers of 4 for evacuation
[2024-12-14T12:59:46.909+0100][gc,phases     ] GC(79)   Pre Evacuate Collection Set: 0,1ms
[2024-12-14T12:59:46.909+0100][gc,phases     ] GC(79)   Evacuate Collection Set: 5,9ms
[2024-12-14T12:59:46.909+0100][gc,phases     ] GC(79)   Post Evacuate Collection Set: 3,5ms
[2024-12-14T12:59:46.909+0100][gc,phases     ] GC(79)   Other: 0,3ms
[2024-12-14T12:59:46.909+0100][gc,heap       ] GC(79) Eden regions: 612->0(612)
[2024-12-14T12:59:46.909+0100][gc,heap       ] GC(79) Survivor regions: 2->2(77)
[2024-12-14T12:59:46.909+0100][gc,heap       ] GC(79) Old regions: 17->17
[2024-12-14T12:59:46.909+0100][gc,heap       ] GC(79) Humongous regions: 129->129
[2024-12-14T12:59:46.909+0100][gc,metaspace  ] GC(79) Metaspace: 43826K(46464K)->43826K(46464K) NonClass: 37894K(39168K)->37894K(39168K) Class: 5931K(7296K)->5931K(7296K)
[2024-12-14T12:59:46.909+0100][gc            ] GC(79) Pause Young (Normal) (G1 Evacuation Pause) 757M->145M(1024M) 9,958ms
[2024-12-14T12:59:46.909+0100][gc,cpu        ] GC(79) User=0,01s Sys=0,02s Real=0,01s
[2024-12-14T13:06:04.448+0100][gc,start      ] GC(80) Pause Young (Normal) (G1 Evacuation Pause)
[2024-12-14T13:06:04.448+0100][gc,task       ] GC(80) Using 4 workers of 4 for evacuation
[2024-12-14T13:06:04.452+0100][gc,phases     ] GC(80)   Pre Evacuate Collection Set: 0,0ms
[2024-12-14T13:06:04.452+0100][gc,phases     ] GC(80)   Evacuate Collection Set: 3,1ms
[2024-12-14T13:06:04.452+0100][gc,phases     ] GC(80)   Post Evacuate Collection Set: 1,1ms
[2024-12-14T13:06:04.452+0100][gc,phases     ] GC(80)   Other: 0,5ms
[2024-12-14T13:06:04.452+0100][gc,heap       ] GC(80) Eden regions: 612->0(612)
[2024-12-14T13:06:04.452+0100][gc,heap       ] GC(80) Survivor regions: 2->2(77)
[2024-12-14T13:06:04.452+0100][gc,heap       ] GC(80) Old regions: 17->17
[2024-12-14T13:06:04.452+0100][gc,heap       ] GC(80) Humongous regions: 129->129
[2024-12-14T13:06:04.452+0100][gc,metaspace  ] GC(80) Metaspace: 43827K(46464K)->43827K(46464K) NonClass: 37896K(39168K)->37896K(39168K) Class: 5931K(7296K)->5931K(7296K)
[2024-12-14T13:06:04.452+0100][gc            ] GC(80) Pause Young (Normal) (G1 Evacuation Pause) 757M->145M(1024M) 4,615ms
[2024-12-14T13:06:04.452+0100][gc,cpu        ] GC(80) User=0,01s Sys=0,00s Real=0,01s
[2024-12-14T13:12:23.237+0100][gc,start      ] GC(81) Pause Young (Normal) (G1 Evacuation Pause)
[2024-12-14T13:12:23.238+0100][gc,task       ] GC(81) Using 4 workers of 4 for evacuation
[2024-12-14T13:12:23.242+0100][gc,phases     ] GC(81)   Pre Evacuate Collection Set: 0,2ms
[2024-12-14T13:12:23.242+0100][gc,phases     ] GC(81)   Evacuate Collection Set: 2,0ms
[2024-12-14T13:12:23.242+0100][gc,phases     ] GC(81)   Post Evacuate Collection Set: 1,7ms
[2024-12-14T13:12:23.242+0100][gc,phases     ] GC(81)   Other: 0,3ms
[2024-12-14T13:12:23.242+0100][gc,heap       ] GC(81) Eden regions: 612->0(612)
[2024-12-14T13:12:23.242+0100][gc,heap       ] GC(81) Survivor regions: 2->2(77)
[2024-12-14T13:12:23.242+0100][gc,heap       ] GC(81) Old regions: 17->17
[2024-12-14T13:12:23.242+0100][gc,heap       ] GC(81) Humongous regions: 129->129
[2024-12-14T13:12:23.242+0100][gc,metaspace  ] GC(81) Metaspace: 43827K(46464K)->43827K(46464K) NonClass: 37896K(39168K)->37896K(39168K) Class: 5931K(7296K)->5931K(7296K)
[2024-12-14T13:12:23.242+0100][gc            ] GC(81) Pause Young (Normal) (G1 Evacuation Pause) 757M->145M(1024M) 4,258ms
[2024-12-14T13:12:23.242+0100][gc,cpu        ] GC(81) User=0,01s Sys=0,00s Real=0,00s
