[2024-12-03T15:37:58.523+0100][gc,heap] Heap region size: 1M
[2024-12-03T15:37:58.538+0100][gc     ] Using G1
[2024-12-03T15:37:58.538+0100][gc,heap,coops] Heap address: 0x00000000c0000000, size: 1024 MB, Compressed Oops mode: 32-bit
[2024-12-03T15:37:58.538+0100][gc,cds       ] Mark closed archive regions in map: [0x00000000fff00000, 0x00000000fff6aff8]
[2024-12-03T15:37:58.538+0100][gc,cds       ] Mark open archive regions in map: [0x00000000ffe00000, 0x00000000ffe47ff8]
[2024-12-03T15:38:01.624+0100][gc,start     ] GC(0) Pause Young (Normal) (G1 Evacuation Pause)
[2024-12-03T15:38:01.624+0100][gc,task      ] GC(0) Using 2 workers of 2 for evacuation
[2024-12-03T15:38:01.648+0100][gc,mmu       ] GC(0) MMU target violated: 21,0ms (20,0ms/21,0ms)
[2024-12-03T15:38:01.649+0100][gc,phases    ] GC(0)   Pre Evacuate Collection Set: 0,0ms
[2024-12-03T15:38:01.649+0100][gc,phases    ] GC(0)   Evacuate Collection Set: 23,8ms
[2024-12-03T15:38:01.649+0100][gc,phases    ] GC(0)   Post Evacuate Collection Set: 0,6ms
[2024-12-03T15:38:01.649+0100][gc,phases    ] GC(0)   Other: 0,3ms
[2024-12-03T15:38:01.649+0100][gc,heap      ] GC(0) Eden regions: 51->0(44)
[2024-12-03T15:38:01.649+0100][gc,heap      ] GC(0) Survivor regions: 0->7(7)
[2024-12-03T15:38:01.649+0100][gc,heap      ] GC(0) Old regions: 2->2
[2024-12-03T15:38:01.649+0100][gc,heap      ] GC(0) Humongous regions: 0->0
[2024-12-03T15:38:01.649+0100][gc,metaspace ] GC(0) Metaspace: 14362K(15104K)->14362K(15104K) NonClass: 12353K(12800K)->12353K(12800K) Class: 2008K(2304K)->2008K(2304K)
[2024-12-03T15:38:01.649+0100][gc           ] GC(0) Pause Young (Normal) (G1 Evacuation Pause) 51M->7M(1024M) 24,794ms
[2024-12-03T15:38:01.649+0100][gc,cpu       ] GC(0) User=0,02s Sys=0,01s Real=0,02s
[2024-12-03T15:38:03.636+0100][gc,start     ] GC(1) Pause Young (Concurrent Start) (Metadata GC Threshold)
[2024-12-03T15:38:03.636+0100][gc,task      ] GC(1) Using 2 workers of 2 for evacuation
[2024-12-03T15:38:03.658+0100][gc,mmu       ] GC(1) MMU target violated: 21,0ms (20,0ms/21,0ms)
[2024-12-03T15:38:03.658+0100][gc,phases    ] GC(1)   Pre Evacuate Collection Set: 0,1ms
[2024-12-03T15:38:03.658+0100][gc,phases    ] GC(1)   Evacuate Collection Set: 21,5ms
[2024-12-03T15:38:03.658+0100][gc,phases    ] GC(1)   Post Evacuate Collection Set: 0,4ms
[2024-12-03T15:38:03.658+0100][gc,phases    ] GC(1)   Other: 0,3ms
[2024-12-03T15:38:03.658+0100][gc,heap      ] GC(1) Eden regions: 28->0(50)
[2024-12-03T15:38:03.658+0100][gc,heap      ] GC(1) Survivor regions: 7->1(7)
[2024-12-03T15:38:03.658+0100][gc,heap      ] GC(1) Old regions: 2->9
[2024-12-03T15:38:03.658+0100][gc,heap      ] GC(1) Humongous regions: 0->0
[2024-12-03T15:38:03.658+0100][gc,metaspace ] GC(1) Metaspace: 20654K(21248K)->20654K(21248K) NonClass: 17839K(18176K)->17839K(18176K) Class: 2814K(3072K)->2814K(3072K)
[2024-12-03T15:38:03.658+0100][gc           ] GC(1) Pause Young (Concurrent Start) (Metadata GC Threshold) 34M->8M(1024M) 22,374ms
[2024-12-03T15:38:03.658+0100][gc,cpu       ] GC(1) User=0,02s Sys=0,02s Real=0,02s
[2024-12-03T15:38:03.658+0100][gc           ] GC(2) Concurrent Cycle
[2024-12-03T15:38:03.658+0100][gc,marking   ] GC(2) Concurrent Clear Claimed Marks
[2024-12-03T15:38:03.658+0100][gc,marking   ] GC(2) Concurrent Clear Claimed Marks 0,054ms
[2024-12-03T15:38:03.658+0100][gc,marking   ] GC(2) Concurrent Scan Root Regions
[2024-12-03T15:38:03.664+0100][gc,marking   ] GC(2) Concurrent Scan Root Regions 5,386ms
[2024-12-03T15:38:03.664+0100][gc,marking   ] GC(2) Concurrent Mark (5,154s)
[2024-12-03T15:38:03.664+0100][gc,marking   ] GC(2) Concurrent Mark From Roots
[2024-12-03T15:38:03.664+0100][gc,task      ] GC(2) Using 1 workers of 1 for marking
[2024-12-03T15:38:03.730+0100][gc,marking   ] GC(2) Concurrent Mark From Roots 66,322ms
[2024-12-03T15:38:03.730+0100][gc,marking   ] GC(2) Concurrent Preclean
[2024-12-03T15:38:03.730+0100][gc,marking   ] GC(2) Concurrent Preclean 0,109ms
[2024-12-03T15:38:03.730+0100][gc,marking   ] GC(2) Concurrent Mark (5,154s, 5,220s) 66,536ms
[2024-12-03T15:38:03.733+0100][gc,start     ] GC(2) Pause Remark
[2024-12-03T15:38:03.744+0100][gc,stringtable] GC(2) Cleaned string and symbol table, strings: 5204 processed, 0 removed, symbols: 52604 processed, 60 removed
[2024-12-03T15:38:03.745+0100][gc            ] GC(2) Pause Remark 9M->9M(1024M) 11,808ms
[2024-12-03T15:38:03.745+0100][gc,cpu        ] GC(2) User=0,01s Sys=0,00s Real=0,01s
[2024-12-03T15:38:03.745+0100][gc,marking    ] GC(2) Concurrent Rebuild Remembered Sets
[2024-12-03T15:38:03.753+0100][gc,marking    ] GC(2) Concurrent Rebuild Remembered Sets 7,172ms
[2024-12-03T15:38:03.755+0100][gc,start      ] GC(2) Pause Cleanup
[2024-12-03T15:38:03.755+0100][gc            ] GC(2) Pause Cleanup 9M->9M(1024M) 0,816ms
[2024-12-03T15:38:03.755+0100][gc,cpu        ] GC(2) User=0,00s Sys=0,00s Real=0,00s
[2024-12-03T15:38:03.756+0100][gc,marking    ] GC(2) Concurrent Cleanup for Next Mark
[2024-12-03T15:38:03.775+0100][gc,marking    ] GC(2) Concurrent Cleanup for Next Mark 19,519ms
[2024-12-03T15:38:03.775+0100][gc            ] GC(2) Concurrent Cycle 117,137ms
[2024-12-03T15:38:06.252+0100][gc,start      ] GC(3) Pause Young (Normal) (G1 Evacuation Pause)
[2024-12-03T15:38:06.252+0100][gc,task       ] GC(3) Using 2 workers of 2 for evacuation
[2024-12-03T15:38:06.274+0100][gc,mmu        ] GC(3) MMU target violated: 21,0ms (20,0ms/21,0ms)
[2024-12-03T15:38:06.275+0100][gc,phases     ] GC(3)   Pre Evacuate Collection Set: 0,1ms
[2024-12-03T15:38:06.275+0100][gc,phases     ] GC(3)   Evacuate Collection Set: 21,3ms
[2024-12-03T15:38:06.275+0100][gc,phases     ] GC(3)   Post Evacuate Collection Set: 0,4ms
[2024-12-03T15:38:06.275+0100][gc,phases     ] GC(3)   Other: 0,5ms
[2024-12-03T15:38:06.275+0100][gc,heap       ] GC(3) Eden regions: 50->0(46)
[2024-12-03T15:38:06.275+0100][gc,heap       ] GC(3) Survivor regions: 1->5(7)
[2024-12-03T15:38:06.275+0100][gc,heap       ] GC(3) Old regions: 9->9
[2024-12-03T15:38:06.275+0100][gc,heap       ] GC(3) Humongous regions: 129->129
[2024-12-03T15:38:06.275+0100][gc,metaspace  ] GC(3) Metaspace: 29073K(30332K)->29073K(30332K) NonClass: 25328K(26108K)->25328K(26108K) Class: 3745K(4224K)->3745K(4224K)
[2024-12-03T15:38:06.275+0100][gc            ] GC(3) Pause Young (Normal) (G1 Evacuation Pause) 187M->140M(1024M) 22,320ms
[2024-12-03T15:38:06.275+0100][gc,cpu        ] GC(3) User=0,00s Sys=0,01s Real=0,02s
[2024-12-03T15:38:08.171+0100][gc,start      ] GC(4) Pause Young (Concurrent Start) (Metadata GC Threshold)
[2024-12-03T15:38:08.171+0100][gc,task       ] GC(4) Using 2 workers of 2 for evacuation
[2024-12-03T15:38:08.195+0100][gc,mmu        ] GC(4) MMU target violated: 21,0ms (20,0ms/21,0ms)
[2024-12-03T15:38:08.195+0100][gc,phases     ] GC(4)   Pre Evacuate Collection Set: 0,3ms
[2024-12-03T15:38:08.195+0100][gc,phases     ] GC(4)   Evacuate Collection Set: 19,7ms
[2024-12-03T15:38:08.195+0100][gc,phases     ] GC(4)   Post Evacuate Collection Set: 0,3ms
[2024-12-03T15:38:08.195+0100][gc,phases     ] GC(4)   Other: 3,9ms
[2024-12-03T15:38:08.195+0100][gc,heap       ] GC(4) Eden regions: 29->0(49)
[2024-12-03T15:38:08.195+0100][gc,heap       ] GC(4) Survivor regions: 5->2(7)
[2024-12-03T15:38:08.195+0100][gc,heap       ] GC(4) Old regions: 9->13
[2024-12-03T15:38:08.195+0100][gc,heap       ] GC(4) Humongous regions: 129->129
[2024-12-03T15:38:08.195+0100][gc,metaspace  ] GC(4) Metaspace: 34742K(36048K)->34742K(36048K) NonClass: 30289K(30972K)->30289K(30972K) Class: 4453K(5076K)->4453K(5076K)
[2024-12-03T15:38:08.195+0100][gc            ] GC(4) Pause Young (Concurrent Start) (Metadata GC Threshold) 169M->142M(1024M) 24,251ms
[2024-12-03T15:38:08.195+0100][gc,cpu        ] GC(4) User=0,00s Sys=0,03s Real=0,03s
[2024-12-03T15:38:08.196+0100][gc            ] GC(5) Concurrent Cycle
[2024-12-03T15:38:08.196+0100][gc,marking    ] GC(5) Concurrent Clear Claimed Marks
[2024-12-03T15:38:08.196+0100][gc,marking    ] GC(5) Concurrent Clear Claimed Marks 0,155ms
[2024-12-03T15:38:08.196+0100][gc,marking    ] GC(5) Concurrent Scan Root Regions
[2024-12-03T15:38:08.198+0100][gc,marking    ] GC(5) Concurrent Scan Root Regions 2,160ms
[2024-12-03T15:38:08.198+0100][gc,marking    ] GC(5) Concurrent Mark (9,688s)
[2024-12-03T15:38:08.198+0100][gc,marking    ] GC(5) Concurrent Mark From Roots
[2024-12-03T15:38:08.198+0100][gc,task       ] GC(5) Using 1 workers of 1 for marking
[2024-12-03T15:38:08.226+0100][gc,marking    ] GC(5) Concurrent Mark From Roots 28,031ms
[2024-12-03T15:38:08.226+0100][gc,marking    ] GC(5) Concurrent Preclean
[2024-12-03T15:38:08.226+0100][gc,marking    ] GC(5) Concurrent Preclean 0,070ms
[2024-12-03T15:38:08.226+0100][gc,marking    ] GC(5) Concurrent Mark (9,688s, 9,716s) 28,173ms
[2024-12-03T15:38:08.227+0100][gc,start      ] GC(5) Pause Remark
[2024-12-03T15:38:08.237+0100][gc,stringtable] GC(5) Cleaned string and symbol table, strings: 10620 processed, 13 removed, symbols: 84693 processed, 15 removed
[2024-12-03T15:38:08.238+0100][gc            ] GC(5) Pause Remark 143M->143M(1024M) 10,845ms
[2024-12-03T15:38:08.238+0100][gc,cpu        ] GC(5) User=0,00s Sys=0,01s Real=0,01s
[2024-12-03T15:38:08.239+0100][gc,marking    ] GC(5) Concurrent Rebuild Remembered Sets
[2024-12-03T15:38:08.250+0100][gc,marking    ] GC(5) Concurrent Rebuild Remembered Sets 11,318ms
[2024-12-03T15:38:08.254+0100][gc,start      ] GC(5) Pause Cleanup
[2024-12-03T15:38:08.254+0100][gc            ] GC(5) Pause Cleanup 143M->143M(1024M) 0,137ms
[2024-12-03T15:38:08.254+0100][gc,cpu        ] GC(5) User=0,00s Sys=0,00s Real=0,00s
[2024-12-03T15:38:08.256+0100][gc,marking    ] GC(5) Concurrent Cleanup for Next Mark
[2024-12-03T15:38:08.336+0100][gc,marking    ] GC(5) Concurrent Cleanup for Next Mark 80,297ms
[2024-12-03T15:38:08.336+0100][gc            ] GC(5) Concurrent Cycle 140,426ms
[2024-12-03T15:41:09.116+0100][gc,start      ] GC(6) Pause Young (Normal) (G1 Evacuation Pause)
[2024-12-03T15:41:09.116+0100][gc,task       ] GC(6) Using 2 workers of 2 for evacuation
[2024-12-03T15:41:09.141+0100][gc,mmu        ] GC(6) MMU target violated: 21,0ms (20,0ms/21,0ms)
[2024-12-03T15:41:09.141+0100][gc,phases     ] GC(6)   Pre Evacuate Collection Set: 0,1ms
[2024-12-03T15:41:09.141+0100][gc,phases     ] GC(6)   Evacuate Collection Set: 17,7ms
[2024-12-03T15:41:09.141+0100][gc,phases     ] GC(6)   Post Evacuate Collection Set: 4,5ms
[2024-12-03T15:41:09.141+0100][gc,phases     ] GC(6)   Other: 2,5ms
[2024-12-03T15:41:09.141+0100][gc,heap       ] GC(6) Eden regions: 49->0(46)
[2024-12-03T15:41:09.141+0100][gc,heap       ] GC(6) Survivor regions: 2->5(7)
[2024-12-03T15:41:09.141+0100][gc,heap       ] GC(6) Old regions: 13->13
[2024-12-03T15:41:09.141+0100][gc,heap       ] GC(6) Humongous regions: 129->129
[2024-12-03T15:41:09.141+0100][gc,metaspace  ] GC(6) Metaspace: 41661K(44188K)->41661K(44188K) NonClass: 35910K(37116K)->35910K(37116K) Class: 5751K(7072K)->5751K(7072K)
[2024-12-03T15:41:09.141+0100][gc            ] GC(6) Pause Young (Normal) (G1 Evacuation Pause) 191M->144M(1024M) 24,830ms
[2024-12-03T15:41:09.141+0100][gc,cpu        ] GC(6) User=0,02s Sys=0,02s Real=0,10s
[2024-12-03T15:52:56.773+0100][gc,start      ] GC(7) Pause Young (Normal) (G1 Evacuation Pause)
[2024-12-03T15:52:56.776+0100][gc,task       ] GC(7) Using 2 workers of 2 for evacuation
[2024-12-03T15:52:57.024+0100][gc,mmu        ] GC(7) MMU target violated: 21,0ms (20,0ms/21,0ms)
[2024-12-03T15:52:57.029+0100][gc,phases     ] GC(7)   Pre Evacuate Collection Set: 0,3ms
[2024-12-03T15:52:57.029+0100][gc,phases     ] GC(7)   Evacuate Collection Set: 219,8ms
[2024-12-03T15:52:57.029+0100][gc,phases     ] GC(7)   Post Evacuate Collection Set: 27,2ms
[2024-12-03T15:52:57.029+0100][gc,phases     ] GC(7)   Other: 9,0ms
[2024-12-03T15:52:57.029+0100][gc,heap       ] GC(7) Eden regions: 46->0(46)
[2024-12-03T15:52:57.029+0100][gc,heap       ] GC(7) Survivor regions: 5->5(7)
[2024-12-03T15:52:57.029+0100][gc,heap       ] GC(7) Old regions: 13->15
[2024-12-03T15:52:57.029+0100][gc,heap       ] GC(7) Humongous regions: 129->129
[2024-12-03T15:52:57.029+0100][gc,metaspace  ] GC(7) Metaspace: 44355K(47132K)->44355K(47132K) NonClass: 38262K(39676K)->38262K(39676K) Class: 6092K(7456K)->6092K(7456K)
[2024-12-03T15:52:57.029+0100][gc            ] GC(7) Pause Young (Normal) (G1 Evacuation Pause) 190M->147M(1024M) 256,412ms
[2024-12-03T15:52:57.029+0100][gc,cpu        ] GC(7) User=0,10s Sys=0,10s Real=0,25s
[2024-12-03T16:07:33.852+0100][gc,start      ] GC(8) Pause Young (Normal) (G1 Evacuation Pause)
[2024-12-03T16:07:33.856+0100][gc,task       ] GC(8) Using 2 workers of 2 for evacuation
[2024-12-03T16:07:33.934+0100][gc,mmu        ] GC(8) MMU target violated: 21,0ms (20,0ms/21,0ms)
[2024-12-03T16:07:33.934+0100][gc,phases     ] GC(8)   Pre Evacuate Collection Set: 0,3ms
[2024-12-03T16:07:33.934+0100][gc,phases     ] GC(8)   Evacuate Collection Set: 49,0ms
[2024-12-03T16:07:33.934+0100][gc,phases     ] GC(8)   Post Evacuate Collection Set: 26,3ms
[2024-12-03T16:07:33.937+0100][gc,phases     ] GC(8)   Other: 17,4ms
[2024-12-03T16:07:33.949+0100][gc,heap       ] GC(8) Eden regions: 46->0(48)
[2024-12-03T16:07:33.949+0100][gc,heap       ] GC(8) Survivor regions: 5->3(7)
[2024-12-03T16:07:33.949+0100][gc,heap       ] GC(8) Old regions: 15->18
[2024-12-03T16:07:33.949+0100][gc,heap       ] GC(8) Humongous regions: 129->129
[2024-12-03T16:07:33.949+0100][gc,metaspace  ] GC(8) Metaspace: 44490K(47388K)->44490K(47388K) NonClass: 38397K(39932K)->38397K(39932K) Class: 6092K(7456K)->6092K(7456K)
[2024-12-03T16:07:33.960+0100][gc            ] GC(8) Pause Young (Normal) (G1 Evacuation Pause) 193M->147M(1024M) 99,142ms
[2024-12-03T16:07:33.960+0100][gc,cpu        ] GC(8) User=0,01s Sys=0,05s Real=0,12s
[2024-12-03T16:23:53.836+0100][gc,start      ] GC(9) Pause Young (Normal) (G1 Evacuation Pause)
[2024-12-03T16:23:53.839+0100][gc,task       ] GC(9) Using 2 workers of 2 for evacuation
[2024-12-03T16:23:53.868+0100][gc,mmu        ] GC(9) MMU target violated: 21,0ms (20,0ms/21,0ms)
[2024-12-03T16:23:53.868+0100][gc,phases     ] GC(9)   Pre Evacuate Collection Set: 0,3ms
[2024-12-03T16:23:53.868+0100][gc,phases     ] GC(9)   Evacuate Collection Set: 25,1ms
[2024-12-03T16:23:53.868+0100][gc,phases     ] GC(9)   Post Evacuate Collection Set: 2,9ms
[2024-12-03T16:23:53.868+0100][gc,phases     ] GC(9)   Other: 4,0ms
[2024-12-03T16:23:53.868+0100][gc,heap       ] GC(9) Eden regions: 48->0(47)
[2024-12-03T16:23:53.868+0100][gc,heap       ] GC(9) Survivor regions: 3->4(7)
[2024-12-03T16:23:53.868+0100][gc,heap       ] GC(9) Old regions: 18->18
[2024-12-03T16:23:53.868+0100][gc,heap       ] GC(9) Humongous regions: 129->129
[2024-12-03T16:23:53.868+0100][gc,metaspace  ] GC(9) Metaspace: 44583K(47388K)->44583K(47388K) NonClass: 38490K(39932K)->38490K(39932K) Class: 6093K(7456K)->6093K(7456K)
[2024-12-03T16:23:53.869+0100][gc            ] GC(9) Pause Young (Normal) (G1 Evacuation Pause) 195M->148M(1024M) 32,455ms
[2024-12-03T16:23:53.869+0100][gc,cpu        ] GC(9) User=0,02s Sys=0,02s Real=0,03s
[2024-12-03T16:57:38.835+0100][gc,start      ] GC(10) Pause Young (Normal) (G1 Evacuation Pause)
[2024-12-03T16:57:38.839+0100][gc,task       ] GC(10) Using 2 workers of 2 for evacuation
[2024-12-03T16:57:38.870+0100][gc,mmu        ] GC(10) MMU target violated: 21,0ms (20,0ms/21,0ms)
[2024-12-03T16:57:38.870+0100][gc,phases     ] GC(10)   Pre Evacuate Collection Set: 2,3ms
[2024-12-03T16:57:38.870+0100][gc,phases     ] GC(10)   Evacuate Collection Set: 23,2ms
[2024-12-03T16:57:38.870+0100][gc,phases     ] GC(10)   Post Evacuate Collection Set: 5,4ms
[2024-12-03T16:57:38.870+0100][gc,phases     ] GC(10)   Other: 4,2ms
[2024-12-03T16:57:38.870+0100][gc,heap       ] GC(10) Eden regions: 47->0(48)
[2024-12-03T16:57:38.870+0100][gc,heap       ] GC(10) Survivor regions: 4->3(7)
[2024-12-03T16:57:38.870+0100][gc,heap       ] GC(10) Old regions: 18->18
[2024-12-03T16:57:38.870+0100][gc,heap       ] GC(10) Humongous regions: 129->129
[2024-12-03T16:57:38.870+0100][gc,metaspace  ] GC(10) Metaspace: 44731K(47644K)->44731K(47644K) NonClass: 38632K(40188K)->38632K(40188K) Class: 6098K(7456K)->6098K(7456K)
[2024-12-03T16:57:38.873+0100][gc            ] GC(10) Pause Young (Normal) (G1 Evacuation Pause) 195M->147M(1024M) 35,147ms
[2024-12-03T16:57:38.873+0100][gc,cpu        ] GC(10) User=0,04s Sys=0,00s Real=0,04s
[2024-12-03T17:28:34.173+0100][gc,start      ] GC(11) Pause Young (Normal) (G1 Evacuation Pause)
[2024-12-03T17:28:34.173+0100][gc,task       ] GC(11) Using 2 workers of 2 for evacuation
[2024-12-03T17:28:34.179+0100][gc,phases     ] GC(11)   Pre Evacuate Collection Set: 0,2ms
[2024-12-03T17:28:34.179+0100][gc,phases     ] GC(11)   Evacuate Collection Set: 4,1ms
[2024-12-03T17:28:34.179+0100][gc,phases     ] GC(11)   Post Evacuate Collection Set: 1,0ms
[2024-12-03T17:28:34.179+0100][gc,phases     ] GC(11)   Other: 0,8ms
[2024-12-03T17:28:34.179+0100][gc,heap       ] GC(11) Eden regions: 48->0(47)
[2024-12-03T17:28:34.179+0100][gc,heap       ] GC(11) Survivor regions: 3->4(7)
[2024-12-03T17:28:34.179+0100][gc,heap       ] GC(11) Old regions: 18->18
[2024-12-03T17:28:34.179+0100][gc,heap       ] GC(11) Humongous regions: 129->129
[2024-12-03T17:28:34.179+0100][gc,metaspace  ] GC(11) Metaspace: 44975K(47900K)->44975K(47900K) NonClass: 38873K(40444K)->38873K(40444K) Class: 6102K(7456K)->6102K(7456K)
[2024-12-03T17:28:34.179+0100][gc            ] GC(11) Pause Young (Normal) (G1 Evacuation Pause) 195M->148M(1024M) 6,059ms
[2024-12-03T17:28:34.179+0100][gc,cpu        ] GC(11) User=0,01s Sys=0,00s Real=0,00s
[2024-12-03T17:29:03.151+0100][gc,start      ] GC(12) Pause Young (Normal) (G1 Evacuation Pause)
[2024-12-03T17:29:03.152+0100][gc,task       ] GC(12) Using 2 workers of 2 for evacuation
[2024-12-03T17:29:03.159+0100][gc,phases     ] GC(12)   Pre Evacuate Collection Set: 0,0ms
[2024-12-03T17:29:03.159+0100][gc,phases     ] GC(12)   Evacuate Collection Set: 5,6ms
[2024-12-03T17:29:03.159+0100][gc,phases     ] GC(12)   Post Evacuate Collection Set: 1,8ms
[2024-12-03T17:29:03.159+0100][gc,phases     ] GC(12)   Other: 1,6ms
[2024-12-03T17:29:03.159+0100][gc,heap       ] GC(12) Eden regions: 47->0(47)
[2024-12-03T17:29:03.159+0100][gc,heap       ] GC(12) Survivor regions: 4->4(7)
[2024-12-03T17:29:03.159+0100][gc,heap       ] GC(12) Old regions: 18->18
[2024-12-03T17:29:03.159+0100][gc,heap       ] GC(12) Humongous regions: 129->129
[2024-12-03T17:29:03.159+0100][gc,metaspace  ] GC(12) Metaspace: 45040K(47900K)->45040K(47900K) NonClass: 38937K(40444K)->38937K(40444K) Class: 6102K(7456K)->6102K(7456K)
[2024-12-03T17:29:03.159+0100][gc            ] GC(12) Pause Young (Normal) (G1 Evacuation Pause) 195M->148M(1024M) 7,757ms
[2024-12-03T17:29:03.159+0100][gc,cpu        ] GC(12) User=0,00s Sys=0,01s Real=0,00s
[2024-12-03T17:29:33.161+0100][gc,start      ] GC(13) Pause Young (Normal) (G1 Evacuation Pause)
[2024-12-03T17:29:33.161+0100][gc,task       ] GC(13) Using 2 workers of 2 for evacuation
[2024-12-03T17:29:33.168+0100][gc,phases     ] GC(13)   Pre Evacuate Collection Set: 0,0ms
[2024-12-03T17:29:33.168+0100][gc,phases     ] GC(13)   Evacuate Collection Set: 6,5ms
[2024-12-03T17:29:33.168+0100][gc,phases     ] GC(13)   Post Evacuate Collection Set: 0,4ms
[2024-12-03T17:29:33.168+0100][gc,phases     ] GC(13)   Other: 0,2ms
[2024-12-03T17:29:33.168+0100][gc,heap       ] GC(13) Eden regions: 47->0(47)
[2024-12-03T17:29:33.168+0100][gc,heap       ] GC(13) Survivor regions: 4->4(7)
[2024-12-03T17:29:33.168+0100][gc,heap       ] GC(13) Old regions: 18->18
[2024-12-03T17:29:33.168+0100][gc,heap       ] GC(13) Humongous regions: 129->129
[2024-12-03T17:29:33.168+0100][gc,metaspace  ] GC(13) Metaspace: 45040K(47900K)->45040K(47900K) NonClass: 38937K(40444K)->38937K(40444K) Class: 6102K(7456K)->6102K(7456K)
[2024-12-03T17:29:33.168+0100][gc            ] GC(13) Pause Young (Normal) (G1 Evacuation Pause) 195M->148M(1024M) 7,185ms
[2024-12-03T17:29:33.168+0100][gc,cpu        ] GC(13) User=0,01s Sys=0,01s Real=0,00s
[2024-12-03T17:30:03.620+0100][gc,start      ] GC(14) Pause Young (Normal) (G1 Evacuation Pause)
[2024-12-03T17:30:03.621+0100][gc,task       ] GC(14) Using 2 workers of 2 for evacuation
[2024-12-03T17:30:03.625+0100][gc,phases     ] GC(14)   Pre Evacuate Collection Set: 0,0ms
[2024-12-03T17:30:03.625+0100][gc,phases     ] GC(14)   Evacuate Collection Set: 3,6ms
[2024-12-03T17:30:03.625+0100][gc,phases     ] GC(14)   Post Evacuate Collection Set: 0,6ms
[2024-12-03T17:30:03.625+0100][gc,phases     ] GC(14)   Other: 1,1ms
[2024-12-03T17:30:03.625+0100][gc,heap       ] GC(14) Eden regions: 47->0(47)
[2024-12-03T17:30:03.625+0100][gc,heap       ] GC(14) Survivor regions: 4->4(7)
[2024-12-03T17:30:03.625+0100][gc,heap       ] GC(14) Old regions: 18->18
[2024-12-03T17:30:03.625+0100][gc,heap       ] GC(14) Humongous regions: 129->129
[2024-12-03T17:30:03.625+0100][gc,metaspace  ] GC(14) Metaspace: 45040K(47900K)->45040K(47900K) NonClass: 38937K(40444K)->38937K(40444K) Class: 6102K(7456K)->6102K(7456K)
[2024-12-03T17:30:03.625+0100][gc            ] GC(14) Pause Young (Normal) (G1 Evacuation Pause) 195M->148M(1024M) 4,526ms
[2024-12-03T17:30:03.625+0100][gc,cpu        ] GC(14) User=0,00s Sys=0,01s Real=0,00s
[2024-12-03T17:30:34.125+0100][gc,start      ] GC(15) Pause Young (Normal) (G1 Evacuation Pause)
[2024-12-03T17:30:34.125+0100][gc,task       ] GC(15) Using 2 workers of 2 for evacuation
[2024-12-03T17:30:34.131+0100][gc,phases     ] GC(15)   Pre Evacuate Collection Set: 0,0ms
[2024-12-03T17:30:34.131+0100][gc,phases     ] GC(15)   Evacuate Collection Set: 4,7ms
[2024-12-03T17:30:34.131+0100][gc,phases     ] GC(15)   Post Evacuate Collection Set: 1,2ms
[2024-12-03T17:30:34.131+0100][gc,phases     ] GC(15)   Other: 0,3ms
[2024-12-03T17:30:34.131+0100][gc,heap       ] GC(15) Eden regions: 47->0(49)
[2024-12-03T17:30:34.131+0100][gc,heap       ] GC(15) Survivor regions: 4->4(7)
[2024-12-03T17:30:34.131+0100][gc,heap       ] GC(15) Old regions: 18->18
[2024-12-03T17:30:34.131+0100][gc,heap       ] GC(15) Humongous regions: 129->129
[2024-12-03T17:30:34.131+0100][gc,metaspace  ] GC(15) Metaspace: 45040K(47900K)->45040K(47900K) NonClass: 38937K(40444K)->38937K(40444K) Class: 6102K(7456K)->6102K(7456K)
[2024-12-03T17:30:34.131+0100][gc            ] GC(15) Pause Young (Normal) (G1 Evacuation Pause) 195M->148M(1024M) 6,295ms
[2024-12-03T17:30:34.131+0100][gc,cpu        ] GC(15) User=0,01s Sys=0,00s Real=0,00s
[2024-12-03T17:31:06.141+0100][gc,start      ] GC(16) Pause Young (Normal) (G1 Evacuation Pause)
[2024-12-03T17:31:06.141+0100][gc,task       ] GC(16) Using 2 workers of 2 for evacuation
[2024-12-03T17:31:06.177+0100][gc,mmu        ] GC(16) MMU target violated: 21,0ms (20,0ms/21,0ms)
[2024-12-03T17:31:06.177+0100][gc,phases     ] GC(16)   Pre Evacuate Collection Set: 0,0ms
[2024-12-03T17:31:06.177+0100][gc,phases     ] GC(16)   Evacuate Collection Set: 34,5ms
[2024-12-03T17:31:06.177+0100][gc,phases     ] GC(16)   Post Evacuate Collection Set: 1,0ms
[2024-12-03T17:31:06.177+0100][gc,phases     ] GC(16)   Other: 0,3ms
[2024-12-03T17:31:06.177+0100][gc,heap       ] GC(16) Eden regions: 49->0(47)
[2024-12-03T17:31:06.177+0100][gc,heap       ] GC(16) Survivor regions: 4->4(7)
[2024-12-03T17:31:06.177+0100][gc,heap       ] GC(16) Old regions: 18->18
[2024-12-03T17:31:06.177+0100][gc,heap       ] GC(16) Humongous regions: 129->129
[2024-12-03T17:31:06.177+0100][gc,metaspace  ] GC(16) Metaspace: 45042K(47900K)->45042K(47900K) NonClass: 38939K(40444K)->38939K(40444K) Class: 6102K(7456K)->6102K(7456K)
[2024-12-03T17:31:06.177+0100][gc            ] GC(16) Pause Young (Normal) (G1 Evacuation Pause) 197M->148M(1024M) 35,819ms
[2024-12-03T17:31:06.177+0100][gc,cpu        ] GC(16) User=0,00s Sys=0,01s Real=0,03s
[2024-12-03T17:31:37.608+0100][gc,start      ] GC(17) Pause Young (Normal) (G1 Evacuation Pause)
[2024-12-03T17:31:37.608+0100][gc,task       ] GC(17) Using 2 workers of 2 for evacuation
[2024-12-03T17:31:37.616+0100][gc,phases     ] GC(17)   Pre Evacuate Collection Set: 0,0ms
[2024-12-03T17:31:37.616+0100][gc,phases     ] GC(17)   Evacuate Collection Set: 6,4ms
[2024-12-03T17:31:37.616+0100][gc,phases     ] GC(17)   Post Evacuate Collection Set: 1,7ms
[2024-12-03T17:31:37.616+0100][gc,phases     ] GC(17)   Other: 0,2ms
[2024-12-03T17:31:37.616+0100][gc,heap       ] GC(17) Eden regions: 47->0(47)
[2024-12-03T17:31:37.616+0100][gc,heap       ] GC(17) Survivor regions: 4->4(7)
[2024-12-03T17:31:37.616+0100][gc,heap       ] GC(17) Old regions: 18->18
[2024-12-03T17:31:37.616+0100][gc,heap       ] GC(17) Humongous regions: 129->129
[2024-12-03T17:31:37.616+0100][gc,metaspace  ] GC(17) Metaspace: 45042K(47900K)->45042K(47900K) NonClass: 38939K(40444K)->38939K(40444K) Class: 6102K(7456K)->6102K(7456K)
[2024-12-03T17:31:37.617+0100][gc            ] GC(17) Pause Young (Normal) (G1 Evacuation Pause) 195M->148M(1024M) 8,433ms
[2024-12-03T17:31:37.617+0100][gc,cpu        ] GC(17) User=0,01s Sys=0,00s Real=0,01s
[2024-12-03T17:32:08.149+0100][gc,start      ] GC(18) Pause Young (Normal) (G1 Evacuation Pause)
[2024-12-03T17:32:08.149+0100][gc,task       ] GC(18) Using 2 workers of 2 for evacuation
[2024-12-03T17:32:08.155+0100][gc,phases     ] GC(18)   Pre Evacuate Collection Set: 0,1ms
[2024-12-03T17:32:08.155+0100][gc,phases     ] GC(18)   Evacuate Collection Set: 5,1ms
[2024-12-03T17:32:08.155+0100][gc,phases     ] GC(18)   Post Evacuate Collection Set: 0,9ms
[2024-12-03T17:32:08.155+0100][gc,phases     ] GC(18)   Other: 0,2ms
[2024-12-03T17:32:08.155+0100][gc,heap       ] GC(18) Eden regions: 47->0(50)
[2024-12-03T17:32:08.155+0100][gc,heap       ] GC(18) Survivor regions: 4->4(7)
[2024-12-03T17:32:08.155+0100][gc,heap       ] GC(18) Old regions: 18->18
[2024-12-03T17:32:08.155+0100][gc,heap       ] GC(18) Humongous regions: 129->129
[2024-12-03T17:32:08.155+0100][gc,metaspace  ] GC(18) Metaspace: 45042K(47900K)->45042K(47900K) NonClass: 38939K(40444K)->38939K(40444K) Class: 6102K(7456K)->6102K(7456K)
[2024-12-03T17:32:08.155+0100][gc            ] GC(18) Pause Young (Normal) (G1 Evacuation Pause) 195M->148M(1024M) 6,364ms
[2024-12-03T17:32:08.155+0100][gc,cpu        ] GC(18) User=0,00s Sys=0,00s Real=0,01s
[2024-12-03T17:35:09.952+0100][gc,start      ] GC(19) Pause Young (Normal) (G1 Evacuation Pause)
[2024-12-03T17:35:09.952+0100][gc,task       ] GC(19) Using 2 workers of 2 for evacuation
[2024-12-03T17:35:09.979+0100][gc,mmu        ] GC(19) MMU target violated: 21,0ms (20,0ms/21,0ms)
[2024-12-03T17:35:09.979+0100][gc,phases     ] GC(19)   Pre Evacuate Collection Set: 0,2ms
[2024-12-03T17:35:09.979+0100][gc,phases     ] GC(19)   Evacuate Collection Set: 25,8ms
[2024-12-03T17:35:09.979+0100][gc,phases     ] GC(19)   Post Evacuate Collection Set: 0,9ms
[2024-12-03T17:35:09.979+0100][gc,phases     ] GC(19)   Other: 0,4ms
[2024-12-03T17:35:09.979+0100][gc,heap       ] GC(19) Eden regions: 50->0(47)
[2024-12-03T17:35:09.979+0100][gc,heap       ] GC(19) Survivor regions: 4->4(7)
[2024-12-03T17:35:09.979+0100][gc,heap       ] GC(19) Old regions: 18->18
[2024-12-03T17:35:09.979+0100][gc,heap       ] GC(19) Humongous regions: 129->129
[2024-12-03T17:35:09.979+0100][gc,metaspace  ] GC(19) Metaspace: 45042K(47900K)->45042K(47900K) NonClass: 38939K(40444K)->38939K(40444K) Class: 6102K(7456K)->6102K(7456K)
[2024-12-03T17:35:09.979+0100][gc            ] GC(19) Pause Young (Normal) (G1 Evacuation Pause) 198M->148M(1024M) 27,303ms
[2024-12-03T17:35:09.979+0100][gc,cpu        ] GC(19) User=0,00s Sys=0,01s Real=0,03s
[2024-12-03T17:35:42.192+0100][gc,start      ] GC(20) Pause Young (Normal) (G1 Evacuation Pause)
[2024-12-03T17:35:42.192+0100][gc,task       ] GC(20) Using 2 workers of 2 for evacuation
[2024-12-03T17:35:42.196+0100][gc,phases     ] GC(20)   Pre Evacuate Collection Set: 0,0ms
[2024-12-03T17:35:42.196+0100][gc,phases     ] GC(20)   Evacuate Collection Set: 3,0ms
[2024-12-03T17:35:42.196+0100][gc,phases     ] GC(20)   Post Evacuate Collection Set: 0,8ms
[2024-12-03T17:35:42.196+0100][gc,phases     ] GC(20)   Other: 0,3ms
[2024-12-03T17:35:42.196+0100][gc,heap       ] GC(20) Eden regions: 47->0(55)
[2024-12-03T17:35:42.196+0100][gc,heap       ] GC(20) Survivor regions: 4->4(7)
[2024-12-03T17:35:42.196+0100][gc,heap       ] GC(20) Old regions: 18->18
[2024-12-03T17:35:42.196+0100][gc,heap       ] GC(20) Humongous regions: 129->129
[2024-12-03T17:35:42.196+0100][gc,metaspace  ] GC(20) Metaspace: 45042K(47900K)->45042K(47900K) NonClass: 38939K(40444K)->38939K(40444K) Class: 6102K(7456K)->6102K(7456K)
[2024-12-03T17:35:42.196+0100][gc            ] GC(20) Pause Young (Normal) (G1 Evacuation Pause) 195M->148M(1024M) 4,084ms
[2024-12-03T17:35:42.196+0100][gc,cpu        ] GC(20) User=0,00s Sys=0,00s Real=0,00s
[2024-12-03T17:36:19.458+0100][gc,start      ] GC(21) Pause Young (Normal) (G1 Evacuation Pause)
[2024-12-03T17:36:19.458+0100][gc,task       ] GC(21) Using 2 workers of 2 for evacuation
[2024-12-03T17:36:19.464+0100][gc,phases     ] GC(21)   Pre Evacuate Collection Set: 0,0ms
[2024-12-03T17:36:19.464+0100][gc,phases     ] GC(21)   Evacuate Collection Set: 4,3ms
[2024-12-03T17:36:19.464+0100][gc,phases     ] GC(21)   Post Evacuate Collection Set: 1,4ms
[2024-12-03T17:36:19.464+0100][gc,phases     ] GC(21)   Other: 0,3ms
[2024-12-03T17:36:19.464+0100][gc,heap       ] GC(21) Eden regions: 55->0(61)
[2024-12-03T17:36:19.464+0100][gc,heap       ] GC(21) Survivor regions: 4->4(8)
[2024-12-03T17:36:19.464+0100][gc,heap       ] GC(21) Old regions: 18->18
[2024-12-03T17:36:19.464+0100][gc,heap       ] GC(21) Humongous regions: 129->129
[2024-12-03T17:36:19.464+0100][gc,metaspace  ] GC(21) Metaspace: 45042K(47900K)->45042K(47900K) NonClass: 38939K(40444K)->38939K(40444K) Class: 6102K(7456K)->6102K(7456K)
[2024-12-03T17:36:19.464+0100][gc            ] GC(21) Pause Young (Normal) (G1 Evacuation Pause) 203M->148M(1024M) 6,002ms
[2024-12-03T17:36:19.464+0100][gc,cpu        ] GC(21) User=0,01s Sys=0,00s Real=0,01s
[2024-12-03T17:36:58.861+0100][gc,start      ] GC(22) Pause Young (Normal) (G1 Evacuation Pause)
[2024-12-03T17:36:58.861+0100][gc,task       ] GC(22) Using 2 workers of 2 for evacuation
[2024-12-03T17:36:58.868+0100][gc,phases     ] GC(22)   Pre Evacuate Collection Set: 0,0ms
[2024-12-03T17:36:58.868+0100][gc,phases     ] GC(22)   Evacuate Collection Set: 4,4ms
[2024-12-03T17:36:58.868+0100][gc,phases     ] GC(22)   Post Evacuate Collection Set: 2,9ms
[2024-12-03T17:36:58.868+0100][gc,phases     ] GC(22)   Other: 0,3ms
[2024-12-03T17:36:58.868+0100][gc,heap       ] GC(22) Eden regions: 61->0(89)
[2024-12-03T17:36:58.868+0100][gc,heap       ] GC(22) Survivor regions: 4->4(9)
[2024-12-03T17:36:58.868+0100][gc,heap       ] GC(22) Old regions: 18->18
[2024-12-03T17:36:58.868+0100][gc,heap       ] GC(22) Humongous regions: 129->129
[2024-12-03T17:36:58.868+0100][gc,metaspace  ] GC(22) Metaspace: 45042K(47900K)->45042K(47900K) NonClass: 38939K(40444K)->38939K(40444K) Class: 6102K(7456K)->6102K(7456K)
[2024-12-03T17:36:58.868+0100][gc            ] GC(22) Pause Young (Normal) (G1 Evacuation Pause) 209M->148M(1024M) 7,729ms
[2024-12-03T17:36:58.868+0100][gc,cpu        ] GC(22) User=0,00s Sys=0,01s Real=0,00s
[2024-12-03T17:40:33.225+0100][gc,start      ] GC(23) Pause Young (Normal) (G1 Evacuation Pause)
[2024-12-03T17:40:33.225+0100][gc,task       ] GC(23) Using 2 workers of 2 for evacuation
[2024-12-03T17:40:33.235+0100][gc,phases     ] GC(23)   Pre Evacuate Collection Set: 0,4ms
[2024-12-03T17:40:33.235+0100][gc,phases     ] GC(23)   Evacuate Collection Set: 4,7ms
[2024-12-03T17:40:33.235+0100][gc,phases     ] GC(23)   Post Evacuate Collection Set: 4,4ms
[2024-12-03T17:40:33.235+0100][gc,phases     ] GC(23)   Other: 0,4ms
[2024-12-03T17:40:33.235+0100][gc,heap       ] GC(23) Eden regions: 89->0(96)
[2024-12-03T17:40:33.235+0100][gc,heap       ] GC(23) Survivor regions: 4->3(12)
[2024-12-03T17:40:33.235+0100][gc,heap       ] GC(23) Old regions: 18->18
[2024-12-03T17:40:33.235+0100][gc,heap       ] GC(23) Humongous regions: 129->129
[2024-12-03T17:40:33.235+0100][gc,metaspace  ] GC(23) Metaspace: 45048K(47900K)->45048K(47900K) NonClass: 38945K(40444K)->38945K(40444K) Class: 6102K(7456K)->6102K(7456K)
[2024-12-03T17:40:33.235+0100][gc            ] GC(23) Pause Young (Normal) (G1 Evacuation Pause) 237M->148M(1024M) 9,941ms
[2024-12-03T17:40:33.235+0100][gc,cpu        ] GC(23) User=0,01s Sys=0,00s Real=0,01s
[2024-12-03T17:41:40.388+0100][gc,start      ] GC(24) Pause Young (Normal) (G1 Evacuation Pause)
[2024-12-03T17:41:40.388+0100][gc,task       ] GC(24) Using 2 workers of 2 for evacuation
[2024-12-03T17:41:40.393+0100][gc,phases     ] GC(24)   Pre Evacuate Collection Set: 0,2ms
[2024-12-03T17:41:40.393+0100][gc,phases     ] GC(24)   Evacuate Collection Set: 4,3ms
[2024-12-03T17:41:40.393+0100][gc,phases     ] GC(24)   Post Evacuate Collection Set: 0,5ms
[2024-12-03T17:41:40.393+0100][gc,phases     ] GC(24)   Other: 0,4ms
[2024-12-03T17:41:40.393+0100][gc,heap       ] GC(24) Eden regions: 96->0(100)
[2024-12-03T17:41:40.393+0100][gc,heap       ] GC(24) Survivor regions: 3->3(13)
[2024-12-03T17:41:40.393+0100][gc,heap       ] GC(24) Old regions: 18->19
[2024-12-03T17:41:40.393+0100][gc,heap       ] GC(24) Humongous regions: 129->129
[2024-12-03T17:41:40.393+0100][gc,metaspace  ] GC(24) Metaspace: 45048K(47900K)->45048K(47900K) NonClass: 38945K(40444K)->38945K(40444K) Class: 6102K(7456K)->6102K(7456K)
[2024-12-03T17:41:40.393+0100][gc            ] GC(24) Pause Young (Normal) (G1 Evacuation Pause) 244M->148M(1024M) 5,450ms
[2024-12-03T17:41:40.393+0100][gc,cpu        ] GC(24) User=0,01s Sys=0,00s Real=0,01s
[2024-12-03T17:43:19.431+0100][gc,start      ] GC(25) Pause Young (Normal) (G1 Evacuation Pause)
[2024-12-03T17:43:19.431+0100][gc,task       ] GC(25) Using 2 workers of 2 for evacuation
[2024-12-03T17:43:19.440+0100][gc,phases     ] GC(25)   Pre Evacuate Collection Set: 0,2ms
[2024-12-03T17:43:19.440+0100][gc,phases     ] GC(25)   Evacuate Collection Set: 8,0ms
[2024-12-03T17:43:19.440+0100][gc,phases     ] GC(25)   Post Evacuate Collection Set: 1,0ms
[2024-12-03T17:43:19.440+0100][gc,phases     ] GC(25)   Other: 0,4ms
[2024-12-03T17:43:19.440+0100][gc,heap       ] GC(25) Eden regions: 100->0(126)
[2024-12-03T17:43:19.440+0100][gc,heap       ] GC(25) Survivor regions: 3->2(13)
[2024-12-03T17:43:19.440+0100][gc,heap       ] GC(25) Old regions: 19->20
[2024-12-03T17:43:19.440+0100][gc,heap       ] GC(25) Humongous regions: 129->129
[2024-12-03T17:43:19.440+0100][gc,metaspace  ] GC(25) Metaspace: 45050K(47900K)->45050K(47900K) NonClass: 38947K(40444K)->38947K(40444K) Class: 6102K(7456K)->6102K(7456K)
[2024-12-03T17:43:19.440+0100][gc            ] GC(25) Pause Young (Normal) (G1 Evacuation Pause) 248M->148M(1024M) 9,699ms
[2024-12-03T17:43:19.440+0100][gc,cpu        ] GC(25) User=0,01s Sys=0,01s Real=0,02s
[2024-12-03T17:48:33.118+0100][gc,start      ] GC(26) Pause Young (Normal) (G1 Evacuation Pause)
[2024-12-03T17:48:33.121+0100][gc,task       ] GC(26) Using 2 workers of 2 for evacuation
[2024-12-03T17:48:33.128+0100][gc,phases     ] GC(26)   Pre Evacuate Collection Set: 0,3ms
[2024-12-03T17:48:33.128+0100][gc,phases     ] GC(26)   Evacuate Collection Set: 3,3ms
[2024-12-03T17:48:33.128+0100][gc,phases     ] GC(26)   Post Evacuate Collection Set: 2,6ms
[2024-12-03T17:48:33.128+0100][gc,phases     ] GC(26)   Other: 3,1ms
[2024-12-03T17:48:33.128+0100][gc,heap       ] GC(26) Eden regions: 126->0(328)
[2024-12-03T17:48:33.128+0100][gc,heap       ] GC(26) Survivor regions: 2->2(16)
[2024-12-03T17:48:33.128+0100][gc,heap       ] GC(26) Old regions: 20->20
[2024-12-03T17:48:33.128+0100][gc,heap       ] GC(26) Humongous regions: 129->129
[2024-12-03T17:48:33.128+0100][gc,metaspace  ] GC(26) Metaspace: 45073K(47900K)->45073K(47900K) NonClass: 38970K(40444K)->38970K(40444K) Class: 6102K(7456K)->6102K(7456K)
[2024-12-03T17:48:33.128+0100][gc            ] GC(26) Pause Young (Normal) (G1 Evacuation Pause) 274M->148M(1024M) 9,433ms
[2024-12-03T17:48:33.128+0100][gc,cpu        ] GC(26) User=0,00s Sys=0,01s Real=0,01s
[2024-12-03T17:55:02.741+0100][gc,start      ] GC(27) Pause Young (Normal) (G1 Evacuation Pause)
[2024-12-03T17:55:02.742+0100][gc,task       ] GC(27) Using 2 workers of 2 for evacuation
[2024-12-03T17:55:02.768+0100][gc,mmu        ] GC(27) MMU target violated: 21,0ms (20,0ms/21,0ms)
[2024-12-03T17:55:02.768+0100][gc,phases     ] GC(27)   Pre Evacuate Collection Set: 0,2ms
[2024-12-03T17:55:02.768+0100][gc,phases     ] GC(27)   Evacuate Collection Set: 5,0ms
[2024-12-03T17:55:02.768+0100][gc,phases     ] GC(27)   Post Evacuate Collection Set: 19,3ms
[2024-12-03T17:55:02.768+0100][gc,phases     ] GC(27)   Other: 2,7ms
[2024-12-03T17:55:02.768+0100][gc,heap       ] GC(27) Eden regions: 328->0(613)
[2024-12-03T17:55:02.768+0100][gc,heap       ] GC(27) Survivor regions: 2->1(42)
[2024-12-03T17:55:02.768+0100][gc,heap       ] GC(27) Old regions: 20->21
[2024-12-03T17:55:02.768+0100][gc,heap       ] GC(27) Humongous regions: 129->129
[2024-12-03T17:55:02.768+0100][gc,metaspace  ] GC(27) Metaspace: 45076K(47900K)->45076K(47900K) NonClass: 38973K(40444K)->38973K(40444K) Class: 6102K(7456K)->6102K(7456K)
[2024-12-03T17:55:02.768+0100][gc            ] GC(27) Pause Young (Normal) (G1 Evacuation Pause) 476M->148M(1024M) 27,244ms
[2024-12-03T17:55:02.768+0100][gc,cpu        ] GC(27) User=0,00s Sys=0,02s Real=0,02s
[2024-12-03T18:03:39.778+0100][gc,start      ] GC(28) Pause Young (Normal) (G1 Evacuation Pause)
[2024-12-03T18:03:39.780+0100][gc,task       ] GC(28) Using 2 workers of 2 for evacuation
[2024-12-03T18:03:39.827+0100][gc,mmu        ] GC(28) MMU target violated: 21,0ms (20,0ms/21,0ms)
[2024-12-03T18:03:39.827+0100][gc,phases     ] GC(28)   Pre Evacuate Collection Set: 0,4ms
[2024-12-03T18:03:39.827+0100][gc,phases     ] GC(28)   Evacuate Collection Set: 22,1ms
[2024-12-03T18:03:39.827+0100][gc,phases     ] GC(28)   Post Evacuate Collection Set: 24,5ms
[2024-12-03T18:03:39.827+0100][gc,phases     ] GC(28)   Other: 2,1ms
[2024-12-03T18:03:39.827+0100][gc,heap       ] GC(28) Eden regions: 613->0(611)
[2024-12-03T18:03:39.827+0100][gc,heap       ] GC(28) Survivor regions: 1->3(77)
[2024-12-03T18:03:39.827+0100][gc,heap       ] GC(28) Old regions: 21->21
[2024-12-03T18:03:39.827+0100][gc,heap       ] GC(28) Humongous regions: 129->129
[2024-12-03T18:03:39.827+0100][gc,metaspace  ] GC(28) Metaspace: 45519K(48540K)->45519K(48540K) NonClass: 39331K(40956K)->39331K(40956K) Class: 6188K(7584K)->6188K(7584K)
[2024-12-03T18:03:39.827+0100][gc            ] GC(28) Pause Young (Normal) (G1 Evacuation Pause) 761M->150M(1024M) 49,098ms
[2024-12-03T18:03:39.827+0100][gc,cpu        ] GC(28) User=0,02s Sys=0,02s Real=0,05s
[2024-12-03T18:10:42.451+0100][gc,start      ] GC(29) Pause Young (Normal) (G1 Evacuation Pause)
[2024-12-03T18:10:42.451+0100][gc,task       ] GC(29) Using 2 workers of 2 for evacuation
[2024-12-03T18:10:42.464+0100][gc,phases     ] GC(29)   Pre Evacuate Collection Set: 2,5ms
[2024-12-03T18:10:42.464+0100][gc,phases     ] GC(29)   Evacuate Collection Set: 7,4ms
[2024-12-03T18:10:42.464+0100][gc,phases     ] GC(29)   Post Evacuate Collection Set: 2,0ms
[2024-12-03T18:10:42.464+0100][gc,phases     ] GC(29)   Other: 0,5ms
[2024-12-03T18:10:42.464+0100][gc,heap       ] GC(29) Eden regions: 611->0(611)
[2024-12-03T18:10:42.464+0100][gc,heap       ] GC(29) Survivor regions: 3->3(77)
[2024-12-03T18:10:42.464+0100][gc,heap       ] GC(29) Old regions: 21->21
[2024-12-03T18:10:42.464+0100][gc,heap       ] GC(29) Humongous regions: 129->129
[2024-12-03T18:10:42.464+0100][gc,metaspace  ] GC(29) Metaspace: 45521K(48540K)->45521K(48540K) NonClass: 39333K(40956K)->39333K(40956K) Class: 6188K(7584K)->6188K(7584K)
[2024-12-03T18:10:42.464+0100][gc            ] GC(29) Pause Young (Normal) (G1 Evacuation Pause) 761M->150M(1024M) 12,537ms
[2024-12-03T18:10:42.464+0100][gc,cpu        ] GC(29) User=0,00s Sys=0,01s Real=0,02s
[2024-12-03T18:16:27.013+0100][gc,start      ] GC(30) Pause Young (Normal) (G1 Evacuation Pause)
[2024-12-03T18:16:27.013+0100][gc,task       ] GC(30) Using 2 workers of 2 for evacuation
[2024-12-03T18:16:27.041+0100][gc,mmu        ] GC(30) MMU target violated: 21,0ms (20,0ms/21,0ms)
[2024-12-03T18:16:27.041+0100][gc,phases     ] GC(30)   Pre Evacuate Collection Set: 0,6ms
[2024-12-03T18:16:27.041+0100][gc,phases     ] GC(30)   Evacuate Collection Set: 15,4ms
[2024-12-03T18:16:27.041+0100][gc,phases     ] GC(30)   Post Evacuate Collection Set: 12,3ms
[2024-12-03T18:16:27.041+0100][gc,phases     ] GC(30)   Other: 0,3ms
[2024-12-03T18:16:27.041+0100][gc,heap       ] GC(30) Eden regions: 497->0(220)
[2024-12-03T18:16:27.041+0100][gc,heap       ] GC(30) Survivor regions: 3->3(63)
[2024-12-03T18:16:27.041+0100][gc,heap       ] GC(30) Old regions: 21->21
[2024-12-03T18:16:27.041+0100][gc,heap       ] GC(30) Humongous regions: 129->129
[2024-12-03T18:16:27.041+0100][gc,metaspace  ] GC(30) Metaspace: 45871K(48924K)->45871K(48924K) NonClass: 39581K(41212K)->39581K(41212K) Class: 6289K(7712K)->6289K(7712K)
[2024-12-03T18:16:27.041+0100][gc            ] GC(30) Pause Young (Normal) (G1 Evacuation Pause) 647M->150M(1024M) 28,682ms
[2024-12-03T18:16:27.041+0100][gc,cpu        ] GC(30) User=0,01s Sys=0,02s Real=0,02s
[2024-12-03T18:16:28.840+0100][gc,heap,exit  ] Heap
[2024-12-03T18:16:28.840+0100][gc,heap,exit  ]  garbage-first heap   total 1048576K, used 160533K [0x00000000c0000000, 0x0000000100000000)
[2024-12-03T18:16:28.840+0100][gc,heap,exit  ]   region size 1024K, 10 young (10240K), 3 survivors (3072K)
[2024-12-03T18:16:28.840+0100][gc,heap,exit  ]  Metaspace       used 46300K, capacity 49359K, committed 49692K, reserved 1091584K
[2024-12-03T18:16:28.840+0100][gc,heap,exit  ]   class space    used 6408K, capacity 7864K, committed 7968K, reserved 1048576K
