[2024-12-03T18:37:58.934+0100][gc,heap] Heap region size: 1M
[2024-12-03T18:37:59.013+0100][gc     ] Using G1
[2024-12-03T18:37:59.014+0100][gc,heap,coops] Heap address: 0x00000000c0000000, size: 1024 MB, Compressed Oops mode: 32-bit
[2024-12-03T18:37:59.017+0100][gc,cds       ] Mark closed archive regions in map: [0x00000000fff00000, 0x00000000fff6aff8]
[2024-12-03T18:37:59.017+0100][gc,cds       ] Mark open archive regions in map: [0x00000000ffe00000, 0x00000000ffe47ff8]
[2024-12-03T18:38:02.515+0100][gc,start     ] GC(0) Pause Young (Normal) (G1 Evacuation Pause)
[2024-12-03T18:38:02.553+0100][gc,task      ] GC(0) Using 4 workers of 4 for evacuation
[2024-12-03T18:38:02.579+0100][gc,mmu       ] GC(0) MMU target violated: 21,0ms (20,0ms/21,0ms)
[2024-12-03T18:38:02.579+0100][gc,phases    ] GC(0)   Pre Evacuate Collection Set: 0,0ms
[2024-12-03T18:38:02.579+0100][gc,phases    ] GC(0)   Evacuate Collection Set: 22,6ms
[2024-12-03T18:38:02.579+0100][gc,phases    ] GC(0)   Post Evacuate Collection Set: 3,3ms
[2024-12-03T18:38:02.579+0100][gc,phases    ] GC(0)   Other: 38,6ms
[2024-12-03T18:38:02.579+0100][gc,heap      ] GC(0) Eden regions: 51->0(44)
[2024-12-03T18:38:02.579+0100][gc,heap      ] GC(0) Survivor regions: 0->7(7)
[2024-12-03T18:38:02.579+0100][gc,heap      ] GC(0) Old regions: 2->2
[2024-12-03T18:38:02.579+0100][gc,heap      ] GC(0) Humongous regions: 0->0
[2024-12-03T18:38:02.579+0100][gc,metaspace ] GC(0) Metaspace: 14512K(15104K)->14512K(15104K) NonClass: 12491K(12800K)->12491K(12800K) Class: 2020K(2304K)->2020K(2304K)
[2024-12-03T18:38:02.579+0100][gc           ] GC(0) Pause Young (Normal) (G1 Evacuation Pause) 51M->7M(1024M) 64,592ms
[2024-12-03T18:38:02.579+0100][gc,cpu       ] GC(0) User=0,08s Sys=0,05s Real=0,07s
[2024-12-03T18:38:04.769+0100][gc,start     ] GC(1) Pause Young (Concurrent Start) (Metadata GC Threshold)
[2024-12-03T18:38:04.769+0100][gc,task      ] GC(1) Using 4 workers of 4 for evacuation
[2024-12-03T18:38:04.814+0100][gc,mmu       ] GC(1) MMU target violated: 21,0ms (20,0ms/21,0ms)
[2024-12-03T18:38:04.815+0100][gc,phases    ] GC(1)   Pre Evacuate Collection Set: 0,1ms
[2024-12-03T18:38:04.815+0100][gc,phases    ] GC(1)   Evacuate Collection Set: 42,2ms
[2024-12-03T18:38:04.815+0100][gc,phases    ] GC(1)   Post Evacuate Collection Set: 1,8ms
[2024-12-03T18:38:04.815+0100][gc,phases    ] GC(1)   Other: 1,2ms
[2024-12-03T18:38:04.815+0100][gc,heap      ] GC(1) Eden regions: 26->0(50)
[2024-12-03T18:38:04.815+0100][gc,heap      ] GC(1) Survivor regions: 7->1(7)
[2024-12-03T18:38:04.815+0100][gc,heap      ] GC(1) Old regions: 2->9
[2024-12-03T18:38:04.815+0100][gc,heap      ] GC(1) Humongous regions: 0->0
[2024-12-03T18:38:04.815+0100][gc,metaspace ] GC(1) Metaspace: 20586K(21248K)->20586K(21248K) NonClass: 17795K(18176K)->17795K(18176K) Class: 2790K(3072K)->2790K(3072K)
[2024-12-03T18:38:04.815+0100][gc           ] GC(1) Pause Young (Concurrent Start) (Metadata GC Threshold) 32M->8M(1024M) 45,305ms
[2024-12-03T18:38:04.815+0100][gc,cpu       ] GC(1) User=0,01s Sys=0,08s Real=0,04s
[2024-12-03T18:38:04.815+0100][gc           ] GC(2) Concurrent Cycle
[2024-12-03T18:38:04.815+0100][gc,marking   ] GC(2) Concurrent Clear Claimed Marks
[2024-12-03T18:38:04.815+0100][gc,marking   ] GC(2) Concurrent Clear Claimed Marks 0,049ms
[2024-12-03T18:38:04.815+0100][gc,marking   ] GC(2) Concurrent Scan Root Regions
[2024-12-03T18:38:04.818+0100][gc,marking   ] GC(2) Concurrent Scan Root Regions 2,656ms
[2024-12-03T18:38:04.818+0100][gc,marking   ] GC(2) Concurrent Mark (5,899s)
[2024-12-03T18:38:04.818+0100][gc,marking   ] GC(2) Concurrent Mark From Roots
[2024-12-03T18:38:04.818+0100][gc,task      ] GC(2) Using 1 workers of 1 for marking
[2024-12-03T18:38:04.836+0100][gc,marking   ] GC(2) Concurrent Mark From Roots 18,021ms
[2024-12-03T18:38:04.836+0100][gc,marking   ] GC(2) Concurrent Preclean
[2024-12-03T18:38:04.836+0100][gc,marking   ] GC(2) Concurrent Preclean 0,163ms
[2024-12-03T18:38:04.836+0100][gc,marking   ] GC(2) Concurrent Mark (5,899s, 5,917s) 18,291ms
[2024-12-03T18:38:04.839+0100][gc,start     ] GC(2) Pause Remark
[2024-12-03T18:38:04.844+0100][gc,stringtable] GC(2) Cleaned string and symbol table, strings: 5168 processed, 0 removed, symbols: 52383 processed, 61 removed
[2024-12-03T18:38:04.845+0100][gc            ] GC(2) Pause Remark 8M->8M(1024M) 5,903ms
[2024-12-03T18:38:04.845+0100][gc,cpu        ] GC(2) User=0,01s Sys=0,00s Real=0,00s
[2024-12-03T18:38:04.846+0100][gc,marking    ] GC(2) Concurrent Rebuild Remembered Sets
[2024-12-03T18:38:04.856+0100][gc,marking    ] GC(2) Concurrent Rebuild Remembered Sets 9,803ms
[2024-12-03T18:38:04.858+0100][gc,start      ] GC(2) Pause Cleanup
[2024-12-03T18:38:04.859+0100][gc            ] GC(2) Pause Cleanup 9M->9M(1024M) 1,225ms
[2024-12-03T18:38:04.859+0100][gc,cpu        ] GC(2) User=0,00s Sys=0,00s Real=0,01s
[2024-12-03T18:38:04.859+0100][gc,marking    ] GC(2) Concurrent Cleanup for Next Mark
[2024-12-03T18:38:05.083+0100][gc,marking    ] GC(2) Concurrent Cleanup for Next Mark 223,781ms
[2024-12-03T18:38:05.083+0100][gc            ] GC(2) Concurrent Cycle 268,194ms
[2024-12-03T18:38:08.974+0100][gc,start      ] GC(3) Pause Young (Normal) (G1 Evacuation Pause)
[2024-12-03T18:38:08.974+0100][gc,task       ] GC(3) Using 4 workers of 4 for evacuation
[2024-12-03T18:38:09.007+0100][gc,mmu        ] GC(3) MMU target violated: 21,0ms (20,0ms/21,0ms)
[2024-12-03T18:38:09.008+0100][gc,phases     ] GC(3)   Pre Evacuate Collection Set: 0,0ms
[2024-12-03T18:38:09.008+0100][gc,phases     ] GC(3)   Evacuate Collection Set: 32,9ms
[2024-12-03T18:38:09.008+0100][gc,phases     ] GC(3)   Post Evacuate Collection Set: 0,7ms
[2024-12-03T18:38:09.008+0100][gc,phases     ] GC(3)   Other: 0,3ms
[2024-12-03T18:38:09.008+0100][gc,heap       ] GC(3) Eden regions: 50->0(46)
[2024-12-03T18:38:09.008+0100][gc,heap       ] GC(3) Survivor regions: 1->5(7)
[2024-12-03T18:38:09.008+0100][gc,heap       ] GC(3) Old regions: 9->9
[2024-12-03T18:38:09.008+0100][gc,heap       ] GC(3) Humongous regions: 129->129
[2024-12-03T18:38:09.008+0100][gc,metaspace  ] GC(3) Metaspace: 28921K(30080K)->28921K(30080K) NonClass: 25206K(25856K)->25206K(25856K) Class: 3715K(4224K)->3715K(4224K)
[2024-12-03T18:38:09.008+0100][gc            ] GC(3) Pause Young (Normal) (G1 Evacuation Pause) 187M->140M(1024M) 34,035ms
[2024-12-03T18:38:09.008+0100][gc,cpu        ] GC(3) User=0,02s Sys=0,02s Real=0,04s
[2024-12-03T18:38:10.956+0100][gc,start      ] GC(4) Pause Young (Concurrent Start) (Metadata GC Threshold)
[2024-12-03T18:38:10.956+0100][gc,task       ] GC(4) Using 4 workers of 4 for evacuation
[2024-12-03T18:38:10.978+0100][gc,mmu        ] GC(4) MMU target violated: 21,0ms (20,0ms/21,0ms)
[2024-12-03T18:38:10.978+0100][gc,phases     ] GC(4)   Pre Evacuate Collection Set: 0,1ms
[2024-12-03T18:38:10.978+0100][gc,phases     ] GC(4)   Evacuate Collection Set: 16,0ms
[2024-12-03T18:38:10.978+0100][gc,phases     ] GC(4)   Post Evacuate Collection Set: 1,8ms
[2024-12-03T18:38:10.978+0100][gc,phases     ] GC(4)   Other: 3,3ms
[2024-12-03T18:38:10.978+0100][gc,heap       ] GC(4) Eden regions: 30->0(45)
[2024-12-03T18:38:10.978+0100][gc,heap       ] GC(4) Survivor regions: 5->6(7)
[2024-12-03T18:38:10.978+0100][gc,heap       ] GC(4) Old regions: 9->10
[2024-12-03T18:38:10.978+0100][gc,heap       ] GC(4) Humongous regions: 129->129
[2024-12-03T18:38:10.978+0100][gc,metaspace  ] GC(4) Metaspace: 34468K(35840K)->34468K(35840K) NonClass: 30091K(30848K)->30091K(30848K) Class: 4376K(4992K)->4376K(4992K)
[2024-12-03T18:38:10.978+0100][gc            ] GC(4) Pause Young (Concurrent Start) (Metadata GC Threshold) 170M->142M(1024M) 21,372ms
[2024-12-03T18:38:10.978+0100][gc,cpu        ] GC(4) User=0,03s Sys=0,02s Real=0,02s
[2024-12-03T18:38:10.978+0100][gc            ] GC(5) Concurrent Cycle
[2024-12-03T18:38:10.979+0100][gc,marking    ] GC(5) Concurrent Clear Claimed Marks
[2024-12-03T18:38:10.979+0100][gc,marking    ] GC(5) Concurrent Clear Claimed Marks 0,153ms
[2024-12-03T18:38:10.979+0100][gc,marking    ] GC(5) Concurrent Scan Root Regions
[2024-12-03T18:38:10.984+0100][gc,marking    ] GC(5) Concurrent Scan Root Regions 4,908ms
[2024-12-03T18:38:10.984+0100][gc,marking    ] GC(5) Concurrent Mark (12,065s)
[2024-12-03T18:38:10.984+0100][gc,marking    ] GC(5) Concurrent Mark From Roots
[2024-12-03T18:38:10.984+0100][gc,task       ] GC(5) Using 1 workers of 1 for marking
[2024-12-03T18:38:10.995+0100][gc,marking    ] GC(5) Concurrent Mark From Roots 11,052ms
[2024-12-03T18:38:10.995+0100][gc,marking    ] GC(5) Concurrent Preclean
[2024-12-03T18:38:10.995+0100][gc,marking    ] GC(5) Concurrent Preclean 0,071ms
[2024-12-03T18:38:10.995+0100][gc,marking    ] GC(5) Concurrent Mark (12,065s, 12,076s) 11,274ms
[2024-12-03T18:38:11.017+0100][gc,start      ] GC(5) Pause Remark
[2024-12-03T18:38:11.029+0100][gc,stringtable] GC(5) Cleaned string and symbol table, strings: 10623 processed, 13 removed, symbols: 84229 processed, 15 removed
[2024-12-03T18:38:11.032+0100][gc            ] GC(5) Pause Remark 142M->142M(1024M) 15,380ms
[2024-12-03T18:38:11.032+0100][gc,cpu        ] GC(5) User=0,02s Sys=0,03s Real=0,00s
[2024-12-03T18:38:11.033+0100][gc,marking    ] GC(5) Concurrent Rebuild Remembered Sets
[2024-12-03T18:38:11.042+0100][gc,marking    ] GC(5) Concurrent Rebuild Remembered Sets 9,608ms
[2024-12-03T18:38:11.044+0100][gc,start      ] GC(5) Pause Cleanup
[2024-12-03T18:38:11.044+0100][gc            ] GC(5) Pause Cleanup 142M->142M(1024M) 0,385ms
[2024-12-03T18:38:11.044+0100][gc,cpu        ] GC(5) User=0,00s Sys=0,00s Real=0,00s
[2024-12-03T18:38:11.045+0100][gc,marking    ] GC(5) Concurrent Cleanup for Next Mark
[2024-12-03T18:38:11.393+0100][gc,marking    ] GC(5) Concurrent Cleanup for Next Mark 348,115ms
[2024-12-03T18:38:11.393+0100][gc            ] GC(5) Concurrent Cycle 414,286ms
[2024-12-03T19:56:33.667+0100][gc,start      ] GC(6) Pause Young (Normal) (G1 Evacuation Pause)
[2024-12-03T19:56:33.667+0100][gc,task       ] GC(6) Using 4 workers of 4 for evacuation
[2024-12-03T19:56:33.675+0100][gc,phases     ] GC(6)   Pre Evacuate Collection Set: 0,3ms
[2024-12-03T19:56:33.675+0100][gc,phases     ] GC(6)   Evacuate Collection Set: 6,4ms
[2024-12-03T19:56:33.675+0100][gc,phases     ] GC(6)   Post Evacuate Collection Set: 1,5ms
[2024-12-03T19:56:33.675+0100][gc,phases     ] GC(6)   Other: 0,2ms
[2024-12-03T19:56:33.675+0100][gc,heap       ] GC(6) Eden regions: 45->0(47)
[2024-12-03T19:56:33.675+0100][gc,heap       ] GC(6) Survivor regions: 6->4(7)
[2024-12-03T19:56:33.675+0100][gc,heap       ] GC(6) Old regions: 10->13
[2024-12-03T19:56:33.675+0100][gc,heap       ] GC(6) Humongous regions: 129->129
[2024-12-03T19:56:33.675+0100][gc,metaspace  ] GC(6) Metaspace: 41146K(43648K)->41146K(43648K) NonClass: 35555K(36864K)->35555K(36864K) Class: 5590K(6784K)->5590K(6784K)
[2024-12-03T19:56:33.675+0100][gc            ] GC(6) Pause Young (Normal) (G1 Evacuation Pause) 187M->144M(1024M) 8,499ms
[2024-12-03T19:56:33.675+0100][gc,cpu        ] GC(6) User=0,00s Sys=0,02s Real=0,01s
[2024-12-03T19:57:02.231+0100][gc,start      ] GC(7) Pause Young (Normal) (G1 Evacuation Pause)
[2024-12-03T19:57:02.231+0100][gc,task       ] GC(7) Using 4 workers of 4 for evacuation
[2024-12-03T19:57:02.236+0100][gc,phases     ] GC(7)   Pre Evacuate Collection Set: 0,1ms
[2024-12-03T19:57:02.236+0100][gc,phases     ] GC(7)   Evacuate Collection Set: 3,4ms
[2024-12-03T19:57:02.236+0100][gc,phases     ] GC(7)   Post Evacuate Collection Set: 1,2ms
[2024-12-03T19:57:02.236+0100][gc,phases     ] GC(7)   Other: 0,3ms
[2024-12-03T19:57:02.236+0100][gc,heap       ] GC(7) Eden regions: 47->0(46)
[2024-12-03T19:57:02.236+0100][gc,heap       ] GC(7) Survivor regions: 4->5(7)
[2024-12-03T19:57:02.236+0100][gc,heap       ] GC(7) Old regions: 13->13
[2024-12-03T19:57:02.236+0100][gc,heap       ] GC(7) Humongous regions: 129->129
[2024-12-03T19:57:02.236+0100][gc,metaspace  ] GC(7) Metaspace: 41248K(43648K)->41248K(43648K) NonClass: 35656K(36864K)->35656K(36864K) Class: 5591K(6784K)->5591K(6784K)
[2024-12-03T19:57:02.236+0100][gc            ] GC(7) Pause Young (Normal) (G1 Evacuation Pause) 191M->144M(1024M) 5,078ms
[2024-12-03T19:57:02.236+0100][gc,cpu        ] GC(7) User=0,00s Sys=0,01s Real=0,01s
[2024-12-03T19:57:34.051+0100][gc,start      ] GC(8) Pause Young (Normal) (G1 Evacuation Pause)
[2024-12-03T19:57:34.051+0100][gc,task       ] GC(8) Using 4 workers of 4 for evacuation
[2024-12-03T19:57:34.056+0100][gc,phases     ] GC(8)   Pre Evacuate Collection Set: 0,0ms
[2024-12-03T19:57:34.056+0100][gc,phases     ] GC(8)   Evacuate Collection Set: 3,9ms
[2024-12-03T19:57:34.056+0100][gc,phases     ] GC(8)   Post Evacuate Collection Set: 0,7ms
[2024-12-03T19:57:34.056+0100][gc,phases     ] GC(8)   Other: 0,2ms
[2024-12-03T19:57:34.056+0100][gc,heap       ] GC(8) Eden regions: 46->0(48)
[2024-12-03T19:57:34.056+0100][gc,heap       ] GC(8) Survivor regions: 5->3(7)
[2024-12-03T19:57:34.056+0100][gc,heap       ] GC(8) Old regions: 13->15
[2024-12-03T19:57:34.056+0100][gc,heap       ] GC(8) Humongous regions: 129->129
[2024-12-03T19:57:34.056+0100][gc,metaspace  ] GC(8) Metaspace: 41248K(43648K)->41248K(43648K) NonClass: 35657K(36864K)->35657K(36864K) Class: 5591K(6784K)->5591K(6784K)
[2024-12-03T19:57:34.056+0100][gc            ] GC(8) Pause Young (Normal) (G1 Evacuation Pause) 190M->144M(1024M) 4,901ms
[2024-12-03T19:57:34.056+0100][gc,cpu        ] GC(8) User=0,02s Sys=0,00s Real=0,01s
[2024-12-03T19:58:08.448+0100][gc,start      ] GC(9) Pause Young (Normal) (G1 Evacuation Pause)
[2024-12-03T19:58:08.448+0100][gc,task       ] GC(9) Using 4 workers of 4 for evacuation
[2024-12-03T19:58:08.452+0100][gc,phases     ] GC(9)   Pre Evacuate Collection Set: 0,0ms
[2024-12-03T19:58:08.452+0100][gc,phases     ] GC(9)   Evacuate Collection Set: 2,7ms
[2024-12-03T19:58:08.452+0100][gc,phases     ] GC(9)   Post Evacuate Collection Set: 0,8ms
[2024-12-03T19:58:08.452+0100][gc,phases     ] GC(9)   Other: 0,2ms
[2024-12-03T19:58:08.452+0100][gc,heap       ] GC(9) Eden regions: 48->0(48)
[2024-12-03T19:58:08.452+0100][gc,heap       ] GC(9) Survivor regions: 3->3(7)
[2024-12-03T19:58:08.452+0100][gc,heap       ] GC(9) Old regions: 15->15
[2024-12-03T19:58:08.452+0100][gc,heap       ] GC(9) Humongous regions: 129->129
[2024-12-03T19:58:08.452+0100][gc,metaspace  ] GC(9) Metaspace: 41259K(43648K)->41259K(43648K) NonClass: 35668K(36864K)->35668K(36864K) Class: 5591K(6784K)->5591K(6784K)
[2024-12-03T19:58:08.452+0100][gc            ] GC(9) Pause Young (Normal) (G1 Evacuation Pause) 192M->144M(1024M) 3,789ms
[2024-12-03T19:58:08.452+0100][gc,cpu        ] GC(9) User=0,01s Sys=0,00s Real=0,00s
[2024-12-03T19:58:42.207+0100][gc,start      ] GC(10) Pause Young (Normal) (G1 Evacuation Pause)
[2024-12-03T19:58:42.207+0100][gc,task       ] GC(10) Using 4 workers of 4 for evacuation
[2024-12-03T19:58:42.212+0100][gc,phases     ] GC(10)   Pre Evacuate Collection Set: 0,0ms
[2024-12-03T19:58:42.212+0100][gc,phases     ] GC(10)   Evacuate Collection Set: 3,0ms
[2024-12-03T19:58:42.212+0100][gc,phases     ] GC(10)   Post Evacuate Collection Set: 1,2ms
[2024-12-03T19:58:42.212+0100][gc,phases     ] GC(10)   Other: 0,4ms
[2024-12-03T19:58:42.212+0100][gc,heap       ] GC(10) Eden regions: 48->0(54)
[2024-12-03T19:58:42.212+0100][gc,heap       ] GC(10) Survivor regions: 3->3(7)
[2024-12-03T19:58:42.212+0100][gc,heap       ] GC(10) Old regions: 15->15
[2024-12-03T19:58:42.212+0100][gc,heap       ] GC(10) Humongous regions: 129->129
[2024-12-03T19:58:42.212+0100][gc,metaspace  ] GC(10) Metaspace: 41311K(43904K)->41311K(43904K) NonClass: 35717K(37120K)->35717K(37120K) Class: 5593K(6784K)->5593K(6784K)
[2024-12-03T19:58:42.212+0100][gc            ] GC(10) Pause Young (Normal) (G1 Evacuation Pause) 192M->144M(1024M) 4,668ms
[2024-12-03T19:58:42.212+0100][gc,cpu        ] GC(10) User=0,01s Sys=0,00s Real=0,00s
[2024-12-03T19:59:19.682+0100][gc,start      ] GC(11) Pause Young (Normal) (G1 Evacuation Pause)
[2024-12-03T19:59:19.682+0100][gc,task       ] GC(11) Using 4 workers of 4 for evacuation
[2024-12-03T19:59:19.687+0100][gc,phases     ] GC(11)   Pre Evacuate Collection Set: 1,2ms
[2024-12-03T19:59:19.687+0100][gc,phases     ] GC(11)   Evacuate Collection Set: 2,8ms
[2024-12-03T19:59:19.687+0100][gc,phases     ] GC(11)   Post Evacuate Collection Set: 1,3ms
[2024-12-03T19:59:19.687+0100][gc,phases     ] GC(11)   Other: 0,2ms
[2024-12-03T19:59:19.687+0100][gc,heap       ] GC(11) Eden regions: 54->0(63)
[2024-12-03T19:59:19.687+0100][gc,heap       ] GC(11) Survivor regions: 3->3(8)
[2024-12-03T19:59:19.687+0100][gc,heap       ] GC(11) Old regions: 15->15
[2024-12-03T19:59:19.687+0100][gc,heap       ] GC(11) Humongous regions: 129->129
[2024-12-03T19:59:19.687+0100][gc,metaspace  ] GC(11) Metaspace: 42834K(45568K)->42834K(45568K) NonClass: 36963K(38400K)->36963K(38400K) Class: 5870K(7168K)->5870K(7168K)
[2024-12-03T19:59:19.687+0100][gc            ] GC(11) Pause Young (Normal) (G1 Evacuation Pause) 198M->144M(1024M) 5,530ms
[2024-12-03T19:59:19.687+0100][gc,cpu        ] GC(11) User=0,02s Sys=0,00s Real=0,01s
[2024-12-03T20:00:06.501+0100][gc,start      ] GC(12) Pause Young (Normal) (G1 Evacuation Pause)
[2024-12-03T20:00:06.501+0100][gc,task       ] GC(12) Using 4 workers of 4 for evacuation
[2024-12-03T20:00:06.507+0100][gc,phases     ] GC(12)   Pre Evacuate Collection Set: 0,0ms
[2024-12-03T20:00:06.507+0100][gc,phases     ] GC(12)   Evacuate Collection Set: 3,7ms
[2024-12-03T20:00:06.507+0100][gc,phases     ] GC(12)   Post Evacuate Collection Set: 2,2ms
[2024-12-03T20:00:06.507+0100][gc,phases     ] GC(12)   Other: 0,2ms
[2024-12-03T20:00:06.507+0100][gc,heap       ] GC(12) Eden regions: 63->0(69)
[2024-12-03T20:00:06.507+0100][gc,heap       ] GC(12) Survivor regions: 3->3(9)
[2024-12-03T20:00:06.507+0100][gc,heap       ] GC(12) Old regions: 15->15
[2024-12-03T20:00:06.507+0100][gc,heap       ] GC(12) Humongous regions: 129->129
[2024-12-03T20:00:06.507+0100][gc,metaspace  ] GC(12) Metaspace: 42834K(45568K)->42834K(45568K) NonClass: 36963K(38400K)->36963K(38400K) Class: 5870K(7168K)->5870K(7168K)
[2024-12-03T20:00:06.507+0100][gc            ] GC(12) Pause Young (Normal) (G1 Evacuation Pause) 207M->144M(1024M) 6,235ms
[2024-12-03T20:00:06.507+0100][gc,cpu        ] GC(12) User=0,01s Sys=0,01s Real=0,01s
[2024-12-03T20:00:58.231+0100][gc,start      ] GC(13) Pause Young (Normal) (G1 Evacuation Pause)
[2024-12-03T20:00:58.231+0100][gc,task       ] GC(13) Using 4 workers of 4 for evacuation
[2024-12-03T20:00:58.239+0100][gc,phases     ] GC(13)   Pre Evacuate Collection Set: 0,0ms
[2024-12-03T20:00:58.239+0100][gc,phases     ] GC(13)   Evacuate Collection Set: 5,6ms
[2024-12-03T20:00:58.239+0100][gc,phases     ] GC(13)   Post Evacuate Collection Set: 2,1ms
[2024-12-03T20:00:58.239+0100][gc,phases     ] GC(13)   Other: 0,2ms
[2024-12-03T20:00:58.239+0100][gc,heap       ] GC(13) Eden regions: 69->0(76)
[2024-12-03T20:00:58.239+0100][gc,heap       ] GC(13) Survivor regions: 3->3(9)
[2024-12-03T20:00:58.239+0100][gc,heap       ] GC(13) Old regions: 15->15
[2024-12-03T20:00:58.239+0100][gc,heap       ] GC(13) Humongous regions: 129->129
[2024-12-03T20:00:58.239+0100][gc,metaspace  ] GC(13) Metaspace: 42841K(45568K)->42841K(45568K) NonClass: 36971K(38400K)->36971K(38400K) Class: 5870K(7168K)->5870K(7168K)
[2024-12-03T20:00:58.239+0100][gc            ] GC(13) Pause Young (Normal) (G1 Evacuation Pause) 213M->144M(1024M) 8,070ms
[2024-12-03T20:00:58.239+0100][gc,cpu        ] GC(13) User=0,02s Sys=0,00s Real=0,01s
[2024-12-03T20:02:50.389+0100][gc,start      ] GC(14) Pause Young (Normal) (G1 Evacuation Pause)
[2024-12-03T20:02:50.389+0100][gc,task       ] GC(14) Using 4 workers of 4 for evacuation
[2024-12-03T20:02:50.401+0100][gc,phases     ] GC(14)   Pre Evacuate Collection Set: 0,7ms
[2024-12-03T20:02:50.401+0100][gc,phases     ] GC(14)   Evacuate Collection Set: 6,4ms
[2024-12-03T20:02:50.401+0100][gc,phases     ] GC(14)   Post Evacuate Collection Set: 3,8ms
[2024-12-03T20:02:50.401+0100][gc,phases     ] GC(14)   Other: 0,3ms
[2024-12-03T20:02:50.401+0100][gc,heap       ] GC(14) Eden regions: 76->0(91)
[2024-12-03T20:02:50.401+0100][gc,heap       ] GC(14) Survivor regions: 3->3(10)
[2024-12-03T20:02:50.401+0100][gc,heap       ] GC(14) Old regions: 15->15
[2024-12-03T20:02:50.401+0100][gc,heap       ] GC(14) Humongous regions: 129->129
[2024-12-03T20:02:50.401+0100][gc,metaspace  ] GC(14) Metaspace: 42862K(45568K)->42862K(45568K) NonClass: 36991K(38400K)->36991K(38400K) Class: 5870K(7168K)->5870K(7168K)
[2024-12-03T20:02:50.401+0100][gc            ] GC(14) Pause Young (Normal) (G1 Evacuation Pause) 220M->144M(1024M) 11,192ms
[2024-12-03T20:02:50.401+0100][gc,cpu        ] GC(14) User=0,01s Sys=0,00s Real=0,01s
[2024-12-03T20:03:58.144+0100][gc,start      ] GC(15) Pause Young (Normal) (G1 Evacuation Pause)
[2024-12-03T20:03:58.144+0100][gc,task       ] GC(15) Using 4 workers of 4 for evacuation
[2024-12-03T20:03:58.152+0100][gc,phases     ] GC(15)   Pre Evacuate Collection Set: 0,6ms
[2024-12-03T20:03:58.152+0100][gc,phases     ] GC(15)   Evacuate Collection Set: 4,9ms
[2024-12-03T20:03:58.152+0100][gc,phases     ] GC(15)   Post Evacuate Collection Set: 3,0ms
[2024-12-03T20:03:58.152+0100][gc,phases     ] GC(15)   Other: 0,3ms
[2024-12-03T20:03:58.152+0100][gc,heap       ] GC(15) Eden regions: 91->0(103)
[2024-12-03T20:03:58.152+0100][gc,heap       ] GC(15) Survivor regions: 3->3(12)
[2024-12-03T20:03:58.152+0100][gc,heap       ] GC(15) Old regions: 15->15
[2024-12-03T20:03:58.152+0100][gc,heap       ] GC(15) Humongous regions: 129->129
[2024-12-03T20:03:58.152+0100][gc,metaspace  ] GC(15) Metaspace: 42876K(45568K)->42876K(45568K) NonClass: 37006K(38400K)->37006K(38400K) Class: 5870K(7168K)->5870K(7168K)
[2024-12-03T20:03:58.152+0100][gc            ] GC(15) Pause Young (Normal) (G1 Evacuation Pause) 235M->144M(1024M) 8,875ms
[2024-12-03T20:03:58.152+0100][gc,cpu        ] GC(15) User=0,02s Sys=0,00s Real=0,00s
[2024-12-03T20:05:17.571+0100][gc,start      ] GC(16) Pause Young (Normal) (G1 Evacuation Pause)
[2024-12-03T20:05:17.572+0100][gc,task       ] GC(16) Using 4 workers of 4 for evacuation
[2024-12-03T20:05:17.579+0100][gc,phases     ] GC(16)   Pre Evacuate Collection Set: 0,0ms
[2024-12-03T20:05:17.579+0100][gc,phases     ] GC(16)   Evacuate Collection Set: 3,9ms
[2024-12-03T20:05:17.579+0100][gc,phases     ] GC(16)   Post Evacuate Collection Set: 3,0ms
[2024-12-03T20:05:17.579+0100][gc,phases     ] GC(16)   Other: 0,4ms
[2024-12-03T20:05:17.579+0100][gc,heap       ] GC(16) Eden regions: 103->0(125)
[2024-12-03T20:05:17.579+0100][gc,heap       ] GC(16) Survivor regions: 3->3(14)
[2024-12-03T20:05:17.579+0100][gc,heap       ] GC(16) Old regions: 15->15
[2024-12-03T20:05:17.579+0100][gc,heap       ] GC(16) Humongous regions: 129->129
[2024-12-03T20:05:17.579+0100][gc,metaspace  ] GC(16) Metaspace: 42900K(45568K)->42900K(45568K) NonClass: 37029K(38400K)->37029K(38400K) Class: 5870K(7168K)->5870K(7168K)
[2024-12-03T20:05:17.579+0100][gc            ] GC(16) Pause Young (Normal) (G1 Evacuation Pause) 247M->144M(1024M) 7,424ms
[2024-12-03T20:05:17.579+0100][gc,cpu        ] GC(16) User=0,01s Sys=0,01s Real=0,01s
[2024-12-03T20:06:47.991+0100][gc,start      ] GC(17) Pause Young (Normal) (G1 Evacuation Pause)
[2024-12-03T20:06:47.991+0100][gc,task       ] GC(17) Using 4 workers of 4 for evacuation
[2024-12-03T20:06:48.002+0100][gc,phases     ] GC(17)   Pre Evacuate Collection Set: 0,8ms
[2024-12-03T20:06:48.002+0100][gc,phases     ] GC(17)   Evacuate Collection Set: 5,3ms
[2024-12-03T20:06:48.002+0100][gc,phases     ] GC(17)   Post Evacuate Collection Set: 4,4ms
[2024-12-03T20:06:48.002+0100][gc,phases     ] GC(17)   Other: 0,2ms
[2024-12-03T20:06:48.002+0100][gc,heap       ] GC(17) Eden regions: 125->0(137)
[2024-12-03T20:06:48.002+0100][gc,heap       ] GC(17) Survivor regions: 3->3(16)
[2024-12-03T20:06:48.002+0100][gc,heap       ] GC(17) Old regions: 15->15
[2024-12-03T20:06:48.002+0100][gc,heap       ] GC(17) Humongous regions: 129->129
[2024-12-03T20:06:48.002+0100][gc,metaspace  ] GC(17) Metaspace: 42919K(45568K)->42919K(45568K) NonClass: 37048K(38400K)->37048K(38400K) Class: 5870K(7168K)->5870K(7168K)
[2024-12-03T20:06:48.002+0100][gc            ] GC(17) Pause Young (Normal) (G1 Evacuation Pause) 269M->145M(1024M) 10,739ms
[2024-12-03T20:06:48.002+0100][gc,cpu        ] GC(17) User=0,02s Sys=0,01s Real=0,01s
[2024-12-03T20:08:26.317+0100][gc,start      ] GC(18) Pause Young (Normal) (G1 Evacuation Pause)
[2024-12-03T20:08:26.318+0100][gc,task       ] GC(18) Using 4 workers of 4 for evacuation
[2024-12-03T20:08:26.327+0100][gc,phases     ] GC(18)   Pre Evacuate Collection Set: 1,3ms
[2024-12-03T20:08:26.327+0100][gc,phases     ] GC(18)   Evacuate Collection Set: 6,1ms
[2024-12-03T20:08:26.327+0100][gc,phases     ] GC(18)   Post Evacuate Collection Set: 2,2ms
[2024-12-03T20:08:26.327+0100][gc,phases     ] GC(18)   Other: 0,3ms
[2024-12-03T20:08:26.327+0100][gc,heap       ] GC(18) Eden regions: 137->0(163)
[2024-12-03T20:08:26.327+0100][gc,heap       ] GC(18) Survivor regions: 3->3(18)
[2024-12-03T20:08:26.327+0100][gc,heap       ] GC(18) Old regions: 15->15
[2024-12-03T20:08:26.327+0100][gc,heap       ] GC(18) Humongous regions: 129->129
[2024-12-03T20:08:26.327+0100][gc,metaspace  ] GC(18) Metaspace: 42928K(45568K)->42928K(45568K) NonClass: 37057K(38400K)->37057K(38400K) Class: 5870K(7168K)->5870K(7168K)
[2024-12-03T20:08:26.327+0100][gc            ] GC(18) Pause Young (Normal) (G1 Evacuation Pause) 282M->144M(1024M) 9,961ms
[2024-12-03T20:08:26.327+0100][gc,cpu        ] GC(18) User=0,02s Sys=0,01s Real=0,01s
[2024-12-03T20:10:31.012+0100][gc,start      ] GC(19) Pause Young (Normal) (G1 Evacuation Pause)
[2024-12-03T20:10:31.012+0100][gc,task       ] GC(19) Using 4 workers of 4 for evacuation
[2024-12-03T20:10:31.023+0100][gc,phases     ] GC(19)   Pre Evacuate Collection Set: 0,2ms
[2024-12-03T20:10:31.023+0100][gc,phases     ] GC(19)   Evacuate Collection Set: 6,5ms
[2024-12-03T20:10:31.023+0100][gc,phases     ] GC(19)   Post Evacuate Collection Set: 4,1ms
[2024-12-03T20:10:31.023+0100][gc,phases     ] GC(19)   Other: 0,2ms
[2024-12-03T20:10:31.023+0100][gc,heap       ] GC(19) Eden regions: 163->0(179)
[2024-12-03T20:10:31.023+0100][gc,heap       ] GC(19) Survivor regions: 3->3(21)
[2024-12-03T20:10:31.023+0100][gc,heap       ] GC(19) Old regions: 15->15
[2024-12-03T20:10:31.023+0100][gc,heap       ] GC(19) Humongous regions: 129->129
[2024-12-03T20:10:31.023+0100][gc,metaspace  ] GC(19) Metaspace: 42935K(45568K)->42935K(45568K) NonClass: 37065K(38400K)->37065K(38400K) Class: 5870K(7168K)->5870K(7168K)
[2024-12-03T20:10:31.023+0100][gc            ] GC(19) Pause Young (Normal) (G1 Evacuation Pause) 307M->144M(1024M) 11,002ms
[2024-12-03T20:10:31.023+0100][gc,cpu        ] GC(19) User=0,01s Sys=0,02s Real=0,02s
[2024-12-11T15:46:09.009+0100][gc,heap,exit  ] Heap
[2024-12-11T15:46:09.009+0100][gc,heap,exit  ]  garbage-first heap   total 1048576K, used 246660K [0x00000000c0000000, 0x0000000100000000)
[2024-12-11T15:46:09.009+0100][gc,heap,exit  ]   region size 1024K, 100 young (102400K), 3 survivors (3072K)
[2024-12-11T15:46:09.010+0100][gc,heap,exit  ]  Metaspace       used 43786K, capacity 46460K, committed 46720K, reserved 1089536K
[2024-12-11T15:46:09.010+0100][gc,heap,exit  ]   class space    used 6092K, capacity 7436K, committed 7552K, reserved 1048576K
