[2024-12-11T18:57:41.932+0100][gc,heap] Heap region size: 1M
[2024-12-11T18:57:41.939+0100][gc     ] Using G1
[2024-12-11T18:57:41.939+0100][gc,heap,coops] Heap address: 0x00000000c0000000, size: 1024 MB, Compressed Oops mode: 32-bit
[2024-12-11T18:57:41.939+0100][gc,cds       ] Mark closed archive regions in map: [0x00000000fff00000, 0x00000000fff6aff8]
[2024-12-11T18:57:41.939+0100][gc,cds       ] Mark open archive regions in map: [0x00000000ffe00000, 0x00000000ffe47ff8]
[2024-12-11T18:57:42.858+0100][gc,start     ] GC(0) Pause Young (Normal) (G1 Evacuation Pause)
[2024-12-11T18:57:42.859+0100][gc,task      ] GC(0) Using 4 workers of 4 for evacuation
[2024-12-11T18:57:42.868+0100][gc,phases    ] GC(0)   Pre Evacuate Collection Set: 0,0ms
[2024-12-11T18:57:42.868+0100][gc,phases    ] GC(0)   Evacuate Collection Set: 7,2ms
[2024-12-11T18:57:42.868+0100][gc,phases    ] GC(0)   Post Evacuate Collection Set: 1,8ms
[2024-12-11T18:57:42.868+0100][gc,phases    ] GC(0)   Other: 1,5ms
[2024-12-11T18:57:42.868+0100][gc,heap      ] GC(0) Eden regions: 51->0(44)
[2024-12-11T18:57:42.868+0100][gc,heap      ] GC(0) Survivor regions: 0->7(7)
[2024-12-11T18:57:42.868+0100][gc,heap      ] GC(0) Old regions: 2->2
[2024-12-11T18:57:42.868+0100][gc,heap      ] GC(0) Humongous regions: 0->0
[2024-12-11T18:57:42.868+0100][gc,metaspace ] GC(0) Metaspace: 14370K(15104K)->14370K(15104K) NonClass: 12364K(12800K)->12364K(12800K) Class: 2005K(2304K)->2005K(2304K)
[2024-12-11T18:57:42.868+0100][gc           ] GC(0) Pause Young (Normal) (G1 Evacuation Pause) 51M->7M(1024M) 10,661ms
[2024-12-11T18:57:42.868+0100][gc,cpu       ] GC(0) User=0,02s Sys=0,01s Real=0,00s
[2024-12-11T18:57:43.433+0100][gc,start     ] GC(1) Pause Young (Concurrent Start) (Metadata GC Threshold)
[2024-12-11T18:57:43.433+0100][gc,task      ] GC(1) Using 4 workers of 4 for evacuation
[2024-12-11T18:57:43.449+0100][gc,phases    ] GC(1)   Pre Evacuate Collection Set: 0,5ms
[2024-12-11T18:57:43.449+0100][gc,phases    ] GC(1)   Evacuate Collection Set: 14,3ms
[2024-12-11T18:57:43.449+0100][gc,phases    ] GC(1)   Post Evacuate Collection Set: 1,1ms
[2024-12-11T18:57:43.449+0100][gc,phases    ] GC(1)   Other: 0,4ms
[2024-12-11T18:57:43.449+0100][gc,heap      ] GC(1) Eden regions: 28->0(50)
[2024-12-11T18:57:43.450+0100][gc,heap      ] GC(1) Survivor regions: 7->1(7)
[2024-12-11T18:57:43.450+0100][gc,heap      ] GC(1) Old regions: 2->9
[2024-12-11T18:57:43.450+0100][gc,heap      ] GC(1) Humongous regions: 0->0
[2024-12-11T18:57:43.450+0100][gc,metaspace ] GC(1) Metaspace: 20635K(21248K)->20635K(21248K) NonClass: 17856K(18176K)->17856K(18176K) Class: 2778K(3072K)->2778K(3072K)
[2024-12-11T18:57:43.450+0100][gc           ] GC(1) Pause Young (Concurrent Start) (Metadata GC Threshold) 35M->7M(1024M) 17,086ms
[2024-12-11T18:57:43.450+0100][gc,cpu       ] GC(1) User=0,03s Sys=0,01s Real=0,02s
[2024-12-11T18:57:43.453+0100][gc           ] GC(2) Concurrent Cycle
[2024-12-11T18:57:43.453+0100][gc,marking   ] GC(2) Concurrent Clear Claimed Marks
[2024-12-11T18:57:43.453+0100][gc,marking   ] GC(2) Concurrent Clear Claimed Marks 0,055ms
[2024-12-11T18:57:43.453+0100][gc,marking   ] GC(2) Concurrent Scan Root Regions
[2024-12-11T18:57:43.454+0100][gc,marking   ] GC(2) Concurrent Scan Root Regions 1,170ms
[2024-12-11T18:57:43.454+0100][gc,marking   ] GC(2) Concurrent Mark (1,528s)
[2024-12-11T18:57:43.454+0100][gc,marking   ] GC(2) Concurrent Mark From Roots
[2024-12-11T18:57:43.454+0100][gc,task      ] GC(2) Using 1 workers of 1 for marking
[2024-12-11T18:57:43.459+0100][gc,marking   ] GC(2) Concurrent Mark From Roots 4,794ms
[2024-12-11T18:57:43.459+0100][gc,marking   ] GC(2) Concurrent Preclean
[2024-12-11T18:57:43.459+0100][gc,marking   ] GC(2) Concurrent Preclean 0,051ms
[2024-12-11T18:57:43.459+0100][gc,marking   ] GC(2) Concurrent Mark (1,528s, 1,533s) 4,894ms
[2024-12-11T18:57:43.470+0100][gc,start     ] GC(2) Pause Remark
[2024-12-11T18:57:43.482+0100][gc,stringtable] GC(2) Cleaned string and symbol table, strings: 5120 processed, 0 removed, symbols: 52343 processed, 58 removed
[2024-12-11T18:57:43.482+0100][gc            ] GC(2) Pause Remark 7M->7M(1024M) 12,288ms
[2024-12-11T18:57:43.483+0100][gc,cpu        ] GC(2) User=0,02s Sys=0,00s Real=0,01s
[2024-12-11T18:57:43.483+0100][gc,marking    ] GC(2) Concurrent Rebuild Remembered Sets
[2024-12-11T18:57:43.486+0100][gc,marking    ] GC(2) Concurrent Rebuild Remembered Sets 2,877ms
[2024-12-11T18:57:43.487+0100][gc,start      ] GC(2) Pause Cleanup
[2024-12-11T18:57:43.487+0100][gc            ] GC(2) Pause Cleanup 8M->8M(1024M) 0,455ms
[2024-12-11T18:57:43.488+0100][gc,cpu        ] GC(2) User=0,00s Sys=0,00s Real=0,00s
[2024-12-11T18:57:43.488+0100][gc,marking    ] GC(2) Concurrent Cleanup for Next Mark
[2024-12-11T18:57:43.511+0100][gc,marking    ] GC(2) Concurrent Cleanup for Next Mark 22,928ms
[2024-12-11T18:57:43.511+0100][gc            ] GC(2) Concurrent Cycle 57,822ms
[2024-12-11T18:57:44.479+0100][gc,start      ] GC(3) Pause Young (Normal) (G1 Evacuation Pause)
[2024-12-11T18:57:44.479+0100][gc,task       ] GC(3) Using 4 workers of 4 for evacuation
[2024-12-11T18:57:44.482+0100][gc,phases     ] GC(3)   Pre Evacuate Collection Set: 0,0ms
[2024-12-11T18:57:44.482+0100][gc,phases     ] GC(3)   Evacuate Collection Set: 2,6ms
[2024-12-11T18:57:44.482+0100][gc,phases     ] GC(3)   Post Evacuate Collection Set: 0,8ms
[2024-12-11T18:57:44.482+0100][gc,phases     ] GC(3)   Other: 0,2ms
[2024-12-11T18:57:44.482+0100][gc,heap       ] GC(3) Eden regions: 50->0(47)
[2024-12-11T18:57:44.482+0100][gc,heap       ] GC(3) Survivor regions: 1->4(7)
[2024-12-11T18:57:44.482+0100][gc,heap       ] GC(3) Old regions: 9->9
[2024-12-11T18:57:44.482+0100][gc,heap       ] GC(3) Humongous regions: 129->129
[2024-12-11T18:57:44.482+0100][gc,metaspace  ] GC(3) Metaspace: 29613K(30976K)->29613K(30976K) NonClass: 25778K(26624K)->25778K(26624K) Class: 3834K(4352K)->3834K(4352K)
[2024-12-11T18:57:44.482+0100][gc            ] GC(3) Pause Young (Normal) (G1 Evacuation Pause) 186M->139M(1024M) 3,684ms
[2024-12-11T18:57:44.482+0100][gc,cpu        ] GC(3) User=0,00s Sys=0,01s Real=0,00s
[2024-12-11T18:57:44.996+0100][gc,start      ] GC(4) Pause Young (Concurrent Start) (Metadata GC Threshold)
[2024-12-11T18:57:44.996+0100][gc,task       ] GC(4) Using 4 workers of 4 for evacuation
[2024-12-11T18:57:45.008+0100][gc,phases     ] GC(4)   Pre Evacuate Collection Set: 0,1ms
[2024-12-11T18:57:45.008+0100][gc,phases     ] GC(4)   Evacuate Collection Set: 11,2ms
[2024-12-11T18:57:45.008+0100][gc,phases     ] GC(4)   Post Evacuate Collection Set: 0,7ms
[2024-12-11T18:57:45.008+0100][gc,phases     ] GC(4)   Other: 0,3ms
[2024-12-11T18:57:45.008+0100][gc,heap       ] GC(4) Eden regions: 26->0(45)
[2024-12-11T18:57:45.008+0100][gc,heap       ] GC(4) Survivor regions: 4->6(7)
[2024-12-11T18:57:45.008+0100][gc,heap       ] GC(4) Old regions: 9->10
[2024-12-11T18:57:45.008+0100][gc,heap       ] GC(4) Humongous regions: 129->129
[2024-12-11T18:57:45.008+0100][gc,metaspace  ] GC(4) Metaspace: 34436K(35840K)->34436K(35840K) NonClass: 30060K(30848K)->30060K(30848K) Class: 4375K(4992K)->4375K(4992K)
[2024-12-11T18:57:45.008+0100][gc            ] GC(4) Pause Young (Concurrent Start) (Metadata GC Threshold) 165M->142M(1024M) 12,298ms
[2024-12-11T18:57:45.008+0100][gc,cpu        ] GC(4) User=0,01s Sys=0,00s Real=0,01s
[2024-12-11T18:57:45.009+0100][gc            ] GC(5) Concurrent Cycle
[2024-12-11T18:57:45.009+0100][gc,marking    ] GC(5) Concurrent Clear Claimed Marks
[2024-12-11T18:57:45.009+0100][gc,marking    ] GC(5) Concurrent Clear Claimed Marks 0,032ms
[2024-12-11T18:57:45.009+0100][gc,marking    ] GC(5) Concurrent Scan Root Regions
[2024-12-11T18:57:45.011+0100][gc,marking    ] GC(5) Concurrent Scan Root Regions 2,404ms
[2024-12-11T18:57:45.011+0100][gc,marking    ] GC(5) Concurrent Mark (3,085s)
[2024-12-11T18:57:45.011+0100][gc,marking    ] GC(5) Concurrent Mark From Roots
[2024-12-11T18:57:45.011+0100][gc,task       ] GC(5) Using 1 workers of 1 for marking
[2024-12-11T18:57:45.018+0100][gc,marking    ] GC(5) Concurrent Mark From Roots 6,719ms
[2024-12-11T18:57:45.018+0100][gc,marking    ] GC(5) Concurrent Preclean
[2024-12-11T18:57:45.018+0100][gc,marking    ] GC(5) Concurrent Preclean 0,086ms
[2024-12-11T18:57:45.018+0100][gc,marking    ] GC(5) Concurrent Mark (3,085s, 3,092s) 6,859ms
[2024-12-11T18:57:45.019+0100][gc,start      ] GC(5) Pause Remark
[2024-12-11T18:57:45.026+0100][gc,stringtable] GC(5) Cleaned string and symbol table, strings: 10441 processed, 13 removed, symbols: 83440 processed, 16 removed
[2024-12-11T18:57:45.026+0100][gc            ] GC(5) Pause Remark 142M->142M(1024M) 7,324ms
[2024-12-11T18:57:45.026+0100][gc,cpu        ] GC(5) User=0,02s Sys=0,00s Real=0,00s
[2024-12-11T18:57:45.026+0100][gc,marking    ] GC(5) Concurrent Rebuild Remembered Sets
[2024-12-11T18:57:45.029+0100][gc,marking    ] GC(5) Concurrent Rebuild Remembered Sets 3,357ms
[2024-12-11T18:57:45.075+0100][gc,start      ] GC(5) Pause Cleanup
[2024-12-11T18:57:45.075+0100][gc            ] GC(5) Pause Cleanup 143M->143M(1024M) 0,489ms
[2024-12-11T18:57:45.075+0100][gc,cpu        ] GC(5) User=0,00s Sys=0,00s Real=0,00s
[2024-12-11T18:57:45.075+0100][gc,marking    ] GC(5) Concurrent Cleanup for Next Mark
[2024-12-11T18:57:45.179+0100][gc,marking    ] GC(5) Concurrent Cleanup for Next Mark 104,048ms
[2024-12-11T18:57:45.179+0100][gc            ] GC(5) Concurrent Cycle 170,857ms
[2024-12-11T19:06:12.868+0100][gc,start      ] GC(6) Pause Young (Normal) (G1 Evacuation Pause)
[2024-12-11T19:06:12.868+0100][gc,task       ] GC(6) Using 4 workers of 4 for evacuation
[2024-12-11T19:06:12.876+0100][gc,phases     ] GC(6)   Pre Evacuate Collection Set: 0,5ms
[2024-12-11T19:06:12.876+0100][gc,phases     ] GC(6)   Evacuate Collection Set: 5,2ms
[2024-12-11T19:06:12.876+0100][gc,phases     ] GC(6)   Post Evacuate Collection Set: 1,8ms
[2024-12-11T19:06:12.876+0100][gc,phases     ] GC(6)   Other: 0,6ms
[2024-12-11T19:06:12.876+0100][gc,heap       ] GC(6) Eden regions: 45->0(47)
[2024-12-11T19:06:12.876+0100][gc,heap       ] GC(6) Survivor regions: 6->4(7)
[2024-12-11T19:06:12.876+0100][gc,heap       ] GC(6) Old regions: 10->13
[2024-12-11T19:06:12.876+0100][gc,heap       ] GC(6) Humongous regions: 129->129
[2024-12-11T19:06:12.876+0100][gc,metaspace  ] GC(6) Metaspace: 40769K(43136K)->40769K(43136K) NonClass: 35335K(36608K)->35335K(36608K) Class: 5434K(6528K)->5434K(6528K)
[2024-12-11T19:06:12.876+0100][gc            ] GC(6) Pause Young (Normal) (G1 Evacuation Pause) 187M->143M(1024M) 8,188ms
[2024-12-11T19:06:12.876+0100][gc,cpu        ] GC(6) User=0,02s Sys=0,00s Real=0,01s
[2024-12-11T19:06:42.471+0100][gc,start      ] GC(7) Pause Young (Normal) (G1 Evacuation Pause)
[2024-12-11T19:06:42.472+0100][gc,task       ] GC(7) Using 4 workers of 4 for evacuation
[2024-12-11T19:06:42.477+0100][gc,phases     ] GC(7)   Pre Evacuate Collection Set: 0,2ms
[2024-12-11T19:06:42.477+0100][gc,phases     ] GC(7)   Evacuate Collection Set: 3,7ms
[2024-12-11T19:06:42.477+0100][gc,phases     ] GC(7)   Post Evacuate Collection Set: 1,0ms
[2024-12-11T19:06:42.477+0100][gc,phases     ] GC(7)   Other: 0,2ms
[2024-12-11T19:06:42.477+0100][gc,heap       ] GC(7) Eden regions: 47->0(48)
[2024-12-11T19:06:42.477+0100][gc,heap       ] GC(7) Survivor regions: 4->3(7)
[2024-12-11T19:06:42.477+0100][gc,heap       ] GC(7) Old regions: 13->15
[2024-12-11T19:06:42.477+0100][gc,heap       ] GC(7) Humongous regions: 129->129
[2024-12-11T19:06:42.477+0100][gc,metaspace  ] GC(7) Metaspace: 40876K(43136K)->40876K(43136K) NonClass: 35440K(36608K)->35440K(36608K) Class: 5435K(6528K)->5435K(6528K)
[2024-12-11T19:06:42.477+0100][gc            ] GC(7) Pause Young (Normal) (G1 Evacuation Pause) 190M->144M(1024M) 5,281ms
[2024-12-11T19:06:42.478+0100][gc,cpu        ] GC(7) User=0,01s Sys=0,01s Real=0,01s
[2024-12-11T19:07:22.257+0100][gc,start      ] GC(8) Pause Young (Normal) (G1 Evacuation Pause)
[2024-12-11T19:07:22.257+0100][gc,task       ] GC(8) Using 4 workers of 4 for evacuation
[2024-12-11T19:07:22.260+0100][gc,phases     ] GC(8)   Pre Evacuate Collection Set: 0,1ms
[2024-12-11T19:07:22.261+0100][gc,phases     ] GC(8)   Evacuate Collection Set: 2,1ms
[2024-12-11T19:07:22.261+0100][gc,phases     ] GC(8)   Post Evacuate Collection Set: 0,7ms
[2024-12-11T19:07:22.261+0100][gc,phases     ] GC(8)   Other: 0,3ms
[2024-12-11T19:07:22.261+0100][gc,heap       ] GC(8) Eden regions: 48->0(48)
[2024-12-11T19:07:22.261+0100][gc,heap       ] GC(8) Survivor regions: 3->3(7)
[2024-12-11T19:07:22.261+0100][gc,heap       ] GC(8) Old regions: 15->15
[2024-12-11T19:07:22.261+0100][gc,heap       ] GC(8) Humongous regions: 129->129
[2024-12-11T19:07:22.261+0100][gc,metaspace  ] GC(8) Metaspace: 40883K(43136K)->40883K(43136K) NonClass: 35448K(36608K)->35448K(36608K) Class: 5435K(6528K)->5435K(6528K)
[2024-12-11T19:07:22.261+0100][gc            ] GC(8) Pause Young (Normal) (G1 Evacuation Pause) 192M->144M(1024M) 3,393ms
[2024-12-11T19:07:22.261+0100][gc,cpu        ] GC(8) User=0,00s Sys=0,01s Real=0,00s
[2024-12-11T19:08:02.137+0100][gc,start      ] GC(9) Pause Young (Normal) (G1 Evacuation Pause)
[2024-12-11T19:08:02.137+0100][gc,task       ] GC(9) Using 4 workers of 4 for evacuation
[2024-12-11T19:08:02.144+0100][gc,phases     ] GC(9)   Pre Evacuate Collection Set: 0,0ms
[2024-12-11T19:08:02.144+0100][gc,phases     ] GC(9)   Evacuate Collection Set: 5,7ms
[2024-12-11T19:08:02.144+0100][gc,phases     ] GC(9)   Post Evacuate Collection Set: 0,7ms
[2024-12-11T19:08:02.144+0100][gc,phases     ] GC(9)   Other: 0,4ms
[2024-12-11T19:08:02.144+0100][gc,heap       ] GC(9) Eden regions: 48->0(48)
[2024-12-11T19:08:02.144+0100][gc,heap       ] GC(9) Survivor regions: 3->3(7)
[2024-12-11T19:08:02.144+0100][gc,heap       ] GC(9) Old regions: 15->15
[2024-12-11T19:08:02.144+0100][gc,heap       ] GC(9) Humongous regions: 129->129
[2024-12-11T19:08:02.144+0100][gc,metaspace  ] GC(9) Metaspace: 40895K(43136K)->40895K(43136K) NonClass: 35458K(36608K)->35458K(36608K) Class: 5437K(6528K)->5437K(6528K)
[2024-12-11T19:08:02.144+0100][gc            ] GC(9) Pause Young (Normal) (G1 Evacuation Pause) 192M->144M(1024M) 6,912ms
[2024-12-11T19:08:02.144+0100][gc,cpu        ] GC(9) User=0,01s Sys=0,01s Real=0,00s
[2024-12-11T19:08:37.375+0100][gc,start      ] GC(10) Pause Young (Normal) (G1 Evacuation Pause)
[2024-12-11T19:08:37.375+0100][gc,task       ] GC(10) Using 4 workers of 4 for evacuation
[2024-12-11T19:08:37.379+0100][gc,phases     ] GC(10)   Pre Evacuate Collection Set: 0,0ms
[2024-12-11T19:08:37.379+0100][gc,phases     ] GC(10)   Evacuate Collection Set: 2,0ms
[2024-12-11T19:08:37.379+0100][gc,phases     ] GC(10)   Post Evacuate Collection Set: 0,9ms
[2024-12-11T19:08:37.379+0100][gc,phases     ] GC(10)   Other: 0,4ms
[2024-12-11T19:08:37.379+0100][gc,heap       ] GC(10) Eden regions: 48->0(49)
[2024-12-11T19:08:37.379+0100][gc,heap       ] GC(10) Survivor regions: 3->3(7)
[2024-12-11T19:08:37.379+0100][gc,heap       ] GC(10) Old regions: 15->15
[2024-12-11T19:08:37.379+0100][gc,heap       ] GC(10) Humongous regions: 129->129
[2024-12-11T19:08:37.379+0100][gc,metaspace  ] GC(10) Metaspace: 40895K(43136K)->40895K(43136K) NonClass: 35458K(36608K)->35458K(36608K) Class: 5437K(6528K)->5437K(6528K)
[2024-12-11T19:08:37.379+0100][gc            ] GC(10) Pause Young (Normal) (G1 Evacuation Pause) 192M->144M(1024M) 3,512ms
[2024-12-11T19:08:37.379+0100][gc,cpu        ] GC(10) User=0,00s Sys=0,00s Real=0,01s
[2024-12-11T19:09:15.634+0100][gc,start      ] GC(11) Pause Young (Normal) (G1 Evacuation Pause)
[2024-12-11T19:09:15.634+0100][gc,task       ] GC(11) Using 4 workers of 4 for evacuation
[2024-12-11T19:09:15.638+0100][gc,phases     ] GC(11)   Pre Evacuate Collection Set: 0,0ms
[2024-12-11T19:09:15.638+0100][gc,phases     ] GC(11)   Evacuate Collection Set: 3,5ms
[2024-12-11T19:09:15.638+0100][gc,phases     ] GC(11)   Post Evacuate Collection Set: 0,4ms
[2024-12-11T19:09:15.638+0100][gc,phases     ] GC(11)   Other: 0,3ms
[2024-12-11T19:09:15.638+0100][gc,heap       ] GC(11) Eden regions: 49->0(60)
[2024-12-11T19:09:15.638+0100][gc,heap       ] GC(11) Survivor regions: 3->3(7)
[2024-12-11T19:09:15.638+0100][gc,heap       ] GC(11) Old regions: 15->15
[2024-12-11T19:09:15.638+0100][gc,heap       ] GC(11) Humongous regions: 129->129
[2024-12-11T19:09:15.638+0100][gc,metaspace  ] GC(11) Metaspace: 40901K(43136K)->40901K(43136K) NonClass: 35464K(36608K)->35464K(36608K) Class: 5437K(6528K)->5437K(6528K)
[2024-12-11T19:09:15.638+0100][gc            ] GC(11) Pause Young (Normal) (G1 Evacuation Pause) 193M->144M(1024M) 4,295ms
[2024-12-11T19:09:15.638+0100][gc,cpu        ] GC(11) User=0,00s Sys=0,00s Real=0,01s
[2024-12-11T19:10:06.746+0100][gc,start      ] GC(12) Pause Young (Normal) (G1 Evacuation Pause)
[2024-12-11T19:10:06.747+0100][gc,task       ] GC(12) Using 4 workers of 4 for evacuation
[2024-12-11T19:10:06.750+0100][gc,phases     ] GC(12)   Pre Evacuate Collection Set: 0,0ms
[2024-12-11T19:10:06.750+0100][gc,phases     ] GC(12)   Evacuate Collection Set: 2,4ms
[2024-12-11T19:10:06.750+0100][gc,phases     ] GC(12)   Post Evacuate Collection Set: 0,6ms
[2024-12-11T19:10:06.750+0100][gc,phases     ] GC(12)   Other: 0,3ms
[2024-12-11T19:10:06.750+0100][gc,heap       ] GC(12) Eden regions: 60->0(75)
[2024-12-11T19:10:06.750+0100][gc,heap       ] GC(12) Survivor regions: 3->3(8)
[2024-12-11T19:10:06.750+0100][gc,heap       ] GC(12) Old regions: 15->15
[2024-12-11T19:10:06.750+0100][gc,heap       ] GC(12) Humongous regions: 129->129
[2024-12-11T19:10:06.750+0100][gc,metaspace  ] GC(12) Metaspace: 40902K(43136K)->40902K(43136K) NonClass: 35465K(36608K)->35465K(36608K) Class: 5437K(6528K)->5437K(6528K)
[2024-12-11T19:10:06.750+0100][gc            ] GC(12) Pause Young (Normal) (G1 Evacuation Pause) 204M->144M(1024M) 3,380ms
[2024-12-11T19:10:06.750+0100][gc,cpu        ] GC(12) User=0,00s Sys=0,00s Real=0,01s
[2024-12-11T19:12:12.132+0100][gc,start      ] GC(13) Pause Young (Normal) (G1 Evacuation Pause)
[2024-12-11T19:12:12.132+0100][gc,task       ] GC(13) Using 4 workers of 4 for evacuation
[2024-12-11T19:12:12.136+0100][gc,phases     ] GC(13)   Pre Evacuate Collection Set: 0,1ms
[2024-12-11T19:12:12.136+0100][gc,phases     ] GC(13)   Evacuate Collection Set: 3,1ms
[2024-12-11T19:12:12.136+0100][gc,phases     ] GC(13)   Post Evacuate Collection Set: 1,1ms
[2024-12-11T19:12:12.137+0100][gc,phases     ] GC(13)   Other: 0,3ms
[2024-12-11T19:12:12.137+0100][gc,heap       ] GC(13) Eden regions: 75->0(109)
[2024-12-11T19:12:12.137+0100][gc,heap       ] GC(13) Survivor regions: 3->3(10)
[2024-12-11T19:12:12.137+0100][gc,heap       ] GC(13) Old regions: 15->15
[2024-12-11T19:12:12.137+0100][gc,heap       ] GC(13) Humongous regions: 129->129
[2024-12-11T19:12:12.137+0100][gc,metaspace  ] GC(13) Metaspace: 40936K(43392K)->40936K(43392K) NonClass: 35499K(36864K)->35499K(36864K) Class: 5437K(6528K)->5437K(6528K)
[2024-12-11T19:12:12.137+0100][gc            ] GC(13) Pause Young (Normal) (G1 Evacuation Pause) 219M->144M(1024M) 4,979ms
[2024-12-11T19:12:12.137+0100][gc,cpu        ] GC(13) User=0,01s Sys=0,00s Real=0,00s
[2024-12-11T19:13:37.090+0100][gc,start      ] GC(14) Pause Young (Normal) (G1 Evacuation Pause)
[2024-12-11T19:13:37.091+0100][gc,task       ] GC(14) Using 4 workers of 4 for evacuation
[2024-12-11T19:13:37.096+0100][gc,phases     ] GC(14)   Pre Evacuate Collection Set: 0,1ms
[2024-12-11T19:13:37.096+0100][gc,phases     ] GC(14)   Evacuate Collection Set: 3,3ms
[2024-12-11T19:13:37.096+0100][gc,phases     ] GC(14)   Post Evacuate Collection Set: 1,4ms
[2024-12-11T19:13:37.096+0100][gc,phases     ] GC(14)   Other: 0,6ms
[2024-12-11T19:13:37.096+0100][gc,heap       ] GC(14) Eden regions: 109->0(134)
[2024-12-11T19:13:37.096+0100][gc,heap       ] GC(14) Survivor regions: 3->3(14)
[2024-12-11T19:13:37.096+0100][gc,heap       ] GC(14) Old regions: 15->15
[2024-12-11T19:13:37.096+0100][gc,heap       ] GC(14) Humongous regions: 129->129
[2024-12-11T19:13:37.096+0100][gc,metaspace  ] GC(14) Metaspace: 40944K(43392K)->40944K(43392K) NonClass: 35507K(36864K)->35507K(36864K) Class: 5437K(6528K)->5437K(6528K)
[2024-12-11T19:13:37.096+0100][gc            ] GC(14) Pause Young (Normal) (G1 Evacuation Pause) 253M->144M(1024M) 5,500ms
[2024-12-11T19:13:37.096+0100][gc,cpu        ] GC(14) User=0,01s Sys=0,01s Real=0,00s
[2024-12-11T19:15:19.632+0100][gc,start      ] GC(15) Pause Young (Normal) (G1 Evacuation Pause)
[2024-12-11T19:15:19.632+0100][gc,task       ] GC(15) Using 4 workers of 4 for evacuation
[2024-12-11T19:15:19.637+0100][gc,phases     ] GC(15)   Pre Evacuate Collection Set: 0,0ms
[2024-12-11T19:15:19.638+0100][gc,phases     ] GC(15)   Evacuate Collection Set: 3,3ms
[2024-12-11T19:15:19.638+0100][gc,phases     ] GC(15)   Post Evacuate Collection Set: 1,9ms
[2024-12-11T19:15:19.638+0100][gc,phases     ] GC(15)   Other: 0,5ms
[2024-12-11T19:15:19.638+0100][gc,heap       ] GC(15) Eden regions: 134->0(179)
[2024-12-11T19:15:19.638+0100][gc,heap       ] GC(15) Survivor regions: 3->3(18)
[2024-12-11T19:15:19.638+0100][gc,heap       ] GC(15) Old regions: 15->15
[2024-12-11T19:15:19.638+0100][gc,heap       ] GC(15) Humongous regions: 129->129
[2024-12-11T19:15:19.638+0100][gc,metaspace  ] GC(15) Metaspace: 40954K(43392K)->40954K(43392K) NonClass: 35517K(36864K)->35517K(36864K) Class: 5437K(6528K)->5437K(6528K)
[2024-12-11T19:15:19.638+0100][gc            ] GC(15) Pause Young (Normal) (G1 Evacuation Pause) 278M->144M(1024M) 5,877ms
[2024-12-11T19:15:19.638+0100][gc,cpu        ] GC(15) User=0,01s Sys=0,00s Real=0,01s
[2024-12-11T19:17:29.875+0100][gc,start      ] GC(16) Pause Young (Normal) (G1 Evacuation Pause)
[2024-12-11T19:17:29.875+0100][gc,task       ] GC(16) Using 4 workers of 4 for evacuation
[2024-12-11T19:17:29.880+0100][gc,phases     ] GC(16)   Pre Evacuate Collection Set: 0,1ms
[2024-12-11T19:17:29.881+0100][gc,phases     ] GC(16)   Evacuate Collection Set: 3,2ms
[2024-12-11T19:17:29.881+0100][gc,phases     ] GC(16)   Post Evacuate Collection Set: 2,0ms
[2024-12-11T19:17:29.881+0100][gc,phases     ] GC(16)   Other: 0,3ms
[2024-12-11T19:17:29.881+0100][gc,heap       ] GC(16) Eden regions: 179->0(218)
[2024-12-11T19:17:29.881+0100][gc,heap       ] GC(16) Survivor regions: 3->3(23)
[2024-12-11T19:17:29.881+0100][gc,heap       ] GC(16) Old regions: 15->15
[2024-12-11T19:17:29.881+0100][gc,heap       ] GC(16) Humongous regions: 129->129
[2024-12-11T19:17:29.881+0100][gc,metaspace  ] GC(16) Metaspace: 40995K(43392K)->40995K(43392K) NonClass: 35558K(36864K)->35558K(36864K) Class: 5437K(6528K)->5437K(6528K)
[2024-12-11T19:17:29.881+0100][gc            ] GC(16) Pause Young (Normal) (G1 Evacuation Pause) 323M->144M(1024M) 5,795ms
[2024-12-11T19:17:29.881+0100][gc,cpu        ] GC(16) User=0,01s Sys=0,00s Real=0,01s
[2024-12-11T19:20:20.461+0100][gc,start      ] GC(17) Pause Young (Normal) (G1 Evacuation Pause)
[2024-12-11T19:20:20.461+0100][gc,task       ] GC(17) Using 4 workers of 4 for evacuation
[2024-12-11T19:20:20.467+0100][gc,phases     ] GC(17)   Pre Evacuate Collection Set: 0,1ms
[2024-12-11T19:20:20.467+0100][gc,phases     ] GC(17)   Evacuate Collection Set: 3,1ms
[2024-12-11T19:20:20.467+0100][gc,phases     ] GC(17)   Post Evacuate Collection Set: 2,5ms
[2024-12-11T19:20:20.467+0100][gc,phases     ] GC(17)   Other: 0,7ms
[2024-12-11T19:20:20.467+0100][gc,heap       ] GC(17) Eden regions: 218->0(297)
[2024-12-11T19:20:20.467+0100][gc,heap       ] GC(17) Survivor regions: 3->3(28)
[2024-12-11T19:20:20.467+0100][gc,heap       ] GC(17) Old regions: 15->15
[2024-12-11T19:20:20.467+0100][gc,heap       ] GC(17) Humongous regions: 129->129
[2024-12-11T19:20:20.467+0100][gc,metaspace  ] GC(17) Metaspace: 41031K(43392K)->41031K(43392K) NonClass: 35594K(36864K)->35594K(36864K) Class: 5437K(6528K)->5437K(6528K)
[2024-12-11T19:20:20.467+0100][gc            ] GC(17) Pause Young (Normal) (G1 Evacuation Pause) 362M->144M(1024M) 6,603ms
[2024-12-11T19:20:20.467+0100][gc,cpu        ] GC(17) User=0,01s Sys=0,01s Real=0,00s
[2024-12-11T19:24:07.027+0100][gc,start      ] GC(18) Pause Young (Normal) (G1 Evacuation Pause)
[2024-12-11T19:24:07.027+0100][gc,task       ] GC(18) Using 4 workers of 4 for evacuation
[2024-12-11T19:24:07.036+0100][gc,phases     ] GC(18)   Pre Evacuate Collection Set: 0,2ms
[2024-12-11T19:24:07.036+0100][gc,phases     ] GC(18)   Evacuate Collection Set: 5,3ms
[2024-12-11T19:24:07.036+0100][gc,phases     ] GC(18)   Post Evacuate Collection Set: 3,7ms
[2024-12-11T19:24:07.036+0100][gc,phases     ] GC(18)   Other: 0,5ms
[2024-12-11T19:24:07.036+0100][gc,heap       ] GC(18) Eden regions: 297->0(345)
[2024-12-11T19:24:07.036+0100][gc,heap       ] GC(18) Survivor regions: 3->3(38)
[2024-12-11T19:24:07.036+0100][gc,heap       ] GC(18) Old regions: 15->15
[2024-12-11T19:24:07.036+0100][gc,heap       ] GC(18) Humongous regions: 129->129
[2024-12-11T19:24:07.036+0100][gc,metaspace  ] GC(18) Metaspace: 41043K(43392K)->41043K(43392K) NonClass: 35606K(36864K)->35606K(36864K) Class: 5437K(6528K)->5437K(6528K)
[2024-12-11T19:24:07.036+0100][gc            ] GC(18) Pause Young (Normal) (G1 Evacuation Pause) 441M->144M(1024M) 9,767ms
[2024-12-11T19:24:07.036+0100][gc,cpu        ] GC(18) User=0,01s Sys=0,01s Real=0,01s
[2024-12-11T19:29:10.804+0100][gc,start      ] GC(19) Pause Young (Normal) (G1 Evacuation Pause)
[2024-12-11T19:29:10.804+0100][gc,task       ] GC(19) Using 4 workers of 4 for evacuation
[2024-12-11T19:29:10.811+0100][gc,phases     ] GC(19)   Pre Evacuate Collection Set: 0,2ms
[2024-12-11T19:29:10.811+0100][gc,phases     ] GC(19)   Evacuate Collection Set: 3,9ms
[2024-12-11T19:29:10.811+0100][gc,phases     ] GC(19)   Post Evacuate Collection Set: 2,0ms
[2024-12-11T19:29:10.811+0100][gc,phases     ] GC(19)   Other: 0,5ms
[2024-12-11T19:29:10.811+0100][gc,heap       ] GC(19) Eden regions: 345->0(404)
[2024-12-11T19:29:10.811+0100][gc,heap       ] GC(19) Survivor regions: 3->3(44)
[2024-12-11T19:29:10.811+0100][gc,heap       ] GC(19) Old regions: 15->15
[2024-12-11T19:29:10.811+0100][gc,heap       ] GC(19) Humongous regions: 129->129
[2024-12-11T19:29:10.811+0100][gc,metaspace  ] GC(19) Metaspace: 41093K(43392K)->41093K(43392K) NonClass: 35656K(36864K)->35656K(36864K) Class: 5437K(6528K)->5437K(6528K)
[2024-12-11T19:29:10.811+0100][gc            ] GC(19) Pause Young (Normal) (G1 Evacuation Pause) 489M->144M(1024M) 6,630ms
[2024-12-11T19:29:10.811+0100][gc,cpu        ] GC(19) User=0,01s Sys=0,01s Real=0,01s
[2024-12-11T19:34:04.790+0100][gc,heap,exit  ] Heap
[2024-12-11T19:34:04.790+0100][gc,heap,exit  ]  garbage-first heap   total 1048576K, used 355645K [0x00000000c0000000, 0x0000000100000000)
[2024-12-11T19:34:04.790+0100][gc,heap,exit  ]   region size 1024K, 208 young (212992K), 3 survivors (3072K)
[2024-12-11T19:34:04.790+0100][gc,heap,exit  ]  Metaspace       used 41993K, capacity 44298K, committed 44544K, reserved 1087488K
[2024-12-11T19:34:04.790+0100][gc,heap,exit  ]   class space    used 5667K, capacity 6795K, committed 6912K, reserved 1048576K
