[2024-12-11T19:35:56.410+0100][gc,heap] Heap region size: 1M
[2024-12-11T19:35:56.416+0100][gc     ] Using G1
[2024-12-11T19:35:56.416+0100][gc,heap,coops] Heap address: 0x00000000e0000000, size: 512 MB, Compressed Oops mode: 32-bit
[2024-12-11T19:35:56.416+0100][gc,cds       ] Mark closed archive regions in map: [0x00000000fff00000, 0x00000000fff6aff8]
[2024-12-11T19:35:56.416+0100][gc,cds       ] Mark open archive regions in map: [0x00000000ffe00000, 0x00000000ffe47ff8]
[2024-12-11T19:35:56.991+0100][gc,start     ] GC(0) Pause Young (Normal) (G1 Evacuation Pause)
[2024-12-11T19:35:57.007+0100][gc,task      ] GC(0) Using 4 workers of 4 for evacuation
[2024-12-11T19:35:57.019+0100][gc,phases    ] GC(0)   Pre Evacuate Collection Set: 0,0ms
[2024-12-11T19:35:57.019+0100][gc,phases    ] GC(0)   Evacuate Collection Set: 10,3ms
[2024-12-11T19:35:57.019+0100][gc,phases    ] GC(0)   Post Evacuate Collection Set: 0,6ms
[2024-12-11T19:35:57.019+0100][gc,phases    ] GC(0)   Other: 16,5ms
[2024-12-11T19:35:57.019+0100][gc,heap      ] GC(0) Eden regions: 25->0(21)
[2024-12-11T19:35:57.019+0100][gc,heap      ] GC(0) Survivor regions: 0->4(4)
[2024-12-11T19:35:57.019+0100][gc,heap      ] GC(0) Old regions: 2->5
[2024-12-11T19:35:57.019+0100][gc,heap      ] GC(0) Humongous regions: 0->0
[2024-12-11T19:35:57.019+0100][gc,metaspace ] GC(0) Metaspace: 7370K(7936K)->7370K(7936K) NonClass: 6546K(6912K)->6546K(6912K) Class: 824K(1024K)->824K(1024K)
[2024-12-11T19:35:57.019+0100][gc           ] GC(0) Pause Young (Normal) (G1 Evacuation Pause) 25M->7M(512M) 27,647ms
[2024-12-11T19:35:57.019+0100][gc,cpu       ] GC(0) User=0,02s Sys=0,01s Real=0,03s
