[2024-12-03T17:49:31.302+0100][gc,heap] Heap region size: 1M
[2024-12-03T17:49:31.307+0100][gc     ] Using G1
[2024-12-03T17:49:31.307+0100][gc,heap,coops] Heap address: 0x00000000e0000000, size: 512 MB, Compressed Oops mode: 32-bit
[2024-12-03T17:49:31.308+0100][gc,cds       ] Mark closed archive regions in map: [0x00000000fff00000, 0x00000000fff6aff8]
[2024-12-03T17:49:31.308+0100][gc,cds       ] Mark open archive regions in map: [0x00000000ffe00000, 0x00000000ffe47ff8]
[2024-12-03T17:49:32.612+0100][gc,heap,exit ] Heap
[2024-12-03T17:49:32.612+0100][gc,heap,exit ]  garbage-first heap   total 524288K, used 24268K [0x00000000e0000000, 0x0000000100000000)
[2024-12-03T17:49:32.612+0100][gc,heap,exit ]   region size 1024K, 24 young (24576K), 0 survivors (0K)
[2024-12-03T17:49:32.612+0100][gc,heap,exit ]  Metaspace       used 7148K, capacity 7469K, committed 7680K, reserved 1056768K
[2024-12-03T17:49:32.612+0100][gc,heap,exit ]   class space    used 809K, capacity 922K, committed 1024K, reserved 1048576K
