[2024-12-03T15:37:25.120+0100][gc,heap] Heap region size: 1M
[2024-12-03T15:37:25.128+0100][gc     ] Using G1
[2024-12-03T15:37:25.129+0100][gc,heap,coops] Heap address: 0x00000000e0000000, size: 512 MB, Compressed Oops mode: 32-bit
[2024-12-03T15:37:25.129+0100][gc,cds       ] Mark closed archive regions in map: [0x00000000fff00000, 0x00000000fff6aff8]
[2024-12-03T15:37:25.129+0100][gc,cds       ] Mark open archive regions in map: [0x00000000ffe00000, 0x00000000ffe47ff8]
[2024-12-03T15:37:28.230+0100][gc,start     ] GC(0) Pause Young (Normal) (G1 Evacuation Pause)
[2024-12-03T15:37:28.230+0100][gc,task      ] GC(0) Using 2 workers of 2 for evacuation
[2024-12-03T15:37:28.281+0100][gc,mmu       ] GC(0) MMU target violated: 21,0ms (20,0ms/21,0ms)
[2024-12-03T15:37:28.281+0100][gc,phases    ] GC(0)   Pre Evacuate Collection Set: 0,0ms
[2024-12-03T15:37:28.281+0100][gc,phases    ] GC(0)   Evacuate Collection Set: 47,9ms
[2024-12-03T15:37:28.281+0100][gc,phases    ] GC(0)   Post Evacuate Collection Set: 2,4ms
[2024-12-03T15:37:28.281+0100][gc,phases    ] GC(0)   Other: 0,6ms
[2024-12-03T15:37:28.281+0100][gc,heap      ] GC(0) Eden regions: 25->0(21)
[2024-12-03T15:37:28.281+0100][gc,heap      ] GC(0) Survivor regions: 0->4(4)
[2024-12-03T15:37:28.281+0100][gc,heap      ] GC(0) Old regions: 2->5
[2024-12-03T15:37:28.281+0100][gc,heap      ] GC(0) Humongous regions: 0->0
[2024-12-03T15:37:28.281+0100][gc,metaspace ] GC(0) Metaspace: 7403K(7936K)->7403K(7936K) NonClass: 6573K(6912K)->6573K(6912K) Class: 830K(1024K)->830K(1024K)
[2024-12-03T15:37:28.281+0100][gc           ] GC(0) Pause Young (Normal) (G1 Evacuation Pause) 25M->7M(512M) 51,008ms
[2024-12-03T15:37:28.281+0100][gc,cpu       ] GC(0) User=0,01s Sys=0,02s Real=0,05s
[2024-12-03T18:16:42.208+0100][gc,start     ] GC(1) Pause Young (Normal) (G1 Evacuation Pause)
[2024-12-03T18:16:42.213+0100][gc,task      ] GC(1) Using 2 workers of 2 for evacuation
[2024-12-03T18:16:43.156+0100][gc,mmu       ] GC(1) MMU target violated: 21,0ms (20,0ms/21,0ms)
[2024-12-03T18:16:43.156+0100][gc,phases    ] GC(1)   Pre Evacuate Collection Set: 267,7ms
[2024-12-03T18:16:43.156+0100][gc,phases    ] GC(1)   Evacuate Collection Set: 662,1ms
[2024-12-03T18:16:43.156+0100][gc,phases    ] GC(1)   Post Evacuate Collection Set: 6,6ms
[2024-12-03T18:16:43.156+0100][gc,phases    ] GC(1)   Other: 15,0ms
[2024-12-03T18:16:43.156+0100][gc,heap      ] GC(1) Eden regions: 21->0(24)
[2024-12-03T18:16:43.156+0100][gc,heap      ] GC(1) Survivor regions: 4->1(4)
[2024-12-03T18:16:43.156+0100][gc,heap      ] GC(1) Old regions: 5->9
[2024-12-03T18:16:43.156+0100][gc,heap      ] GC(1) Humongous regions: 0->0
[2024-12-03T18:16:43.156+0100][gc,metaspace ] GC(1) Metaspace: 9225K(9856K)->9225K(9856K) NonClass: 8254K(8704K)->8254K(8704K) Class: 971K(1152K)->971K(1152K)
[2024-12-03T18:16:43.156+0100][gc           ] GC(1) Pause Young (Normal) (G1 Evacuation Pause) 28M->8M(512M) 948,543ms
[2024-12-03T18:16:43.156+0100][gc,cpu       ] GC(1) User=0,00s Sys=0,25s Real=0,95s
[2024-12-03T18:32:48.410+0100][gc,heap,exit ] Heap
[2024-12-03T18:32:48.411+0100][gc,heap,exit ]  garbage-first heap   total 524288K, used 10655K [0x00000000e0000000, 0x0000000100000000)
[2024-12-03T18:32:48.411+0100][gc,heap,exit ]   region size 1024K, 4 young (4096K), 1 survivors (1024K)
[2024-12-03T18:32:48.411+0100][gc,heap,exit ]  Metaspace       used 9229K, capacity 9562K, committed 9856K, reserved 1058816K
[2024-12-03T18:32:48.411+0100][gc,heap,exit ]   class space    used 971K, capacity 1088K, committed 1152K, reserved 1048576K
