[2024-12-11T18:57:02.994+0100][gc,heap] Heap region size: 1M
[2024-12-11T18:57:02.999+0100][gc     ] Using G1
[2024-12-11T18:57:02.999+0100][gc,heap,coops] Heap address: 0x00000000e0000000, size: 512 MB, Compressed Oops mode: 32-bit
[2024-12-11T18:57:02.999+0100][gc,cds       ] Mark closed archive regions in map: [0x00000000fff00000, 0x00000000fff6aff8]
[2024-12-11T18:57:02.999+0100][gc,cds       ] Mark open archive regions in map: [0x00000000ffe00000, 0x00000000ffe47ff8]
[2024-12-11T18:57:03.751+0100][gc,start     ] GC(0) Pause Young (Normal) (G1 Evacuation Pause)
[2024-12-11T18:57:03.753+0100][gc,task      ] GC(0) Using 4 workers of 4 for evacuation
[2024-12-11T18:57:03.758+0100][gc,phases    ] GC(0)   Pre Evacuate Collection Set: 0,1ms
[2024-12-11T18:57:03.758+0100][gc,phases    ] GC(0)   Evacuate Collection Set: 4,1ms
[2024-12-11T18:57:03.758+0100][gc,phases    ] GC(0)   Post Evacuate Collection Set: 0,5ms
[2024-12-11T18:57:03.758+0100][gc,phases    ] GC(0)   Other: 1,7ms
[2024-12-11T18:57:03.758+0100][gc,heap      ] GC(0) Eden regions: 25->0(21)
[2024-12-11T18:57:03.758+0100][gc,heap      ] GC(0) Survivor regions: 0->4(4)
[2024-12-11T18:57:03.758+0100][gc,heap      ] GC(0) Old regions: 2->5
[2024-12-11T18:57:03.758+0100][gc,heap      ] GC(0) Humongous regions: 0->0
[2024-12-11T18:57:03.758+0100][gc,metaspace ] GC(0) Metaspace: 7379K(7936K)->7379K(7936K) NonClass: 6555K(6912K)->6555K(6912K) Class: 823K(1024K)->823K(1024K)
[2024-12-11T18:57:03.758+0100][gc           ] GC(0) Pause Young (Normal) (G1 Evacuation Pause) 25M->7M(512M) 6,586ms
[2024-12-11T18:57:03.758+0100][gc,cpu       ] GC(0) User=0,01s Sys=0,00s Real=0,01s
[2024-12-11T19:34:00.630+0100][gc,heap,exit ] Heap
[2024-12-11T19:34:00.630+0100][gc,heap,exit ]  garbage-first heap   total 524288K, used 18053K [0x00000000e0000000, 0x0000000100000000)
[2024-12-11T19:34:00.630+0100][gc,heap,exit ]   region size 1024K, 15 young (15360K), 4 survivors (4096K)
[2024-12-11T19:34:00.630+0100][gc,heap,exit ]  Metaspace       used 9008K, capacity 9401K, committed 9600K, reserved 1058816K
[2024-12-11T19:34:00.630+0100][gc,heap,exit ]   class space    used 973K, capacity 1120K, committed 1152K, reserved 1048576K
