[2024-12-11T16:03:38.073+0100][gc,heap] Heap region size: 1M
[2024-12-11T16:03:38.079+0100][gc     ] Using G1
[2024-12-11T16:03:38.079+0100][gc,heap,coops] Heap address: 0x00000000e0000000, size: 512 MB, Compressed Oops mode: 32-bit
[2024-12-11T16:03:38.080+0100][gc,cds       ] Mark closed archive regions in map: [0x00000000fff00000, 0x00000000fff6aff8]
[2024-12-11T16:03:38.080+0100][gc,cds       ] Mark open archive regions in map: [0x00000000ffe00000, 0x00000000ffe47ff8]
[2024-12-11T16:03:40.230+0100][gc,start     ] GC(0) Pause Young (Normal) (G1 Evacuation Pause)
[2024-12-11T16:03:40.232+0100][gc,task      ] GC(0) Using 4 workers of 4 for evacuation
[2024-12-11T16:03:40.276+0100][gc,mmu       ] GC(0) MMU target violated: 21,0ms (20,0ms/21,0ms)
[2024-12-11T16:03:40.276+0100][gc,phases    ] GC(0)   Pre Evacuate Collection Set: 0,0ms
[2024-12-11T16:03:40.276+0100][gc,phases    ] GC(0)   Evacuate Collection Set: 32,5ms
[2024-12-11T16:03:40.276+0100][gc,phases    ] GC(0)   Post Evacuate Collection Set: 11,3ms
[2024-12-11T16:03:40.276+0100][gc,phases    ] GC(0)   Other: 2,3ms
[2024-12-11T16:03:40.276+0100][gc,heap      ] GC(0) Eden regions: 25->0(21)
[2024-12-11T16:03:40.276+0100][gc,heap      ] GC(0) Survivor regions: 0->4(4)
[2024-12-11T16:03:40.276+0100][gc,heap      ] GC(0) Old regions: 2->5
[2024-12-11T16:03:40.276+0100][gc,heap      ] GC(0) Humongous regions: 0->0
[2024-12-11T16:03:40.276+0100][gc,metaspace ] GC(0) Metaspace: 7484K(7936K)->7484K(7936K) NonClass: 6653K(6912K)->6653K(6912K) Class: 830K(1024K)->830K(1024K)
[2024-12-11T16:03:40.276+0100][gc           ] GC(0) Pause Young (Normal) (G1 Evacuation Pause) 25M->7M(512M) 46,140ms
[2024-12-11T16:03:40.276+0100][gc,cpu       ] GC(0) User=0,04s Sys=0,03s Real=0,04s
